[2023-11-29T14:11:29.304+0000][72][gc,init] CardTable entry size: 512
[2023-11-29T14:11:29.305+0000][72][gc     ] Using G1
[2023-11-29T14:11:29.522+0000][72][gc,init] Version: 18.0.2.1+1-1 (release)
[2023-11-29T14:11:29.522+0000][72][gc,init] CPUs: 8 total, 8 available
[2023-11-29T14:11:29.522+0000][72][gc,init] Memory: 23854M
[2023-11-29T14:11:29.522+0000][72][gc,init] Large Page Support: Disabled
[2023-11-29T14:11:29.522+0000][72][gc,init] NUMA Support: Disabled
[2023-11-29T14:11:29.522+0000][72][gc,init] Compressed Oops: Enabled (32-bit)
[2023-11-29T14:11:29.522+0000][72][gc,init] Heap Region Size: 4M
[2023-11-29T14:11:29.522+0000][72][gc,init] Heap Min Capacity: 512M
[2023-11-29T14:11:29.522+0000][72][gc,init] Heap Initial Capacity: 512M
[2023-11-29T14:11:29.522+0000][72][gc,init] Heap Max Capacity: 512M
[2023-11-29T14:11:29.522+0000][72][gc,init] Pre-touch: Enabled
[2023-11-29T14:11:29.522+0000][72][gc,init] Parallel Workers: 8
[2023-11-29T14:11:29.522+0000][72][gc,init] Concurrent Workers: 2
[2023-11-29T14:11:29.522+0000][72][gc,init] Concurrent Refinement Workers: 8
[2023-11-29T14:11:29.522+0000][72][gc,init] Periodic GC: Disabled
[2023-11-29T14:11:29.522+0000][72][gc,metaspace] CDS archive(s) mapped at: [0x0000000800000000-0x0000000800bae000-0x0000000800bae000), size 12247040, SharedBaseAddress: 0x0000000800000000, ArchiveRelocationMode: 0.
[2023-11-29T14:11:29.522+0000][72][gc,metaspace] Compressed class space mapped at: 0x0000000800c00000-0x0000000840c00000, reserved size: 1073741824
[2023-11-29T14:11:29.522+0000][72][gc,metaspace] Narrow klass base: 0x0000000800000000, Narrow klass shift: 0, Narrow klass range: 0x100000000
[2023-11-29T14:11:29.834+0000][72][safepoint   ] Safepoint "ICBufferFull", Time since last: 296127386 ns, Reaching safepoint: 74030 ns, At safepoint: 2151 ns, Total: 76181 ns
[2023-11-29T14:11:29.900+0000][72][gc,start    ] GC(0) Pause Young (Normal) (G1 Evacuation Pause)
[2023-11-29T14:11:29.901+0000][72][gc,task     ] GC(0) Using 8 workers of 8 for evacuation
[2023-11-29T14:11:29.901+0000][72][gc,age      ] GC(0) Desired survivor size 2097152 bytes, new threshold 15 (max threshold 15)
[2023-11-29T14:11:29.903+0000][72][gc,phases   ] GC(0)   Pre Evacuate Collection Set: 0.0ms
[2023-11-29T14:11:29.903+0000][72][gc,phases   ] GC(0)   Merge Heap Roots: 0.0ms
[2023-11-29T14:11:29.903+0000][72][gc,phases   ] GC(0)   Evacuate Collection Set: 1.9ms
[2023-11-29T14:11:29.903+0000][72][gc,phases   ] GC(0)   Post Evacuate Collection Set: 0.2ms
[2023-11-29T14:11:29.903+0000][72][gc,phases   ] GC(0)   Other: 0.1ms
[2023-11-29T14:11:29.903+0000][72][gc,age      ] GC(0) Age table with threshold 15 (max threshold 15)
[2023-11-29T14:11:29.903+0000][72][gc,age      ] GC(0) - age   1:    3191240 bytes,    3191240 total
[2023-11-29T14:11:29.903+0000][72][gc,heap     ] GC(0) Eden regions: 6->0(13)
[2023-11-29T14:11:29.903+0000][72][gc,heap     ] GC(0) Survivor regions: 0->1(1)
[2023-11-29T14:11:29.903+0000][72][gc,heap     ] GC(0) Old regions: 0->0
[2023-11-29T14:11:29.903+0000][72][gc,heap     ] GC(0) Archive regions: 2->2
[2023-11-29T14:11:29.903+0000][72][gc,heap     ] GC(0) Humongous regions: 0->0
[2023-11-29T14:11:29.903+0000][72][gc,metaspace] GC(0) Metaspace: 3381K(3584K)->3381K(3584K) NonClass: 3040K(3136K)->3040K(3136K) Class: 340K(448K)->340K(448K)
[2023-11-29T14:11:29.903+0000][72][gc          ] GC(0) Pause Young (Normal) (G1 Evacuation Pause) 27M->7M(512M) 2.476ms
[2023-11-29T14:11:29.903+0000][72][gc,cpu      ] GC(0) User=0.01s Sys=0.01s Real=0.00s
[2023-11-29T14:11:29.903+0000][72][safepoint   ] Safepoint "G1CollectForAllocation", Time since last: 66887367 ns, Reaching safepoint: 40810 ns, At safepoint: 2508710 ns, Total: 2549520 ns
[2023-11-29T14:11:30.222+0000][72][safepoint   ] Safepoint "ICBufferFull", Time since last: 319028179 ns, Reaching safepoint: 103511 ns, At safepoint: 3494 ns, Total: 107005 ns
[2023-11-29T14:11:30.557+0000][72][safepoint   ] Safepoint "ICBufferFull", Time since last: 334564983 ns, Reaching safepoint: 165636 ns, At safepoint: 3856 ns, Total: 169492 ns
[2023-11-29T14:11:30.923+0000][72][gc,start    ] GC(1) Pause Young (Normal) (G1 Evacuation Pause)
[2023-11-29T14:11:30.923+0000][72][gc,task     ] GC(1) Using 8 workers of 8 for evacuation
[2023-11-29T14:11:30.923+0000][72][gc,age      ] GC(1) Desired survivor size 4194304 bytes, new threshold 15 (max threshold 15)
[2023-11-29T14:11:30.927+0000][72][gc,phases   ] GC(1)   Pre Evacuate Collection Set: 0.0ms
[2023-11-29T14:11:30.927+0000][72][gc,phases   ] GC(1)   Merge Heap Roots: 0.0ms
[2023-11-29T14:11:30.927+0000][72][gc,phases   ] GC(1)   Evacuate Collection Set: 3.2ms
[2023-11-29T14:11:30.927+0000][72][gc,phases   ] GC(1)   Post Evacuate Collection Set: 0.6ms
[2023-11-29T14:11:30.927+0000][72][gc,phases   ] GC(1)   Other: 0.1ms
[2023-11-29T14:11:30.927+0000][72][gc,age      ] GC(1) Age table with threshold 15 (max threshold 15)
[2023-11-29T14:11:30.927+0000][72][gc,age      ] GC(1) - age   1:    4487752 bytes,    4487752 total
[2023-11-29T14:11:30.927+0000][72][gc,age      ] GC(1) - age   2:    3149400 bytes,    7637152 total
[2023-11-29T14:11:30.927+0000][72][gc,heap     ] GC(1) Eden regions: 13->0(23)
[2023-11-29T14:11:30.927+0000][72][gc,heap     ] GC(1) Survivor regions: 1->2(2)
[2023-11-29T14:11:30.927+0000][72][gc,heap     ] GC(1) Old regions: 0->1
[2023-11-29T14:11:30.927+0000][72][gc,heap     ] GC(1) Archive regions: 2->2
[2023-11-29T14:11:30.927+0000][72][gc,heap     ] GC(1) Humongous regions: 0->0
[2023-11-29T14:11:30.927+0000][72][gc,metaspace] GC(1) Metaspace: 14871K(15232K)->14871K(15232K) NonClass: 13137K(13312K)->13137K(13312K) Class: 1733K(1920K)->1733K(1920K)
[2023-11-29T14:11:30.927+0000][72][gc          ] GC(1) Pause Young (Normal) (G1 Evacuation Pause) 59M->12M(512M) 4.116ms
[2023-11-29T14:11:30.927+0000][72][gc,cpu      ] GC(1) User=0.03s Sys=0.00s Real=0.01s
[2023-11-29T14:11:30.927+0000][72][safepoint   ] Safepoint "G1CollectForAllocation", Time since last: 366330094 ns, Reaching safepoint: 116082 ns, At safepoint: 4151862 ns, Total: 4267944 ns
[2023-11-29T14:11:31.484+0000][72][safepoint   ] Safepoint "ICBufferFull", Time since last: 556847598 ns, Reaching safepoint: 175402 ns, At safepoint: 3757 ns, Total: 179159 ns
[2023-11-29T14:11:31.533+0000][72][gc,start    ] GC(2) Pause Young (Normal) (G1 Evacuation Pause)
[2023-11-29T14:11:31.533+0000][72][gc,task     ] GC(2) Using 8 workers of 8 for evacuation
[2023-11-29T14:11:31.533+0000][72][gc,age      ] GC(2) Desired survivor size 8388608 bytes, new threshold 15 (max threshold 15)
[2023-11-29T14:11:31.539+0000][72][gc,phases   ] GC(2)   Pre Evacuate Collection Set: 0.0ms
[2023-11-29T14:11:31.539+0000][72][gc,phases   ] GC(2)   Merge Heap Roots: 0.0ms
[2023-11-29T14:11:31.539+0000][72][gc,phases   ] GC(2)   Evacuate Collection Set: 5.2ms
[2023-11-29T14:11:31.539+0000][72][gc,phases   ] GC(2)   Post Evacuate Collection Set: 0.7ms
[2023-11-29T14:11:31.539+0000][72][gc,phases   ] GC(2)   Other: 0.1ms
[2023-11-29T14:11:31.539+0000][72][gc,age      ] GC(2) Age table with threshold 15 (max threshold 15)
[2023-11-29T14:11:31.539+0000][72][gc,age      ] GC(2) - age   1:    4300608 bytes,    4300608 total
[2023-11-29T14:11:31.539+0000][72][gc,age      ] GC(2) - age   2:    4013304 bytes,    8313912 total
[2023-11-29T14:11:31.539+0000][72][gc,age      ] GC(2) - age   3:    3147544 bytes,   11461456 total
[2023-11-29T14:11:31.539+0000][72][gc,heap     ] GC(2) Eden regions: 23->0(73)
[2023-11-29T14:11:31.539+0000][72][gc,heap     ] GC(2) Survivor regions: 2->3(4)
[2023-11-29T14:11:31.539+0000][72][gc,heap     ] GC(2) Old regions: 1->1
[2023-11-29T14:11:31.539+0000][72][gc,heap     ] GC(2) Archive regions: 2->2
[2023-11-29T14:11:31.539+0000][72][gc,heap     ] GC(2) Humongous regions: 0->0
[2023-11-29T14:11:31.539+0000][72][gc,metaspace] GC(2) Metaspace: 17060K(17472K)->17060K(17472K) NonClass: 15114K(15360K)->15114K(15360K) Class: 1946K(2112K)->1946K(2112K)
[2023-11-29T14:11:31.539+0000][72][gc          ] GC(2) Pause Young (Normal) (G1 Evacuation Pause) 104M->15M(512M) 6.222ms
[2023-11-29T14:11:31.539+0000][72][gc,cpu      ] GC(2) User=0.03s Sys=0.00s Real=0.01s
[2023-11-29T14:11:31.539+0000][72][safepoint   ] Safepoint "G1CollectForAllocation", Time since last: 48328489 ns, Reaching safepoint: 53466 ns, At safepoint: 6255481 ns, Total: 6308947 ns
[2023-11-29T14:11:31.822+0000][72][gc,start    ] GC(3) Pause Young (Concurrent Start) (Metadata GC Threshold)
[2023-11-29T14:11:31.822+0000][72][gc,task     ] GC(3) Using 8 workers of 8 for evacuation
[2023-11-29T14:11:31.822+0000][72][gc,age      ] GC(3) Desired survivor size 20971520 bytes, new threshold 15 (max threshold 15)
[2023-11-29T14:11:31.827+0000][72][gc,phases   ] GC(3)   Pre Evacuate Collection Set: 0.1ms
[2023-11-29T14:11:31.827+0000][72][gc,phases   ] GC(3)   Merge Heap Roots: 0.0ms
[2023-11-29T14:11:31.827+0000][72][gc,phases   ] GC(3)   Evacuate Collection Set: 3.8ms
[2023-11-29T14:11:31.827+0000][72][gc,phases   ] GC(3)   Post Evacuate Collection Set: 0.5ms
[2023-11-29T14:11:31.827+0000][72][gc,phases   ] GC(3)   Other: 0.1ms
[2023-11-29T14:11:31.827+0000][72][gc,age      ] GC(3) Age table with threshold 15 (max threshold 15)
[2023-11-29T14:11:31.827+0000][72][gc,age      ] GC(3) - age   1:    2182432 bytes,    2182432 total
[2023-11-29T14:11:31.827+0000][72][gc,age      ] GC(3) - age   2:    1573672 bytes,    3756104 total
[2023-11-29T14:11:31.827+0000][72][gc,age      ] GC(3) - age   3:    4009456 bytes,    7765560 total
[2023-11-29T14:11:31.827+0000][72][gc,age      ] GC(3) - age   4:    3147256 bytes,   10912816 total
[2023-11-29T14:11:31.827+0000][72][gc,heap     ] GC(3) Eden regions: 18->0(73)
[2023-11-29T14:11:31.827+0000][72][gc,heap     ] GC(3) Survivor regions: 3->3(10)
[2023-11-29T14:11:31.827+0000][72][gc,heap     ] GC(3) Old regions: 1->1
[2023-11-29T14:11:31.827+0000][72][gc,heap     ] GC(3) Archive regions: 2->2
[2023-11-29T14:11:31.827+0000][72][gc,heap     ] GC(3) Humongous regions: 0->0
[2023-11-29T14:11:31.827+0000][72][gc,metaspace] GC(3) Metaspace: 21102K(21504K)->21102K(21504K) NonClass: 18760K(19008K)->18760K(19008K) Class: 2342K(2496K)->2342K(2496K)
[2023-11-29T14:11:31.827+0000][72][gc          ] GC(3) Pause Young (Concurrent Start) (Metadata GC Threshold) 85M->15M(512M) 4.756ms
[2023-11-29T14:11:31.827+0000][72][gc,cpu      ] GC(3) User=0.02s Sys=0.00s Real=0.01s
[2023-11-29T14:11:31.827+0000][72][gc          ] GC(4) Concurrent Mark Cycle
[2023-11-29T14:11:31.827+0000][72][gc,marking  ] GC(4) Concurrent Clear Claimed Marks
[2023-11-29T14:11:31.827+0000][72][safepoint   ] Safepoint "CollectForMetadataAllocation", Time since last: 282706673 ns, Reaching safepoint: 142756 ns, At safepoint: 4846425 ns, Total: 4989181 ns
[2023-11-29T14:11:31.827+0000][72][gc,marking  ] GC(4) Concurrent Clear Claimed Marks 0.032ms
[2023-11-29T14:11:31.827+0000][72][gc,marking  ] GC(4) Concurrent Scan Root Regions
[2023-11-29T14:11:31.830+0000][72][gc,marking  ] GC(4) Concurrent Scan Root Regions 3.269ms
[2023-11-29T14:11:31.830+0000][72][gc,marking  ] GC(4) Concurrent Mark
[2023-11-29T14:11:31.830+0000][72][gc,marking  ] GC(4) Concurrent Mark From Roots
[2023-11-29T14:11:31.830+0000][72][gc,task     ] GC(4) Using 2 workers of 2 for marking
[2023-11-29T14:11:31.831+0000][72][gc,marking  ] GC(4) Concurrent Mark From Roots 1.342ms
[2023-11-29T14:11:31.831+0000][72][gc,marking  ] GC(4) Concurrent Preclean
[2023-11-29T14:11:31.831+0000][72][gc,marking  ] GC(4) Concurrent Preclean 0.011ms
[2023-11-29T14:11:31.832+0000][72][gc,start    ] GC(4) Pause Remark
[2023-11-29T14:11:31.834+0000][72][gc          ] GC(4) Pause Remark 17M->17M(512M) 2.249ms
[2023-11-29T14:11:31.834+0000][72][gc,cpu      ] GC(4) User=0.01s Sys=0.00s Real=0.00s
[2023-11-29T14:11:31.834+0000][72][safepoint   ] Safepoint "G1Concurrent", Time since last: 4754874 ns, Reaching safepoint: 96931 ns, At safepoint: 2307805 ns, Total: 2404736 ns
[2023-11-29T14:11:31.834+0000][72][gc,marking  ] GC(4) Concurrent Mark 3.849ms
[2023-11-29T14:11:31.834+0000][72][gc,marking  ] GC(4) Concurrent Rebuild Remembered Sets
[2023-11-29T14:11:31.834+0000][72][gc,marking  ] GC(4) Concurrent Rebuild Remembered Sets 0.009ms
[2023-11-29T14:11:31.834+0000][72][gc,start    ] GC(4) Pause Cleanup
[2023-11-29T14:11:31.834+0000][72][gc          ] GC(4) Pause Cleanup 17M->17M(512M) 0.015ms
[2023-11-29T14:11:31.834+0000][72][gc,cpu      ] GC(4) User=0.00s Sys=0.00s Real=0.00s
[2023-11-29T14:11:31.834+0000][72][safepoint   ] Safepoint "G1Concurrent", Time since last: 68359 ns, Reaching safepoint: 82917 ns, At safepoint: 43285 ns, Total: 126202 ns
[2023-11-29T14:11:31.834+0000][72][gc,marking  ] GC(4) Concurrent Cleanup for Next Mark
[2023-11-29T14:11:31.834+0000][72][gc,marking  ] GC(4) Concurrent Cleanup for Next Mark 0.342ms
[2023-11-29T14:11:31.835+0000][72][gc          ] GC(4) Concurrent Mark Cycle 7.815ms
[2023-11-29T14:11:32.453+0000][72][safepoint   ] Safepoint "ICBufferFull", Time since last: 618480389 ns, Reaching safepoint: 120899 ns, At safepoint: 2631 ns, Total: 123530 ns
[2023-11-29T14:11:32.459+0000][72][gc,start    ] GC(5) Pause Young (Normal) (G1 Evacuation Pause)
[2023-11-29T14:11:32.459+0000][72][gc,task     ] GC(5) Using 8 workers of 8 for evacuation
[2023-11-29T14:11:32.459+0000][72][gc,age      ] GC(5) Desired survivor size 20971520 bytes, new threshold 15 (max threshold 15)
[2023-11-29T14:11:32.469+0000][72][gc,phases   ] GC(5)   Pre Evacuate Collection Set: 0.0ms
[2023-11-29T14:11:32.469+0000][72][gc,phases   ] GC(5)   Merge Heap Roots: 0.0ms
[2023-11-29T14:11:32.469+0000][72][gc,phases   ] GC(5)   Evacuate Collection Set: 8.4ms
[2023-11-29T14:11:32.469+0000][72][gc,phases   ] GC(5)   Post Evacuate Collection Set: 0.9ms
[2023-11-29T14:11:32.469+0000][72][gc,phases   ] GC(5)   Other: 0.1ms
[2023-11-29T14:11:32.469+0000][72][gc,age      ] GC(5) Age table with threshold 15 (max threshold 15)
[2023-11-29T14:11:32.469+0000][72][gc,age      ] GC(5) - age   1:    6892616 bytes,    6892616 total
[2023-11-29T14:11:32.469+0000][72][gc,age      ] GC(5) - age   2:    2155080 bytes,    9047696 total
[2023-11-29T14:11:32.469+0000][72][gc,age      ] GC(5) - age   3:    1571888 bytes,   10619584 total
[2023-11-29T14:11:32.469+0000][72][gc,age      ] GC(5) - age   4:    4006976 bytes,   14626560 total
[2023-11-29T14:11:32.469+0000][72][gc,age      ] GC(5) - age   5:    3146712 bytes,   17773272 total
[2023-11-29T14:11:32.469+0000][72][gc,heap     ] GC(5) Eden regions: 73->0(71)
[2023-11-29T14:11:32.469+0000][72][gc,heap     ] GC(5) Survivor regions: 3->5(10)
[2023-11-29T14:11:32.469+0000][72][gc,heap     ] GC(5) Old regions: 0->0
[2023-11-29T14:11:32.469+0000][72][gc,heap     ] GC(5) Archive regions: 2->2
[2023-11-29T14:11:32.469+0000][72][gc,heap     ] GC(5) Humongous regions: 0->0
[2023-11-29T14:11:32.469+0000][72][gc,metaspace] GC(5) Metaspace: 24876K(25408K)->24876K(25408K) NonClass: 21999K(22272K)->21999K(22272K) Class: 2877K(3136K)->2877K(3136K)
[2023-11-29T14:11:32.469+0000][72][gc          ] GC(5) Pause Young (Normal) (G1 Evacuation Pause) 307M->21M(512M) 9.575ms
[2023-11-29T14:11:32.469+0000][72][gc,cpu      ] GC(5) User=0.04s Sys=0.00s Real=0.01s
[2023-11-29T14:11:32.469+0000][72][safepoint   ] Safepoint "G1CollectForAllocation", Time since last: 6486733 ns, Reaching safepoint: 81066 ns, At safepoint: 9611291 ns, Total: 9692357 ns
[2023-11-29T14:11:33.120+0000][72][gc,start    ] GC(6) Pause Young (Normal) (G1 Evacuation Pause)
[2023-11-29T14:11:33.120+0000][72][gc,task     ] GC(6) Using 8 workers of 8 for evacuation
[2023-11-29T14:11:33.120+0000][72][gc,age      ] GC(6) Desired survivor size 20971520 bytes, new threshold 15 (max threshold 15)
[2023-11-29T14:11:33.130+0000][72][gc,phases   ] GC(6)   Pre Evacuate Collection Set: 0.1ms
[2023-11-29T14:11:33.130+0000][72][gc,phases   ] GC(6)   Merge Heap Roots: 0.0ms
[2023-11-29T14:11:33.130+0000][72][gc,phases   ] GC(6)   Evacuate Collection Set: 9.0ms
[2023-11-29T14:11:33.130+0000][72][gc,phases   ] GC(6)   Post Evacuate Collection Set: 1.0ms
[2023-11-29T14:11:33.130+0000][72][gc,phases   ] GC(6)   Other: 0.1ms
[2023-11-29T14:11:33.130+0000][72][gc,age      ] GC(6) Age table with threshold 15 (max threshold 15)
[2023-11-29T14:11:33.130+0000][72][gc,age      ] GC(6) - age   1:    5556136 bytes,    5556136 total
[2023-11-29T14:11:33.130+0000][72][gc,age      ] GC(6) - age   2:    6603744 bytes,   12159880 total
[2023-11-29T14:11:33.130+0000][72][gc,age      ] GC(6) - age   3:    2151960 bytes,   14311840 total
[2023-11-29T14:11:33.130+0000][72][gc,age      ] GC(6) - age   4:    1549864 bytes,   15861704 total
[2023-11-29T14:11:33.130+0000][72][gc,age      ] GC(6) - age   5:    3998088 bytes,   19859792 total
[2023-11-29T14:11:33.130+0000][72][gc,age      ] GC(6) - age   6:    3145712 bytes,   23005504 total
[2023-11-29T14:11:33.130+0000][72][gc,heap     ] GC(6) Eden regions: 71->0(70)
[2023-11-29T14:11:33.130+0000][72][gc,heap     ] GC(6) Survivor regions: 5->6(10)
[2023-11-29T14:11:33.130+0000][72][gc,heap     ] GC(6) Old regions: 0->0
[2023-11-29T14:11:33.130+0000][72][gc,heap     ] GC(6) Archive regions: 2->2
[2023-11-29T14:11:33.130+0000][72][gc,heap     ] GC(6) Humongous regions: 0->0
[2023-11-29T14:11:33.130+0000][72][gc,metaspace] GC(6) Metaspace: 31123K(31808K)->31123K(31808K) NonClass: 27545K(27968K)->27545K(27968K) Class: 3578K(3840K)->3578K(3840K)
[2023-11-29T14:11:33.130+0000][72][gc          ] GC(6) Pause Young (Normal) (G1 Evacuation Pause) 305M->27M(512M) 10.368ms
[2023-11-29T14:11:33.130+0000][72][gc,cpu      ] GC(6) User=0.05s Sys=0.00s Real=0.01s
[2023-11-29T14:11:33.130+0000][72][safepoint   ] Safepoint "G1CollectForAllocation", Time since last: 650491063 ns, Reaching safepoint: 108062 ns, At safepoint: 10400570 ns, Total: 10508632 ns
[2023-11-29T14:11:33.624+0000][72][gc,start    ] GC(7) Pause Young (Normal) (G1 Evacuation Pause)
[2023-11-29T14:11:33.624+0000][72][gc,task     ] GC(7) Using 8 workers of 8 for evacuation
[2023-11-29T14:11:33.624+0000][72][gc,age      ] GC(7) Desired survivor size 20971520 bytes, new threshold 6 (max threshold 15)
[2023-11-29T14:11:33.632+0000][72][gc,phases   ] GC(7)   Pre Evacuate Collection Set: 0.0ms
[2023-11-29T14:11:33.632+0000][72][gc,phases   ] GC(7)   Merge Heap Roots: 0.0ms
[2023-11-29T14:11:33.632+0000][72][gc,phases   ] GC(7)   Evacuate Collection Set: 7.8ms
[2023-11-29T14:11:33.632+0000][72][gc,phases   ] GC(7)   Post Evacuate Collection Set: 0.8ms
[2023-11-29T14:11:33.632+0000][72][gc,phases   ] GC(7)   Other: 0.1ms
[2023-11-29T14:11:33.632+0000][72][gc,age      ] GC(7) Age table with threshold 6 (max threshold 15)
[2023-11-29T14:11:33.632+0000][72][gc,age      ] GC(7) - age   1:    3799664 bytes,    3799664 total
[2023-11-29T14:11:33.632+0000][72][gc,age      ] GC(7) - age   2:    3648536 bytes,    7448200 total
[2023-11-29T14:11:33.632+0000][72][gc,age      ] GC(7) - age   3:    6601056 bytes,   14049256 total
[2023-11-29T14:11:33.632+0000][72][gc,age      ] GC(7) - age   4:    2151320 bytes,   16200576 total
[2023-11-29T14:11:33.632+0000][72][gc,age      ] GC(7) - age   5:    1549408 bytes,   17749984 total
[2023-11-29T14:11:33.632+0000][72][gc,age      ] GC(7) - age   6:    3993592 bytes,   21743576 total
[2023-11-29T14:11:33.632+0000][72][gc,heap     ] GC(7) Eden regions: 70->0(70)
[2023-11-29T14:11:33.632+0000][72][gc,heap     ] GC(7) Survivor regions: 6->6(10)
[2023-11-29T14:11:33.632+0000][72][gc,heap     ] GC(7) Old regions: 0->1
[2023-11-29T14:11:33.632+0000][72][gc,heap     ] GC(7) Archive regions: 2->2
[2023-11-29T14:11:33.632+0000][72][gc,heap     ] GC(7) Humongous regions: 0->0
[2023-11-29T14:11:33.632+0000][72][gc,metaspace] GC(7) Metaspace: 33500K(34304K)->33500K(34304K) NonClass: 29598K(30080K)->29598K(30080K) Class: 3902K(4224K)->3902K(4224K)
[2023-11-29T14:11:33.632+0000][72][gc          ] GC(7) Pause Young (Normal) (G1 Evacuation Pause) 307M->29M(512M) 8.916ms
[2023-11-29T14:11:33.632+0000][72][gc,cpu      ] GC(7) User=0.06s Sys=0.00s Real=0.01s
[2023-11-29T14:11:33.632+0000][72][safepoint   ] Safepoint "G1CollectForAllocation", Time since last: 493535985 ns, Reaching safepoint: 92857 ns, At safepoint: 8950260 ns, Total: 9043117 ns
[2023-11-29T14:11:33.919+0000][72][safepoint   ] Safepoint "ICBufferFull", Time since last: 285968531 ns, Reaching safepoint: 102173 ns, At safepoint: 2368 ns, Total: 104541 ns
[2023-11-29T14:11:34.022+0000][72][gc,start    ] GC(8) Pause Young (Concurrent Start) (Metadata GC Threshold)
[2023-11-29T14:11:34.022+0000][72][gc,task     ] GC(8) Using 8 workers of 8 for evacuation
[2023-11-29T14:11:34.022+0000][72][gc,age      ] GC(8) Desired survivor size 20971520 bytes, new threshold 6 (max threshold 15)
[2023-11-29T14:11:34.032+0000][72][gc,phases   ] GC(8)   Pre Evacuate Collection Set: 0.1ms
[2023-11-29T14:11:34.032+0000][72][gc,phases   ] GC(8)   Merge Heap Roots: 0.0ms
[2023-11-29T14:11:34.032+0000][72][gc,phases   ] GC(8)   Evacuate Collection Set: 8.7ms
[2023-11-29T14:11:34.032+0000][72][gc,phases   ] GC(8)   Post Evacuate Collection Set: 1.2ms
[2023-11-29T14:11:34.032+0000][72][gc,phases   ] GC(8)   Other: 0.1ms
[2023-11-29T14:11:34.032+0000][72][gc,age      ] GC(8) Age table with threshold 6 (max threshold 15)
[2023-11-29T14:11:34.032+0000][72][gc,age      ] GC(8) - age   1:    4089016 bytes,    4089016 total
[2023-11-29T14:11:34.032+0000][72][gc,age      ] GC(8) - age   2:    3715112 bytes,    7804128 total
[2023-11-29T14:11:34.032+0000][72][gc,age      ] GC(8) - age   3:    3628592 bytes,   11432720 total
[2023-11-29T14:11:34.032+0000][72][gc,age      ] GC(8) - age   4:    6585520 bytes,   18018240 total
[2023-11-29T14:11:34.032+0000][72][gc,age      ] GC(8) - age   5:    2149160 bytes,   20167400 total
[2023-11-29T14:11:34.032+0000][72][gc,age      ] GC(8) - age   6:    1450088 bytes,   21617488 total
[2023-11-29T14:11:34.032+0000][72][gc,heap     ] GC(8) Eden regions: 55->0(70)
[2023-11-29T14:11:34.032+0000][72][gc,heap     ] GC(8) Survivor regions: 6->6(10)
[2023-11-29T14:11:34.032+0000][72][gc,heap     ] GC(8) Old regions: 1->2
[2023-11-29T14:11:34.032+0000][72][gc,heap     ] GC(8) Archive regions: 2->2
[2023-11-29T14:11:34.032+0000][72][gc,heap     ] GC(8) Humongous regions: 0->0
[2023-11-29T14:11:34.032+0000][72][gc,metaspace] GC(8) Metaspace: 35089K(35968K)->35089K(35968K) NonClass: 30975K(31488K)->30975K(31488K) Class: 4114K(4480K)->4114K(4480K)
[2023-11-29T14:11:34.032+0000][72][gc          ] GC(8) Pause Young (Concurrent Start) (Metadata GC Threshold) 247M->33M(512M) 10.372ms
[2023-11-29T14:11:34.032+0000][72][gc,cpu      ] GC(8) User=0.04s Sys=0.00s Real=0.01s
[2023-11-29T14:11:34.032+0000][72][gc          ] GC(9) Concurrent Mark Cycle
[2023-11-29T14:11:34.032+0000][72][gc,marking  ] GC(9) Concurrent Clear Claimed Marks
[2023-11-29T14:11:34.032+0000][72][safepoint   ] Safepoint "CollectForMetadataAllocation", Time since last: 103373147 ns, Reaching safepoint: 67347 ns, At safepoint: 10459144 ns, Total: 10526491 ns
[2023-11-29T14:11:34.032+0000][72][gc,marking  ] GC(9) Concurrent Clear Claimed Marks 0.048ms
[2023-11-29T14:11:34.032+0000][72][gc,marking  ] GC(9) Concurrent Scan Root Regions
[2023-11-29T14:11:34.039+0000][72][gc,marking  ] GC(9) Concurrent Scan Root Regions 6.515ms
[2023-11-29T14:11:34.039+0000][72][gc,marking  ] GC(9) Concurrent Mark
[2023-11-29T14:11:34.039+0000][72][gc,marking  ] GC(9) Concurrent Mark From Roots
[2023-11-29T14:11:34.039+0000][72][gc,task     ] GC(9) Using 2 workers of 2 for marking
[2023-11-29T14:11:34.042+0000][72][gc,marking  ] GC(9) Concurrent Mark From Roots 3.009ms
[2023-11-29T14:11:34.042+0000][72][gc,marking  ] GC(9) Concurrent Preclean
[2023-11-29T14:11:34.042+0000][72][gc,marking  ] GC(9) Concurrent Preclean 0.041ms
[2023-11-29T14:11:34.042+0000][72][gc,start    ] GC(9) Pause Remark
[2023-11-29T14:11:34.045+0000][72][gc          ] GC(9) Pause Remark 37M->37M(512M) 2.882ms
[2023-11-29T14:11:34.045+0000][72][gc,cpu      ] GC(9) User=0.01s Sys=0.00s Real=0.01s
[2023-11-29T14:11:34.045+0000][72][safepoint   ] Safepoint "G1Concurrent", Time since last: 9708566 ns, Reaching safepoint: 110282 ns, At safepoint: 2936988 ns, Total: 3047270 ns
[2023-11-29T14:11:34.045+0000][72][gc,marking  ] GC(9) Concurrent Mark 6.187ms
[2023-11-29T14:11:34.045+0000][72][gc,marking  ] GC(9) Concurrent Rebuild Remembered Sets
[2023-11-29T14:11:34.048+0000][72][gc,marking  ] GC(9) Concurrent Rebuild Remembered Sets 3.091ms
[2023-11-29T14:11:34.048+0000][72][gc,start    ] GC(9) Pause Cleanup
[2023-11-29T14:11:34.048+0000][72][gc          ] GC(9) Pause Cleanup 37M->37M(512M) 0.055ms
[2023-11-29T14:11:34.049+0000][72][gc,cpu      ] GC(9) User=0.00s Sys=0.00s Real=0.00s
[2023-11-29T14:11:34.049+0000][72][safepoint   ] Safepoint "G1Concurrent", Time since last: 3193537 ns, Reaching safepoint: 23660 ns, At safepoint: 98227 ns, Total: 121887 ns
[2023-11-29T14:11:34.049+0000][72][gc,marking  ] GC(9) Concurrent Cleanup for Next Mark
[2023-11-29T14:11:34.049+0000][72][gc,marking  ] GC(9) Concurrent Cleanup for Next Mark 0.369ms
[2023-11-29T14:11:34.049+0000][72][gc          ] GC(9) Concurrent Mark Cycle 16.547ms
[2023-11-29T14:11:34.611+0000][72][safepoint   ] Safepoint "ICBufferFull", Time since last: 562129329 ns, Reaching safepoint: 297563 ns, At safepoint: 4824 ns, Total: 302387 ns
[2023-11-29T14:11:34.938+0000][72][safepoint   ] Safepoint "ICBufferFull", Time since last: 327256346 ns, Reaching safepoint: 121096 ns, At safepoint: 2451 ns, Total: 123547 ns
[2023-11-29T14:11:35.936+0000][72][gc,start    ] GC(10) Pause Young (Normal) (G1 Evacuation Pause)
[2023-11-29T14:11:35.936+0000][72][gc,task     ] GC(10) Using 8 workers of 8 for evacuation
[2023-11-29T14:11:35.936+0000][72][gc,age      ] GC(10) Desired survivor size 20971520 bytes, new threshold 6 (max threshold 15)
[2023-11-29T14:11:35.955+0000][72][gc,phases   ] GC(10)   Pre Evacuate Collection Set: 0.0ms
[2023-11-29T14:11:35.955+0000][72][gc,phases   ] GC(10)   Merge Heap Roots: 0.0ms
[2023-11-29T14:11:35.955+0000][72][gc,phases   ] GC(10)   Evacuate Collection Set: 18.5ms
[2023-11-29T14:11:35.955+0000][72][gc,phases   ] GC(10)   Post Evacuate Collection Set: 0.9ms
[2023-11-29T14:11:35.955+0000][72][gc,phases   ] GC(10)   Other: 0.1ms
[2023-11-29T14:11:35.955+0000][72][gc,age      ] GC(10) Age table with threshold 6 (max threshold 15)
[2023-11-29T14:11:35.955+0000][72][gc,age      ] GC(10) - age   1:   18623232 bytes,   18623232 total
[2023-11-29T14:11:35.955+0000][72][gc,age      ] GC(10) - age   2:    4048440 bytes,   22671672 total
[2023-11-29T14:11:35.955+0000][72][gc,age      ] GC(10) - age   3:    3696384 bytes,   26368056 total
[2023-11-29T14:11:35.956+0000][72][gc,age      ] GC(10) - age   4:    3618336 bytes,   29986392 total
[2023-11-29T14:11:35.956+0000][72][gc,age      ] GC(10) - age   5:    6564536 bytes,   36550928 total
[2023-11-29T14:11:35.956+0000][72][gc,age      ] GC(10) - age   6:    2143320 bytes,   38694248 total
[2023-11-29T14:11:35.956+0000][72][gc,heap     ] GC(10) Eden regions: 70->0(66)
[2023-11-29T14:11:35.956+0000][72][gc,heap     ] GC(10) Survivor regions: 6->10(10)
[2023-11-29T14:11:35.956+0000][72][gc,heap     ] GC(10) Old regions: 2->3
[2023-11-29T14:11:35.956+0000][72][gc,heap     ] GC(10) Archive regions: 2->2
[2023-11-29T14:11:35.956+0000][72][gc,heap     ] GC(10) Humongous regions: 0->0
[2023-11-29T14:11:35.956+0000][72][gc,metaspace] GC(10) Metaspace: 43247K(44480K)->43247K(44480K) NonClass: 38041K(38784K)->38041K(38784K) Class: 5205K(5696K)->5205K(5696K)
[2023-11-29T14:11:35.956+0000][72][gc          ] GC(10) Pause Young (Normal) (G1 Evacuation Pause) 313M->51M(512M) 19.690ms
[2023-11-29T14:11:35.956+0000][72][gc,cpu      ] GC(10) User=0.11s Sys=0.00s Real=0.01s
[2023-11-29T14:11:35.956+0000][72][safepoint   ] Safepoint "G1CollectForAllocation", Time since last: 997328397 ns, Reaching safepoint: 186694 ns, At safepoint: 19724252 ns, Total: 19910946 ns
[2023-11-29T14:11:36.353+0000][72][safepoint   ] Safepoint "ICBufferFull", Time since last: 397186874 ns, Reaching safepoint: 162144 ns, At safepoint: 2895 ns, Total: 165039 ns
[2023-11-29T14:11:36.899+0000][72][gc,start    ] GC(11) Pause Young (Concurrent Start) (Metadata GC Threshold)
[2023-11-29T14:11:36.899+0000][72][gc,task     ] GC(11) Using 8 workers of 8 for evacuation
[2023-11-29T14:11:36.899+0000][72][gc,age      ] GC(11) Desired survivor size 20971520 bytes, new threshold 2 (max threshold 15)
[2023-11-29T14:11:36.920+0000][72][gc,phases   ] GC(11)   Pre Evacuate Collection Set: 0.2ms
[2023-11-29T14:11:36.920+0000][72][gc,phases   ] GC(11)   Merge Heap Roots: 0.0ms
[2023-11-29T14:11:36.920+0000][72][gc,phases   ] GC(11)   Evacuate Collection Set: 19.6ms
[2023-11-29T14:11:36.920+0000][72][gc,phases   ] GC(11)   Post Evacuate Collection Set: 1.0ms
[2023-11-29T14:11:36.920+0000][72][gc,phases   ] GC(11)   Other: 0.0ms
[2023-11-29T14:11:36.920+0000][72][gc,age      ] GC(11) Age table with threshold 2 (max threshold 15)
[2023-11-29T14:11:36.920+0000][72][gc,age      ] GC(11) - age   1:    6756928 bytes,    6756928 total
[2023-11-29T14:11:36.920+0000][72][gc,age      ] GC(11) - age   2:   18497936 bytes,   25254864 total
[2023-11-29T14:11:36.920+0000][72][gc,heap     ] GC(11) Eden regions: 41->0(69)
[2023-11-29T14:11:36.920+0000][72][gc,heap     ] GC(11) Survivor regions: 10->7(10)
[2023-11-29T14:11:36.920+0000][72][gc,heap     ] GC(11) Old regions: 3->7
[2023-11-29T14:11:36.920+0000][72][gc,heap     ] GC(11) Archive regions: 2->2
[2023-11-29T14:11:36.920+0000][72][gc,heap     ] GC(11) Humongous regions: 0->0
[2023-11-29T14:11:36.920+0000][72][gc,metaspace] GC(11) Metaspace: 58705K(60160K)->58705K(60160K) NonClass: 51218K(52032K)->51218K(52032K) Class: 7487K(8128K)->7487K(8128K)
[2023-11-29T14:11:36.920+0000][72][gc          ] GC(11) Pause Young (Concurrent Start) (Metadata GC Threshold) 213M->59M(512M) 20.934ms
[2023-11-29T14:11:36.920+0000][72][gc,cpu      ] GC(11) User=0.09s Sys=0.00s Real=0.02s
[2023-11-29T14:11:36.920+0000][72][gc          ] GC(12) Concurrent Mark Cycle
[2023-11-29T14:11:36.920+0000][72][gc,marking  ] GC(12) Concurrent Clear Claimed Marks
[2023-11-29T14:11:36.920+0000][72][safepoint   ] Safepoint "CollectForMetadataAllocation", Time since last: 546283008 ns, Reaching safepoint: 82612 ns, At safepoint: 21022216 ns, Total: 21104828 ns
[2023-11-29T14:11:36.920+0000][72][gc,marking  ] GC(12) Concurrent Clear Claimed Marks 0.078ms
[2023-11-29T14:11:36.920+0000][72][gc,marking  ] GC(12) Concurrent Scan Root Regions
[2023-11-29T14:11:36.937+0000][72][gc,marking  ] GC(12) Concurrent Scan Root Regions 16.164ms
[2023-11-29T14:11:36.937+0000][72][gc,marking  ] GC(12) Concurrent Mark
[2023-11-29T14:11:36.937+0000][72][gc,marking  ] GC(12) Concurrent Mark From Roots
[2023-11-29T14:11:36.937+0000][72][gc,task     ] GC(12) Using 2 workers of 2 for marking
[2023-11-29T14:11:36.939+0000][72][safepoint   ] Safepoint "CollectForMetadataAllocation", Time since last: 18631964 ns, Reaching safepoint: 48308 ns, At safepoint: 68873 ns, Total: 117181 ns
[2023-11-29T14:11:36.945+0000][72][gc,marking  ] GC(12) Concurrent Mark From Roots 8.820ms
[2023-11-29T14:11:36.945+0000][72][gc,marking  ] GC(12) Concurrent Preclean
[2023-11-29T14:11:36.945+0000][72][gc,marking  ] GC(12) Concurrent Preclean 0.055ms
[2023-11-29T14:11:36.946+0000][72][gc,start    ] GC(12) Pause Remark
[2023-11-29T14:11:36.952+0000][72][gc          ] GC(12) Pause Remark 61M->61M(512M) 6.418ms
[2023-11-29T14:11:36.952+0000][72][gc,cpu      ] GC(12) User=0.03s Sys=0.00s Real=0.00s
[2023-11-29T14:11:36.952+0000][72][safepoint   ] Safepoint "G1Concurrent", Time since last: 6455901 ns, Reaching safepoint: 113470 ns, At safepoint: 6488562 ns, Total: 6602032 ns
[2023-11-29T14:11:36.952+0000][72][gc,marking  ] GC(12) Concurrent Mark 15.584ms
[2023-11-29T14:11:36.952+0000][72][gc,marking  ] GC(12) Concurrent Rebuild Remembered Sets
[2023-11-29T14:11:36.952+0000][72][gc,marking  ] GC(12) Concurrent Rebuild Remembered Sets 0.007ms
[2023-11-29T14:11:36.953+0000][72][gc,start    ] GC(12) Pause Cleanup
[2023-11-29T14:11:36.953+0000][72][gc          ] GC(12) Pause Cleanup 61M->61M(512M) 0.022ms
[2023-11-29T14:11:36.953+0000][72][gc,cpu      ] GC(12) User=0.00s Sys=0.00s Real=0.00s
[2023-11-29T14:11:36.953+0000][72][safepoint   ] Safepoint "G1Concurrent", Time since last: 88049 ns, Reaching safepoint: 1007382 ns, At safepoint: 63587 ns, Total: 1070969 ns
[2023-11-29T14:11:36.953+0000][72][gc,marking  ] GC(12) Concurrent Cleanup for Next Mark
[2023-11-29T14:11:36.954+0000][72][gc,marking  ] GC(12) Concurrent Cleanup for Next Mark 0.392ms
[2023-11-29T14:11:36.954+0000][72][gc          ] GC(12) Concurrent Mark Cycle 33.500ms
[2023-11-29T14:11:37.954+0000][72][safepoint   ] Safepoint "Cleanup", Time since last: 1000102580 ns, Reaching safepoint: 208834 ns, At safepoint: 5154 ns, Total: 213988 ns
[2023-11-29T14:11:38.775+0000][72][gc,start    ] GC(13) Pause Young (Normal) (G1 Evacuation Pause)
[2023-11-29T14:11:38.775+0000][72][gc,task     ] GC(13) Using 8 workers of 8 for evacuation
[2023-11-29T14:11:38.775+0000][72][gc,age      ] GC(13) Desired survivor size 20971520 bytes, new threshold 2 (max threshold 15)
[2023-11-29T14:11:38.788+0000][72][gc,phases   ] GC(13)   Pre Evacuate Collection Set: 0.0ms
[2023-11-29T14:11:38.788+0000][72][gc,phases   ] GC(13)   Merge Heap Roots: 0.0ms
[2023-11-29T14:11:38.788+0000][72][gc,phases   ] GC(13)   Evacuate Collection Set: 10.9ms
[2023-11-29T14:11:38.788+0000][72][gc,phases   ] GC(13)   Post Evacuate Collection Set: 1.8ms
[2023-11-29T14:11:38.788+0000][72][gc,phases   ] GC(13)   Other: 0.1ms
[2023-11-29T14:11:38.788+0000][72][gc,age      ] GC(13) Age table with threshold 2 (max threshold 15)
[2023-11-29T14:11:38.788+0000][72][gc,age      ] GC(13) - age   1:    3709776 bytes,    3709776 total
[2023-11-29T14:11:38.788+0000][72][gc,age      ] GC(13) - age   2:    6515312 bytes,   10225088 total
[2023-11-29T14:11:38.788+0000][72][gc,heap     ] GC(13) Eden regions: 69->0(73)
[2023-11-29T14:11:38.788+0000][72][gc,heap     ] GC(13) Survivor regions: 7->3(10)
[2023-11-29T14:11:38.788+0000][72][gc,heap     ] GC(13) Old regions: 7->12
[2023-11-29T14:11:38.788+0000][72][gc,heap     ] GC(13) Archive regions: 2->2
[2023-11-29T14:11:38.788+0000][72][gc,heap     ] GC(13) Humongous regions: 0->0
[2023-11-29T14:11:38.788+0000][72][gc,metaspace] GC(13) Metaspace: 68592K(70080K)->68592K(70080K) NonClass: 59751K(60608K)->59751K(60608K) Class: 8840K(9472K)->8840K(9472K)
[2023-11-29T14:11:38.788+0000][72][gc          ] GC(13) Pause Young (Normal) (G1 Evacuation Pause) 335M->61M(512M) 13.058ms
[2023-11-29T14:11:38.788+0000][72][gc,cpu      ] GC(13) User=0.08s Sys=0.00s Real=0.02s
[2023-11-29T14:11:38.788+0000][72][safepoint   ] Safepoint "G1CollectForAllocation", Time since last: 821562760 ns, Reaching safepoint: 112405 ns, At safepoint: 13089553 ns, Total: 13201958 ns
[2023-11-29T14:11:39.793+0000][72][safepoint   ] Safepoint "ICBufferFull", Time since last: 1004335236 ns, Reaching safepoint: 223570 ns, At safepoint: 3128 ns, Total: 226698 ns
[2023-11-29T14:11:40.675+0000][72][safepoint   ] Safepoint "ICBufferFull", Time since last: 881714619 ns, Reaching safepoint: 821241 ns, At safepoint: 3762 ns, Total: 825003 ns
[2023-11-29T14:11:41.111+0000][72][safepoint   ] Safepoint "ICBufferFull", Time since last: 435512097 ns, Reaching safepoint: 287024 ns, At safepoint: 3706 ns, Total: 290730 ns
[2023-11-29T14:11:41.322+0000][72][gc,start    ] GC(14) Pause Young (Normal) (G1 Evacuation Pause)
[2023-11-29T14:11:41.322+0000][72][gc,task     ] GC(14) Using 8 workers of 8 for evacuation
[2023-11-29T14:11:41.322+0000][72][gc,age      ] GC(14) Desired survivor size 20971520 bytes, new threshold 15 (max threshold 15)
[2023-11-29T14:11:41.335+0000][72][gc,phases   ] GC(14)   Pre Evacuate Collection Set: 0.0ms
[2023-11-29T14:11:41.335+0000][72][gc,phases   ] GC(14)   Merge Heap Roots: 0.1ms
[2023-11-29T14:11:41.335+0000][72][gc,phases   ] GC(14)   Evacuate Collection Set: 11.8ms
[2023-11-29T14:11:41.335+0000][72][gc,phases   ] GC(14)   Post Evacuate Collection Set: 1.0ms
[2023-11-29T14:11:41.335+0000][72][gc,phases   ] GC(14)   Other: 0.1ms
[2023-11-29T14:11:41.335+0000][72][gc,age      ] GC(14) Age table with threshold 15 (max threshold 15)
[2023-11-29T14:11:41.335+0000][72][gc,age      ] GC(14) - age   1:   14395944 bytes,   14395944 total
[2023-11-29T14:11:41.335+0000][72][gc,age      ] GC(14) - age   2:    3465128 bytes,   17861072 total
[2023-11-29T14:11:41.335+0000][72][gc,age      ] GC(14) - age   3:    6404600 bytes,   24265672 total
[2023-11-29T14:11:41.335+0000][72][gc,heap     ] GC(14) Eden regions: 73->0(69)
[2023-11-29T14:11:41.335+0000][72][gc,heap     ] GC(14) Survivor regions: 3->7(10)
[2023-11-29T14:11:41.335+0000][72][gc,heap     ] GC(14) Old regions: 12->12
[2023-11-29T14:11:41.335+0000][72][gc,heap     ] GC(14) Archive regions: 2->2
[2023-11-29T14:11:41.335+0000][72][gc,heap     ] GC(14) Humongous regions: 0->0
[2023-11-29T14:11:41.335+0000][72][gc,metaspace] GC(14) Metaspace: 97500K(100096K)->97500K(100096K) NonClass: 84507K(85888K)->84507K(85888K) Class: 12993K(14208K)->12993K(14208K)
[2023-11-29T14:11:41.335+0000][72][gc          ] GC(14) Pause Young (Normal) (G1 Evacuation Pause) 353M->74M(512M) 13.184ms
[2023-11-29T14:11:41.335+0000][72][gc,cpu      ] GC(14) User=0.08s Sys=0.00s Real=0.01s
[2023-11-29T14:11:41.335+0000][72][safepoint   ] Safepoint "G1CollectForAllocation", Time since last: 210733727 ns, Reaching safepoint: 146487 ns, At safepoint: 13225476 ns, Total: 13371963 ns
[2023-11-29T14:11:41.401+0000][72][gc,start    ] GC(15) Pause Young (Concurrent Start) (Metadata GC Threshold)
[2023-11-29T14:11:41.401+0000][72][gc,task     ] GC(15) Using 8 workers of 8 for evacuation
[2023-11-29T14:11:41.401+0000][72][gc,age      ] GC(15) Desired survivor size 20971520 bytes, new threshold 3 (max threshold 15)
[2023-11-29T14:11:41.415+0000][72][gc,phases   ] GC(15)   Pre Evacuate Collection Set: 0.2ms
[2023-11-29T14:11:41.415+0000][72][gc,phases   ] GC(15)   Merge Heap Roots: 0.0ms
[2023-11-29T14:11:41.415+0000][72][gc,phases   ] GC(15)   Evacuate Collection Set: 13.0ms
[2023-11-29T14:11:41.415+0000][72][gc,phases   ] GC(15)   Post Evacuate Collection Set: 0.9ms
[2023-11-29T14:11:41.415+0000][72][gc,phases   ] GC(15)   Other: 0.1ms
[2023-11-29T14:11:41.415+0000][72][gc,age      ] GC(15) Age table with threshold 3 (max threshold 15)
[2023-11-29T14:11:41.415+0000][72][gc,age      ] GC(15) - age   1:     466384 bytes,     466384 total
[2023-11-29T14:11:41.415+0000][72][gc,age      ] GC(15) - age   2:   14075136 bytes,   14541520 total
[2023-11-29T14:11:41.415+0000][72][gc,age      ] GC(15) - age   3:    3465024 bytes,   18006544 total
[2023-11-29T14:11:41.415+0000][72][gc,heap     ] GC(15) Eden regions: 2->0(71)
[2023-11-29T14:11:41.415+0000][72][gc,heap     ] GC(15) Survivor regions: 7->5(10)
[2023-11-29T14:11:41.415+0000][72][gc,heap     ] GC(15) Old regions: 12->14
[2023-11-29T14:11:41.415+0000][72][gc,heap     ] GC(15) Archive regions: 2->2
[2023-11-29T14:11:41.415+0000][72][gc,heap     ] GC(15) Humongous regions: 0->0
[2023-11-29T14:11:41.415+0000][72][gc,metaspace] GC(15) Metaspace: 98223K(100928K)->98223K(100928K) NonClass: 85075K(86464K)->85075K(86464K) Class: 13148K(14464K)->13148K(14464K)
[2023-11-29T14:11:41.415+0000][72][gc          ] GC(15) Pause Young (Concurrent Start) (Metadata GC Threshold) 82M->75M(512M) 14.378ms
[2023-11-29T14:11:41.415+0000][72][gc          ] GC(16) Concurrent Mark Cycle
[2023-11-29T14:11:41.415+0000][72][gc,marking  ] GC(16) Concurrent Clear Claimed Marks
[2023-11-29T14:11:41.415+0000][72][gc,cpu      ] GC(15) User=0.09s Sys=0.00s Real=0.01s
[2023-11-29T14:11:41.415+0000][72][safepoint   ] Safepoint "CollectForMetadataAllocation", Time since last: 65415190 ns, Reaching safepoint: 30858 ns, At safepoint: 14574081 ns, Total: 14604939 ns
[2023-11-29T14:11:41.415+0000][72][gc,marking  ] GC(16) Concurrent Clear Claimed Marks 0.180ms
[2023-11-29T14:11:41.415+0000][72][gc,marking  ] GC(16) Concurrent Scan Root Regions
[2023-11-29T14:11:41.426+0000][72][gc,marking  ] GC(16) Concurrent Scan Root Regions 10.859ms
[2023-11-29T14:11:41.426+0000][72][gc,marking  ] GC(16) Concurrent Mark
[2023-11-29T14:11:41.426+0000][72][gc,marking  ] GC(16) Concurrent Mark From Roots
[2023-11-29T14:11:41.426+0000][72][gc,task     ] GC(16) Using 2 workers of 2 for marking
[2023-11-29T14:11:41.442+0000][72][safepoint   ] Safepoint "CollectForMetadataAllocation", Time since last: 26793402 ns, Reaching safepoint: 65298 ns, At safepoint: 48782 ns, Total: 114080 ns
[2023-11-29T14:11:41.463+0000][72][safepoint   ] Safepoint "CollectForMetadataAllocation", Time since last: 20161629 ns, Reaching safepoint: 50164 ns, At safepoint: 55332 ns, Total: 105496 ns
[2023-11-29T14:11:41.469+0000][72][gc,marking  ] GC(16) Concurrent Mark From Roots 42.403ms
[2023-11-29T14:11:41.469+0000][72][gc,marking  ] GC(16) Concurrent Preclean
[2023-11-29T14:11:41.469+0000][72][gc,marking  ] GC(16) Concurrent Preclean 0.196ms
[2023-11-29T14:11:41.469+0000][72][gc,start    ] GC(16) Pause Remark
[2023-11-29T14:11:41.472+0000][72][gc          ] GC(16) Pause Remark 81M->81M(512M) 3.170ms
[2023-11-29T14:11:41.472+0000][72][gc,cpu      ] GC(16) User=0.03s Sys=0.00s Real=0.00s
[2023-11-29T14:11:41.472+0000][72][safepoint   ] Safepoint "G1Concurrent", Time since last: 6492943 ns, Reaching safepoint: 91235 ns, At safepoint: 3228946 ns, Total: 3320181 ns
[2023-11-29T14:11:41.472+0000][72][gc,marking  ] GC(16) Concurrent Mark 46.003ms
[2023-11-29T14:11:41.472+0000][72][gc,marking  ] GC(16) Concurrent Rebuild Remembered Sets
[2023-11-29T14:11:41.493+0000][72][gc,marking  ] GC(16) Concurrent Rebuild Remembered Sets 20.152ms
[2023-11-29T14:11:41.493+0000][72][gc,start    ] GC(16) Pause Cleanup
[2023-11-29T14:11:41.493+0000][72][gc          ] GC(16) Pause Cleanup 85M->85M(512M) 0.057ms
[2023-11-29T14:11:41.493+0000][72][gc,cpu      ] GC(16) User=0.00s Sys=0.00s Real=0.00s
[2023-11-29T14:11:41.493+0000][72][safepoint   ] Safepoint "G1Concurrent", Time since last: 20238186 ns, Reaching safepoint: 560000 ns, At safepoint: 85112 ns, Total: 645112 ns
[2023-11-29T14:11:41.493+0000][72][gc,marking  ] GC(16) Concurrent Cleanup for Next Mark
[2023-11-29T14:11:41.494+0000][72][gc,marking  ] GC(16) Concurrent Cleanup for Next Mark 0.337ms
[2023-11-29T14:11:41.494+0000][72][gc          ] GC(16) Concurrent Mark Cycle 78.458ms
[2023-11-29T14:11:42.317+0000][72][safepoint   ] Safepoint "ICBufferFull", Time since last: 823386255 ns, Reaching safepoint: 162013 ns, At safepoint: 7074 ns, Total: 169087 ns
[2023-11-29T14:11:42.317+0000][72][safepoint   ] Safepoint "ICBufferFull", Time since last: 207559 ns, Reaching safepoint: 217282 ns, At safepoint: 4367 ns, Total: 221649 ns
[2023-11-29T14:11:43.142+0000][72][safepoint   ] Safepoint "ICBufferFull", Time since last: 824960532 ns, Reaching safepoint: 176318 ns, At safepoint: 9025 ns, Total: 185343 ns
[2023-11-29T14:11:43.630+0000][72][safepoint   ] Safepoint "ICBufferFull", Time since last: 482562194 ns, Reaching safepoint: 4957961 ns, At safepoint: 25166 ns, Total: 4983127 ns
[2023-11-29T14:11:43.905+0000][72][safepoint   ] Safepoint "ICBufferFull", Time since last: 275249249 ns, Reaching safepoint: 141020 ns, At safepoint: 6698 ns, Total: 147718 ns
[2023-11-29T14:11:44.153+0000][72][safepoint   ] Safepoint "ICBufferFull", Time since last: 247566975 ns, Reaching safepoint: 207060 ns, At safepoint: 6812 ns, Total: 213872 ns
[2023-11-29T14:11:44.427+0000][72][safepoint   ] Safepoint "ICBufferFull", Time since last: 273863831 ns, Reaching safepoint: 155681 ns, At safepoint: 2894 ns, Total: 158575 ns
[2023-11-29T14:11:46.103+0000][72][safepoint   ] Safepoint "Cleanup", Time since last: 1675399210 ns, Reaching safepoint: 168554 ns, At safepoint: 4815 ns, Total: 173369 ns
[2023-11-29T14:11:47.114+0000][72][safepoint   ] Safepoint "Cleanup", Time since last: 1010515273 ns, Reaching safepoint: 541829 ns, At safepoint: 5771 ns, Total: 547600 ns
[2023-11-29T14:11:47.554+0000][72][safepoint   ] Safepoint "ICBufferFull", Time since last: 440125501 ns, Reaching safepoint: 183116 ns, At safepoint: 4684 ns, Total: 187800 ns
[2023-11-29T14:11:47.664+0000][72][gc,start    ] GC(17) Pause Young (Prepare Mixed) (G1 Evacuation Pause)
[2023-11-29T14:11:47.664+0000][72][gc,task     ] GC(17) Using 8 workers of 8 for evacuation
[2023-11-29T14:11:47.664+0000][72][gc,age      ] GC(17) Desired survivor size 20971520 bytes, new threshold 15 (max threshold 15)
[2023-11-29T14:11:47.690+0000][72][gc,phases   ] GC(17)   Pre Evacuate Collection Set: 0.1ms
[2023-11-29T14:11:47.690+0000][72][gc,phases   ] GC(17)   Merge Heap Roots: 0.1ms
[2023-11-29T14:11:47.690+0000][72][gc,phases   ] GC(17)   Evacuate Collection Set: 18.2ms
[2023-11-29T14:11:47.690+0000][72][gc,phases   ] GC(17)   Post Evacuate Collection Set: 6.8ms
[2023-11-29T14:11:47.690+0000][72][gc,phases   ] GC(17)   Other: 0.1ms
[2023-11-29T14:11:47.690+0000][72][gc,age      ] GC(17) Age table with threshold 15 (max threshold 15)
[2023-11-29T14:11:47.690+0000][72][gc,age      ] GC(17) - age   1:   21979936 bytes,   21979936 total
[2023-11-29T14:11:47.690+0000][72][gc,age      ] GC(17) - age   2:     417336 bytes,   22397272 total
[2023-11-29T14:11:47.690+0000][72][gc,age      ] GC(17) - age   3:   13539992 bytes,   35937264 total
[2023-11-29T14:11:47.690+0000][72][gc,age      ] GC(17) - age   4:    3417392 bytes,   39354656 total
[2023-11-29T14:11:47.690+0000][72][gc,heap     ] GC(17) Eden regions: 71->0(1)
[2023-11-29T14:11:47.690+0000][72][gc,heap     ] GC(17) Survivor regions: 5->10(10)
[2023-11-29T14:11:47.690+0000][72][gc,heap     ] GC(17) Old regions: 14->14
[2023-11-29T14:11:47.690+0000][72][gc,heap     ] GC(17) Archive regions: 2->2
[2023-11-29T14:11:47.690+0000][72][gc,heap     ] GC(17) Humongous regions: 0->0
[2023-11-29T14:11:47.690+0000][72][gc,metaspace] GC(17) Metaspace: 120300K(123520K)->120300K(123520K) NonClass: 103914K(105536K)->103914K(105536K) Class: 16385K(17984K)->16385K(17984K)
[2023-11-29T14:11:47.690+0000][72][gc          ] GC(17) Pause Young (Prepare Mixed) (G1 Evacuation Pause) 359M->96M(512M) 25.406ms
[2023-11-29T14:11:47.690+0000][72][gc,cpu      ] GC(17) User=0.09s Sys=0.00s Real=0.02s
[2023-11-29T14:11:47.690+0000][72][safepoint   ] Safepoint "G1CollectForAllocation", Time since last: 110049001 ns, Reaching safepoint: 68626 ns, At safepoint: 25455976 ns, Total: 25524602 ns
[2023-11-29T14:11:47.703+0000][72][gc,start    ] GC(18) Pause Young (Mixed) (G1 Evacuation Pause)
[2023-11-29T14:11:47.703+0000][72][gc,task     ] GC(18) Using 8 workers of 8 for evacuation
[2023-11-29T14:11:47.703+0000][72][gc,age      ] GC(18) Desired survivor size 4194304 bytes, new threshold 1 (max threshold 15)
[2023-11-29T14:11:47.720+0000][72][gc,phases   ] GC(18)   Pre Evacuate Collection Set: 0.0ms
[2023-11-29T14:11:47.720+0000][72][gc,phases   ] GC(18)   Merge Heap Roots: 0.1ms
[2023-11-29T14:11:47.720+0000][72][gc,phases   ] GC(18)   Evacuate Collection Set: 16.5ms
[2023-11-29T14:11:47.720+0000][72][gc,phases   ] GC(18)   Post Evacuate Collection Set: 0.8ms
[2023-11-29T14:11:47.720+0000][72][gc,phases   ] GC(18)   Other: 0.1ms
[2023-11-29T14:11:47.720+0000][72][gc,age      ] GC(18) Age table with threshold 1 (max threshold 15)
[2023-11-29T14:11:47.720+0000][72][gc,age      ] GC(18) - age   1:    1725688 bytes,    1725688 total
[2023-11-29T14:11:47.720+0000][72][gc,heap     ] GC(18) Eden regions: 1->0(70)
[2023-11-29T14:11:47.720+0000][72][gc,heap     ] GC(18) Survivor regions: 10->1(2)
[2023-11-29T14:11:47.720+0000][72][gc,heap     ] GC(18) Old regions: 14->22
[2023-11-29T14:11:47.720+0000][72][gc,heap     ] GC(18) Archive regions: 2->2
[2023-11-29T14:11:47.720+0000][72][gc,heap     ] GC(18) Humongous regions: 0->0
[2023-11-29T14:11:47.720+0000][72][gc,metaspace] GC(18) Metaspace: 120300K(123520K)->120300K(123520K) NonClass: 103914K(105536K)->103914K(105536K) Class: 16385K(17984K)->16385K(17984K)
[2023-11-29T14:11:47.720+0000][72][gc          ] GC(18) Pause Young (Mixed) (G1 Evacuation Pause) 100M->94M(512M) 17.775ms
[2023-11-29T14:11:47.721+0000][72][gc,cpu      ] GC(18) User=0.08s Sys=0.00s Real=0.02s
[2023-11-29T14:11:47.721+0000][72][safepoint   ] Safepoint "G1CollectForAllocation", Time since last: 8793219 ns, Reaching safepoint: 4242423 ns, At safepoint: 17878357 ns, Total: 22120780 ns
[2023-11-29T14:11:48.721+0000][72][safepoint   ] Safepoint "Cleanup", Time since last: 1000096169 ns, Reaching safepoint: 83019 ns, At safepoint: 6273 ns, Total: 89292 ns
[2023-11-29T14:11:49.721+0000][72][safepoint   ] Safepoint "Cleanup", Time since last: 1000106467 ns, Reaching safepoint: 78360 ns, At safepoint: 6445 ns, Total: 84805 ns
[2023-11-29T14:11:50.876+0000][72][safepoint   ] Safepoint "Cleanup", Time since last: 1154993287 ns, Reaching safepoint: 253533 ns, At safepoint: 5620 ns, Total: 259153 ns
[2023-11-29T14:11:51.876+0000][72][safepoint   ] Safepoint "Cleanup", Time since last: 1000118603 ns, Reaching safepoint: 85528 ns, At safepoint: 19076 ns, Total: 104604 ns
[2023-11-29T14:11:52.317+0000][72][gc,start    ] GC(19) Pause Young (Normal) (G1 Evacuation Pause)
[2023-11-29T14:11:52.317+0000][72][gc,task     ] GC(19) Using 8 workers of 8 for evacuation
[2023-11-29T14:11:52.317+0000][72][gc,age      ] GC(19) Desired survivor size 18874368 bytes, new threshold 15 (max threshold 15)
[2023-11-29T14:11:52.319+0000][72][gc,phases   ] GC(19)   Pre Evacuate Collection Set: 0.1ms
[2023-11-29T14:11:52.319+0000][72][gc,phases   ] GC(19)   Merge Heap Roots: 0.1ms
[2023-11-29T14:11:52.319+0000][72][gc,phases   ] GC(19)   Evacuate Collection Set: 0.6ms
[2023-11-29T14:11:52.319+0000][72][gc,phases   ] GC(19)   Post Evacuate Collection Set: 0.3ms
[2023-11-29T14:11:52.319+0000][72][gc,phases   ] GC(19)   Other: 0.1ms
[2023-11-29T14:11:52.319+0000][72][gc,age      ] GC(19) Age table with threshold 15 (max threshold 15)
[2023-11-29T14:11:52.319+0000][72][gc,age      ] GC(19) - age   1:     179880 bytes,     179880 total
[2023-11-29T14:11:52.319+0000][72][gc,age      ] GC(19) - age   2:        144 bytes,     180024 total
[2023-11-29T14:11:52.319+0000][72][gc,heap     ] GC(19) Eden regions: 70->0(73)
[2023-11-29T14:11:52.319+0000][72][gc,heap     ] GC(19) Survivor regions: 1->1(9)
[2023-11-29T14:11:52.319+0000][72][gc,heap     ] GC(19) Old regions: 22->22
[2023-11-29T14:11:52.319+0000][72][gc,heap     ] GC(19) Archive regions: 2->2
[2023-11-29T14:11:52.319+0000][72][gc,heap     ] GC(19) Humongous regions: 0->0
[2023-11-29T14:11:52.319+0000][72][gc,metaspace] GC(19) Metaspace: 120529K(123712K)->120529K(123712K) NonClass: 104136K(105728K)->104136K(105728K) Class: 16393K(17984K)->16393K(17984K)
[2023-11-29T14:11:52.319+0000][72][gc          ] GC(19) Pause Young (Normal) (G1 Evacuation Pause) 374M->93M(512M) 1.244ms
[2023-11-29T14:11:52.319+0000][72][gc,cpu      ] GC(19) User=0.00s Sys=0.00s Real=0.00s
[2023-11-29T14:11:52.319+0000][72][safepoint   ] Safepoint "G1CollectForAllocation", Time since last: 440849959 ns, Reaching safepoint: 138014 ns, At safepoint: 1283681 ns, Total: 1421695 ns
[2023-11-29T14:11:53.319+0000][72][safepoint   ] Safepoint "Cleanup", Time since last: 1000101021 ns, Reaching safepoint: 133360 ns, At safepoint: 5768 ns, Total: 139128 ns
[2023-11-29T14:11:54.319+0000][72][safepoint   ] Safepoint "Cleanup", Time since last: 1000102110 ns, Reaching safepoint: 65365 ns, At safepoint: 4626 ns, Total: 69991 ns
[2023-11-29T14:11:55.320+0000][72][safepoint   ] Safepoint "Cleanup", Time since last: 1000229133 ns, Reaching safepoint: 185858 ns, At safepoint: 11503 ns, Total: 197361 ns
[2023-11-29T14:11:58.320+0000][72][safepoint   ] Safepoint "Cleanup", Time since last: 3000548038 ns, Reaching safepoint: 87341 ns, At safepoint: 3379 ns, Total: 90720 ns
[2023-11-29T14:12:02.321+0000][72][safepoint   ] Safepoint "Cleanup", Time since last: 4000391691 ns, Reaching safepoint: 67869 ns, At safepoint: 6444 ns, Total: 74313 ns
[2023-11-29T14:12:03.321+0000][72][safepoint   ] Safepoint "Cleanup", Time since last: 1000124218 ns, Reaching safepoint: 74331 ns, At safepoint: 4397 ns, Total: 78728 ns
[2023-11-29T14:12:04.321+0000][72][safepoint   ] Safepoint "Cleanup", Time since last: 1000140028 ns, Reaching safepoint: 46343 ns, At safepoint: 5936 ns, Total: 52279 ns
[2023-11-29T14:12:12.322+0000][72][safepoint   ] Safepoint "Cleanup", Time since last: 8000798620 ns, Reaching safepoint: 61534 ns, At safepoint: 3128 ns, Total: 64662 ns
[2023-11-29T14:12:13.322+0000][72][safepoint   ] Safepoint "Cleanup", Time since last: 1000222222 ns, Reaching safepoint: 73896 ns, At safepoint: 3730 ns, Total: 77626 ns
[2023-11-29T14:12:14.323+0000][72][safepoint   ] Safepoint "Cleanup", Time since last: 1000275231 ns, Reaching safepoint: 63143 ns, At safepoint: 2844 ns, Total: 65987 ns
[2023-11-29T14:12:17.323+0000][72][safepoint   ] Safepoint "Cleanup", Time since last: 3000313561 ns, Reaching safepoint: 59838 ns, At safepoint: 3194 ns, Total: 63032 ns
[2023-11-29T14:12:19.323+0000][72][safepoint   ] Safepoint "Cleanup", Time since last: 2000173162 ns, Reaching safepoint: 47824 ns, At safepoint: 2392 ns, Total: 50216 ns
[2023-11-29T14:12:20.323+0000][72][safepoint   ] Safepoint "Cleanup", Time since last: 1000105712 ns, Reaching safepoint: 73434 ns, At safepoint: 2854 ns, Total: 76288 ns
[2023-11-29T14:12:29.324+0000][72][safepoint   ] Safepoint "Cleanup", Time since last: 9000987534 ns, Reaching safepoint: 63320 ns, At safepoint: 3271 ns, Total: 66591 ns
[2023-11-29T14:12:30.325+0000][72][safepoint   ] Safepoint "Cleanup", Time since last: 1000107778 ns, Reaching safepoint: 52983 ns, At safepoint: 3032 ns, Total: 56015 ns
[2023-11-29T14:12:38.325+0000][72][safepoint   ] Safepoint "Cleanup", Time since last: 8000685936 ns, Reaching safepoint: 56190 ns, At safepoint: 4061 ns, Total: 60251 ns
[2023-11-29T14:12:39.325+0000][72][safepoint   ] Safepoint "Cleanup", Time since last: 1000126255 ns, Reaching safepoint: 62245 ns, At safepoint: 3219 ns, Total: 65464 ns
[2023-11-29T14:12:40.326+0000][72][safepoint   ] Safepoint "Cleanup", Time since last: 1000136397 ns, Reaching safepoint: 83842 ns, At safepoint: 8689 ns, Total: 92531 ns
[2023-11-29T14:12:42.326+0000][72][safepoint   ] Safepoint "Cleanup", Time since last: 2000246228 ns, Reaching safepoint: 84476 ns, At safepoint: 5473 ns, Total: 89949 ns
[2023-11-29T14:12:44.326+0000][72][safepoint   ] Safepoint "Cleanup", Time since last: 2000204150 ns, Reaching safepoint: 89143 ns, At safepoint: 7786 ns, Total: 96929 ns
[2023-11-29T14:12:48.327+0000][72][safepoint   ] Safepoint "Cleanup", Time since last: 4000424771 ns, Reaching safepoint: 83925 ns, At safepoint: 7771 ns, Total: 91696 ns
[2023-11-29T14:13:43.331+0000][72][safepoint   ] Safepoint "Cleanup", Time since last: 55004182995 ns, Reaching safepoint: 77799 ns, At safepoint: 4601 ns, Total: 82400 ns
[2023-11-29T14:13:47.332+0000][72][safepoint   ] Safepoint "Cleanup", Time since last: 4000997855 ns, Reaching safepoint: 63607 ns, At safepoint: 3210 ns, Total: 66817 ns
[2023-11-29T14:13:48.332+0000][72][safepoint   ] Safepoint "Cleanup", Time since last: 1000111899 ns, Reaching safepoint: 61959 ns, At safepoint: 7144 ns, Total: 69103 ns
[2023-11-29T14:13:50.333+0000][72][safepoint   ] Safepoint "Cleanup", Time since last: 2000225011 ns, Reaching safepoint: 50275 ns, At safepoint: 5961 ns, Total: 56236 ns
[2023-11-29T14:14:02.334+0000][72][safepoint   ] Safepoint "Cleanup", Time since last: 12001397438 ns, Reaching safepoint: 86417 ns, At safepoint: 2884 ns, Total: 89301 ns
[2023-11-29T14:14:08.335+0000][72][safepoint   ] Safepoint "Cleanup", Time since last: 6000509751 ns, Reaching safepoint: 90348 ns, At safepoint: 2874 ns, Total: 93222 ns
[2023-11-29T14:14:12.335+0000][72][safepoint   ] Safepoint "Cleanup", Time since last: 4000308966 ns, Reaching safepoint: 79867 ns, At safepoint: 3445 ns, Total: 83312 ns
[2023-11-29T14:14:18.336+0000][72][safepoint   ] Safepoint "Cleanup", Time since last: 6000669640 ns, Reaching safepoint: 66857 ns, At safepoint: 2849 ns, Total: 69706 ns
[2023-11-29T14:14:23.336+0000][72][safepoint   ] Safepoint "Cleanup", Time since last: 5000447824 ns, Reaching safepoint: 101115 ns, At safepoint: 8757 ns, Total: 109872 ns
[2023-11-29T14:14:24.337+0000][72][safepoint   ] Safepoint "Cleanup", Time since last: 1000350639 ns, Reaching safepoint: 132857 ns, At safepoint: 8267 ns, Total: 141124 ns
[2023-11-29T14:14:25.614+0000][72][gc,heap,exit] Heap
[2023-11-29T14:14:25.615+0000][72][gc,heap,exit]  garbage-first heap   total 524288K, used 339549K [0x00000000e0000000, 0x0000000100000000)
[2023-11-29T14:14:25.615+0000][72][gc,heap,exit]   region size 4096K, 61 young (249856K), 1 survivors (4096K)
[2023-11-29T14:14:25.615+0000][72][gc,heap,exit]  Metaspace       used 121918K, committed 125120K, reserved 1179648K
[2023-11-29T14:14:25.615+0000][72][gc,heap,exit]   class space    used 16564K, committed 18176K, reserved 1048576K
