[2023-11-29T14:16:07.643+0000][68][gc,init] CardTable entry size: 512
[2023-11-29T14:16:07.643+0000][68][gc     ] Using G1
[2023-11-29T14:16:07.685+0000][68][gc,init] Version: 18.0.2.1+1-1 (release)
[2023-11-29T14:16:07.685+0000][68][gc,init] CPUs: 8 total, 8 available
[2023-11-29T14:16:07.685+0000][68][gc,init] Memory: 23854M
[2023-11-29T14:16:07.685+0000][68][gc,init] Large Page Support: Disabled
[2023-11-29T14:16:07.685+0000][68][gc,init] NUMA Support: Disabled
[2023-11-29T14:16:07.685+0000][68][gc,init] Compressed Oops: Enabled (32-bit)
[2023-11-29T14:16:07.685+0000][68][gc,init] Heap Region Size: 4M
[2023-11-29T14:16:07.685+0000][68][gc,init] Heap Min Capacity: 512M
[2023-11-29T14:16:07.685+0000][68][gc,init] Heap Initial Capacity: 512M
[2023-11-29T14:16:07.685+0000][68][gc,init] Heap Max Capacity: 512M
[2023-11-29T14:16:07.685+0000][68][gc,init] Pre-touch: Enabled
[2023-11-29T14:16:07.685+0000][68][gc,init] Parallel Workers: 8
[2023-11-29T14:16:07.685+0000][68][gc,init] Concurrent Workers: 2
[2023-11-29T14:16:07.685+0000][68][gc,init] Concurrent Refinement Workers: 8
[2023-11-29T14:16:07.685+0000][68][gc,init] Periodic GC: Disabled
[2023-11-29T14:16:07.685+0000][68][gc,metaspace] CDS archive(s) mapped at: [0x0000000800000000-0x0000000800bae000-0x0000000800bae000), size 12247040, SharedBaseAddress: 0x0000000800000000, ArchiveRelocationMode: 0.
[2023-11-29T14:16:07.685+0000][68][gc,metaspace] Compressed class space mapped at: 0x0000000800c00000-0x0000000840c00000, reserved size: 1073741824
[2023-11-29T14:16:07.685+0000][68][gc,metaspace] Narrow klass base: 0x0000000800000000, Narrow klass shift: 0, Narrow klass range: 0x100000000
[2023-11-29T14:16:08.016+0000][68][safepoint   ] Safepoint "ICBufferFull", Time since last: 322016127 ns, Reaching safepoint: 3542751 ns, At safepoint: 13115 ns, Total: 3555866 ns
[2023-11-29T14:16:08.392+0000][68][gc,start    ] GC(0) Pause Young (Normal) (G1 Evacuation Pause)
[2023-11-29T14:16:08.392+0000][68][gc,task     ] GC(0) Using 8 workers of 8 for evacuation
[2023-11-29T14:16:08.392+0000][68][gc,age      ] GC(0) Desired survivor size 2097152 bytes, new threshold 15 (max threshold 15)
[2023-11-29T14:16:08.412+0000][68][gc,phases   ] GC(0)   Pre Evacuate Collection Set: 0.1ms
[2023-11-29T14:16:08.412+0000][68][gc,phases   ] GC(0)   Merge Heap Roots: 0.1ms
[2023-11-29T14:16:08.412+0000][68][gc,phases   ] GC(0)   Evacuate Collection Set: 19.6ms
[2023-11-29T14:16:08.412+0000][68][gc,phases   ] GC(0)   Post Evacuate Collection Set: 0.5ms
[2023-11-29T14:16:08.412+0000][68][gc,phases   ] GC(0)   Other: 0.1ms
[2023-11-29T14:16:08.412+0000][68][gc,age      ] GC(0) Age table with threshold 15 (max threshold 15)
[2023-11-29T14:16:08.412+0000][68][gc,age      ] GC(0) - age   1:    3191424 bytes,    3191424 total
[2023-11-29T14:16:08.412+0000][68][gc,heap     ] GC(0) Eden regions: 6->0(13)
[2023-11-29T14:16:08.412+0000][68][gc,heap     ] GC(0) Survivor regions: 0->1(1)
[2023-11-29T14:16:08.412+0000][68][gc,heap     ] GC(0) Old regions: 0->0
[2023-11-29T14:16:08.412+0000][68][gc,heap     ] GC(0) Archive regions: 2->2
[2023-11-29T14:16:08.412+0000][68][gc,heap     ] GC(0) Humongous regions: 0->0
[2023-11-29T14:16:08.413+0000][68][gc,metaspace] GC(0) Metaspace: 3314K(3520K)->3314K(3520K) NonClass: 2974K(3072K)->2974K(3072K) Class: 340K(448K)->340K(448K)
[2023-11-29T14:16:08.413+0000][68][gc          ] GC(0) Pause Young (Normal) (G1 Evacuation Pause) 27M->6M(512M) 20.628ms
[2023-11-29T14:16:08.413+0000][68][gc,cpu      ] GC(0) User=0.01s Sys=0.00s Real=0.02s
[2023-11-29T14:16:08.413+0000][68][safepoint   ] Safepoint "G1CollectForAllocation", Time since last: 375905124 ns, Reaching safepoint: 61933 ns, At safepoint: 20677408 ns, Total: 20739341 ns
[2023-11-29T14:16:09.364+0000][68][safepoint   ] Safepoint "ICBufferFull", Time since last: 951242766 ns, Reaching safepoint: 171828 ns, At safepoint: 2613 ns, Total: 174441 ns
[2023-11-29T14:16:09.933+0000][68][safepoint   ] Safepoint "ICBufferFull", Time since last: 567869537 ns, Reaching safepoint: 668143 ns, At safepoint: 12737 ns, Total: 680880 ns
[2023-11-29T14:16:10.513+0000][68][gc,start    ] GC(1) Pause Young (Normal) (G1 Evacuation Pause)
[2023-11-29T14:16:10.513+0000][68][gc,task     ] GC(1) Using 8 workers of 8 for evacuation
[2023-11-29T14:16:10.513+0000][68][gc,age      ] GC(1) Desired survivor size 4194304 bytes, new threshold 15 (max threshold 15)
[2023-11-29T14:16:10.519+0000][68][gc,phases   ] GC(1)   Pre Evacuate Collection Set: 0.1ms
[2023-11-29T14:16:10.519+0000][68][gc,phases   ] GC(1)   Merge Heap Roots: 0.0ms
[2023-11-29T14:16:10.519+0000][68][gc,phases   ] GC(1)   Evacuate Collection Set: 5.1ms
[2023-11-29T14:16:10.519+0000][68][gc,phases   ] GC(1)   Post Evacuate Collection Set: 0.7ms
[2023-11-29T14:16:10.519+0000][68][gc,phases   ] GC(1)   Other: 0.1ms
[2023-11-29T14:16:10.519+0000][68][gc,age      ] GC(1) Age table with threshold 15 (max threshold 15)
[2023-11-29T14:16:10.519+0000][68][gc,age      ] GC(1) - age   1:    4739312 bytes,    4739312 total
[2023-11-29T14:16:10.519+0000][68][gc,age      ] GC(1) - age   2:    3149392 bytes,    7888704 total
[2023-11-29T14:16:10.519+0000][68][gc,heap     ] GC(1) Eden regions: 13->0(22)
[2023-11-29T14:16:10.519+0000][68][gc,heap     ] GC(1) Survivor regions: 1->2(2)
[2023-11-29T14:16:10.519+0000][68][gc,heap     ] GC(1) Old regions: 0->0
[2023-11-29T14:16:10.519+0000][68][gc,heap     ] GC(1) Archive regions: 2->2
[2023-11-29T14:16:10.519+0000][68][gc,heap     ] GC(1) Humongous regions: 0->0
[2023-11-29T14:16:10.519+0000][68][gc,metaspace] GC(1) Metaspace: 14899K(15360K)->14899K(15360K) NonClass: 13150K(13376K)->13150K(13376K) Class: 1749K(1984K)->1749K(1984K)
[2023-11-29T14:16:10.519+0000][68][gc          ] GC(1) Pause Young (Normal) (G1 Evacuation Pause) 58M->11M(512M) 6.104ms
[2023-11-29T14:16:10.519+0000][68][gc,cpu      ] GC(1) User=0.01s Sys=0.00s Real=0.01s
[2023-11-29T14:16:10.519+0000][68][safepoint   ] Safepoint "G1CollectForAllocation", Time since last: 580490565 ns, Reaching safepoint: 107392 ns, At safepoint: 6137139 ns, Total: 6244531 ns
[2023-11-29T14:16:11.274+0000][68][safepoint   ] Safepoint "ICBufferFull", Time since last: 754618053 ns, Reaching safepoint: 161489 ns, At safepoint: 5039 ns, Total: 166528 ns
[2023-11-29T14:16:11.558+0000][68][gc,start    ] GC(2) Pause Young (Normal) (G1 Evacuation Pause)
[2023-11-29T14:16:11.558+0000][68][gc,task     ] GC(2) Using 8 workers of 8 for evacuation
[2023-11-29T14:16:11.558+0000][68][gc,age      ] GC(2) Desired survivor size 6291456 bytes, new threshold 2 (max threshold 15)
[2023-11-29T14:16:11.583+0000][68][gc,phases   ] GC(2)   Pre Evacuate Collection Set: 0.1ms
[2023-11-29T14:16:11.583+0000][68][gc,phases   ] GC(2)   Merge Heap Roots: 0.0ms
[2023-11-29T14:16:11.583+0000][68][gc,phases   ] GC(2)   Evacuate Collection Set: 21.7ms
[2023-11-29T14:16:11.583+0000][68][gc,phases   ] GC(2)   Post Evacuate Collection Set: 3.4ms
[2023-11-29T14:16:11.583+0000][68][gc,phases   ] GC(2)   Other: 0.1ms
[2023-11-29T14:16:11.583+0000][68][gc,age      ] GC(2) Age table with threshold 2 (max threshold 15)
[2023-11-29T14:16:11.583+0000][68][gc,age      ] GC(2) - age   1:    3457040 bytes,    3457040 total
[2023-11-29T14:16:11.583+0000][68][gc,age      ] GC(2) - age   2:    3981208 bytes,    7438248 total
[2023-11-29T14:16:11.583+0000][68][gc,heap     ] GC(2) Eden regions: 22->0(74)
[2023-11-29T14:16:11.583+0000][68][gc,heap     ] GC(2) Survivor regions: 2->2(3)
[2023-11-29T14:16:11.583+0000][68][gc,heap     ] GC(2) Old regions: 0->1
[2023-11-29T14:16:11.583+0000][68][gc,heap     ] GC(2) Archive regions: 2->2
[2023-11-29T14:16:11.583+0000][68][gc,heap     ] GC(2) Humongous regions: 0->0
[2023-11-29T14:16:11.583+0000][68][gc,metaspace] GC(2) Metaspace: 16934K(17344K)->16934K(17344K) NonClass: 14998K(15232K)->14998K(15232K) Class: 1935K(2112K)->1935K(2112K)
[2023-11-29T14:16:11.583+0000][68][gc          ] GC(2) Pause Young (Normal) (G1 Evacuation Pause) 99M->14M(512M) 25.487ms
[2023-11-29T14:16:11.583+0000][68][gc,cpu      ] GC(2) User=0.07s Sys=0.00s Real=0.02s
[2023-11-29T14:16:11.583+0000][68][safepoint   ] Safepoint "G1CollectForAllocation", Time since last: 283739618 ns, Reaching safepoint: 105976 ns, At safepoint: 25546959 ns, Total: 25652935 ns
[2023-11-29T14:16:12.343+0000][68][gc,start    ] GC(3) Pause Young (Concurrent Start) (Metadata GC Threshold)
[2023-11-29T14:16:12.343+0000][68][gc,task     ] GC(3) Using 8 workers of 8 for evacuation
[2023-11-29T14:16:12.343+0000][68][gc,age      ] GC(3) Desired survivor size 20971520 bytes, new threshold 15 (max threshold 15)
[2023-11-29T14:16:12.352+0000][68][gc,phases   ] GC(3)   Pre Evacuate Collection Set: 0.1ms
[2023-11-29T14:16:12.352+0000][68][gc,phases   ] GC(3)   Merge Heap Roots: 0.0ms
[2023-11-29T14:16:12.352+0000][68][gc,phases   ] GC(3)   Evacuate Collection Set: 8.4ms
[2023-11-29T14:16:12.352+0000][68][gc,phases   ] GC(3)   Post Evacuate Collection Set: 0.8ms
[2023-11-29T14:16:12.352+0000][68][gc,phases   ] GC(3)   Other: 0.1ms
[2023-11-29T14:16:12.352+0000][68][gc,age      ] GC(3) Age table with threshold 15 (max threshold 15)
[2023-11-29T14:16:12.352+0000][68][gc,age      ] GC(3) - age   1:    2204624 bytes,    2204624 total
[2023-11-29T14:16:12.352+0000][68][gc,age      ] GC(3) - age   2:    1544632 bytes,    3749256 total
[2023-11-29T14:16:12.352+0000][68][gc,age      ] GC(3) - age   3:    3977392 bytes,    7726648 total
[2023-11-29T14:16:12.352+0000][68][gc,heap     ] GC(3) Eden regions: 18->0(74)
[2023-11-29T14:16:12.352+0000][68][gc,heap     ] GC(3) Survivor regions: 2->2(10)
[2023-11-29T14:16:12.352+0000][68][gc,heap     ] GC(3) Old regions: 1->1
[2023-11-29T14:16:12.352+0000][68][gc,heap     ] GC(3) Archive regions: 2->2
[2023-11-29T14:16:12.352+0000][68][gc,heap     ] GC(3) Humongous regions: 0->0
[2023-11-29T14:16:12.352+0000][68][gc,metaspace] GC(3) Metaspace: 21086K(21504K)->21086K(21504K) NonClass: 18742K(18944K)->18742K(18944K) Class: 2344K(2560K)->2344K(2560K)
[2023-11-29T14:16:12.353+0000][68][gc          ] GC(3) Pause Young (Concurrent Start) (Metadata GC Threshold) 84M->14M(512M) 9.682ms
[2023-11-29T14:16:12.353+0000][68][gc,cpu      ] GC(3) User=0.02s Sys=0.00s Real=0.01s
[2023-11-29T14:16:12.353+0000][68][safepoint   ] Safepoint "CollectForMetadataAllocation", Time since last: 759152803 ns, Reaching safepoint: 210838 ns, At safepoint: 9813286 ns, Total: 10024124 ns
[2023-11-29T14:16:12.353+0000][68][gc          ] GC(4) Concurrent Mark Cycle
[2023-11-29T14:16:12.353+0000][68][gc,marking  ] GC(4) Concurrent Clear Claimed Marks
[2023-11-29T14:16:12.353+0000][68][gc,marking  ] GC(4) Concurrent Clear Claimed Marks 0.029ms
[2023-11-29T14:16:12.353+0000][68][gc,marking  ] GC(4) Concurrent Scan Root Regions
[2023-11-29T14:16:12.373+0000][68][gc,marking  ] GC(4) Concurrent Scan Root Regions 20.000ms
[2023-11-29T14:16:12.373+0000][68][gc,marking  ] GC(4) Concurrent Mark
[2023-11-29T14:16:12.373+0000][68][gc,marking  ] GC(4) Concurrent Mark From Roots
[2023-11-29T14:16:12.373+0000][68][gc,task     ] GC(4) Using 2 workers of 2 for marking
[2023-11-29T14:16:12.373+0000][68][safepoint   ] Safepoint "CollectForMetadataAllocation", Time since last: 20166684 ns, Reaching safepoint: 113097 ns, At safepoint: 78824 ns, Total: 191921 ns
[2023-11-29T14:16:12.377+0000][68][gc,marking  ] GC(4) Concurrent Mark From Roots 4.430ms
[2023-11-29T14:16:12.377+0000][68][gc,marking  ] GC(4) Concurrent Preclean
[2023-11-29T14:16:12.377+0000][68][gc,marking  ] GC(4) Concurrent Preclean 0.036ms
[2023-11-29T14:16:12.380+0000][68][gc,start    ] GC(4) Pause Remark
[2023-11-29T14:16:12.387+0000][68][gc          ] GC(4) Pause Remark 16M->16M(512M) 6.857ms
[2023-11-29T14:16:12.387+0000][68][gc,cpu      ] GC(4) User=0.01s Sys=0.00s Real=0.01s
[2023-11-29T14:16:12.387+0000][68][safepoint   ] Safepoint "G1Concurrent", Time since last: 6908368 ns, Reaching safepoint: 245899 ns, At safepoint: 6927622 ns, Total: 7173521 ns
[2023-11-29T14:16:12.387+0000][68][gc,marking  ] GC(4) Concurrent Mark 14.341ms
[2023-11-29T14:16:12.387+0000][68][gc,marking  ] GC(4) Concurrent Rebuild Remembered Sets
[2023-11-29T14:16:12.389+0000][68][gc,marking  ] GC(4) Concurrent Rebuild Remembered Sets 2.012ms
[2023-11-29T14:16:12.389+0000][68][gc,start    ] GC(4) Pause Cleanup
[2023-11-29T14:16:12.389+0000][68][gc          ] GC(4) Pause Cleanup 16M->16M(512M) 0.088ms
[2023-11-29T14:16:12.389+0000][68][gc,cpu      ] GC(4) User=0.00s Sys=0.00s Real=0.00s
[2023-11-29T14:16:12.389+0000][68][safepoint   ] Safepoint "G1Concurrent", Time since last: 2091372 ns, Reaching safepoint: 47506 ns, At safepoint: 125793 ns, Total: 173299 ns
[2023-11-29T14:16:12.389+0000][68][gc,marking  ] GC(4) Concurrent Cleanup for Next Mark
[2023-11-29T14:16:12.390+0000][68][gc,marking  ] GC(4) Concurrent Cleanup for Next Mark 0.518ms
[2023-11-29T14:16:12.390+0000][68][gc          ] GC(4) Concurrent Mark Cycle 37.255ms
[2023-11-29T14:16:13.143+0000][68][safepoint   ] Safepoint "ICBufferFull", Time since last: 753176931 ns, Reaching safepoint: 153331 ns, At safepoint: 6855 ns, Total: 160186 ns
[2023-11-29T14:16:13.567+0000][68][gc,start    ] GC(5) Pause Young (Normal) (G1 Evacuation Pause)
[2023-11-29T14:16:13.567+0000][68][gc,task     ] GC(5) Using 8 workers of 8 for evacuation
[2023-11-29T14:16:13.567+0000][68][gc,age      ] GC(5) Desired survivor size 20971520 bytes, new threshold 15 (max threshold 15)
[2023-11-29T14:16:13.574+0000][68][gc,phases   ] GC(5)   Pre Evacuate Collection Set: 0.0ms
[2023-11-29T14:16:13.574+0000][68][gc,phases   ] GC(5)   Merge Heap Roots: 0.0ms
[2023-11-29T14:16:13.574+0000][68][gc,phases   ] GC(5)   Evacuate Collection Set: 5.6ms
[2023-11-29T14:16:13.574+0000][68][gc,phases   ] GC(5)   Post Evacuate Collection Set: 0.5ms
[2023-11-29T14:16:13.574+0000][68][gc,phases   ] GC(5)   Other: 0.1ms
[2023-11-29T14:16:13.574+0000][68][gc,age      ] GC(5) Age table with threshold 15 (max threshold 15)
[2023-11-29T14:16:13.574+0000][68][gc,age      ] GC(5) - age   1:    7960304 bytes,    7960304 total
[2023-11-29T14:16:13.574+0000][68][gc,age      ] GC(5) - age   2:    2173792 bytes,   10134096 total
[2023-11-29T14:16:13.574+0000][68][gc,age      ] GC(5) - age   3:    1542984 bytes,   11677080 total
[2023-11-29T14:16:13.574+0000][68][gc,age      ] GC(5) - age   4:    3975864 bytes,   15652944 total
[2023-11-29T14:16:13.574+0000][68][gc,heap     ] GC(5) Eden regions: 74->0(72)
[2023-11-29T14:16:13.574+0000][68][gc,heap     ] GC(5) Survivor regions: 2->4(10)
[2023-11-29T14:16:13.574+0000][68][gc,heap     ] GC(5) Old regions: 1->1
[2023-11-29T14:16:13.574+0000][68][gc,heap     ] GC(5) Archive regions: 2->2
[2023-11-29T14:16:13.574+0000][68][gc,heap     ] GC(5) Humongous regions: 0->0
[2023-11-29T14:16:13.574+0000][68][gc,metaspace] GC(5) Metaspace: 24729K(25280K)->24729K(25280K) NonClass: 21861K(22144K)->21861K(22144K) Class: 2867K(3136K)->2867K(3136K)
[2023-11-29T14:16:13.574+0000][68][gc          ] GC(5) Pause Young (Normal) (G1 Evacuation Pause) 310M->22M(512M) 6.474ms
[2023-11-29T14:16:13.574+0000][68][gc,cpu      ] GC(5) User=0.03s Sys=0.00s Real=0.00s
[2023-11-29T14:16:13.574+0000][68][safepoint   ] Safepoint "G1CollectForAllocation", Time since last: 424492867 ns, Reaching safepoint: 62740 ns, At safepoint: 6506153 ns, Total: 6568893 ns
[2023-11-29T14:16:14.012+0000][68][safepoint   ] Safepoint "ICBufferFull", Time since last: 438308419 ns, Reaching safepoint: 156947 ns, At safepoint: 5360 ns, Total: 162307 ns
[2023-11-29T14:16:14.423+0000][68][gc,start    ] GC(6) Pause Young (Normal) (G1 Evacuation Pause)
[2023-11-29T14:16:14.423+0000][68][gc,task     ] GC(6) Using 8 workers of 8 for evacuation
[2023-11-29T14:16:14.423+0000][68][gc,age      ] GC(6) Desired survivor size 20971520 bytes, new threshold 15 (max threshold 15)
[2023-11-29T14:16:14.429+0000][68][gc,phases   ] GC(6)   Pre Evacuate Collection Set: 0.0ms
[2023-11-29T14:16:14.429+0000][68][gc,phases   ] GC(6)   Merge Heap Roots: 0.0ms
[2023-11-29T14:16:14.429+0000][68][gc,phases   ] GC(6)   Evacuate Collection Set: 5.5ms
[2023-11-29T14:16:14.429+0000][68][gc,phases   ] GC(6)   Post Evacuate Collection Set: 0.5ms
[2023-11-29T14:16:14.429+0000][68][gc,phases   ] GC(6)   Other: 0.1ms
[2023-11-29T14:16:14.429+0000][68][gc,age      ] GC(6) Age table with threshold 15 (max threshold 15)
[2023-11-29T14:16:14.429+0000][68][gc,age      ] GC(6) - age   1:    4359056 bytes,    4359056 total
[2023-11-29T14:16:14.429+0000][68][gc,age      ] GC(6) - age   2:    6602360 bytes,   10961416 total
[2023-11-29T14:16:14.429+0000][68][gc,age      ] GC(6) - age   3:    2170552 bytes,   13131968 total
[2023-11-29T14:16:14.429+0000][68][gc,age      ] GC(6) - age   4:    1521088 bytes,   14653056 total
[2023-11-29T14:16:14.429+0000][68][gc,age      ] GC(6) - age   5:    3967040 bytes,   18620096 total
[2023-11-29T14:16:14.429+0000][68][gc,heap     ] GC(6) Eden regions: 72->0(71)
[2023-11-29T14:16:14.429+0000][68][gc,heap     ] GC(6) Survivor regions: 4->5(10)
[2023-11-29T14:16:14.429+0000][68][gc,heap     ] GC(6) Old regions: 1->1
[2023-11-29T14:16:14.429+0000][68][gc,heap     ] GC(6) Archive regions: 2->2
[2023-11-29T14:16:14.429+0000][68][gc,heap     ] GC(6) Humongous regions: 0->0
[2023-11-29T14:16:14.429+0000][68][gc,metaspace] GC(6) Metaspace: 31029K(31680K)->31029K(31680K) NonClass: 27449K(27840K)->27449K(27840K) Class: 3580K(3840K)->3580K(3840K)
[2023-11-29T14:16:14.429+0000][68][gc          ] GC(6) Pause Young (Normal) (G1 Evacuation Pause) 310M->25M(512M) 6.300ms
[2023-11-29T14:16:14.429+0000][68][gc,cpu      ] GC(6) User=0.03s Sys=0.00s Real=0.01s
[2023-11-29T14:16:14.429+0000][68][safepoint   ] Safepoint "G1CollectForAllocation", Time since last: 410326021 ns, Reaching safepoint: 152699 ns, At safepoint: 6339807 ns, Total: 6492506 ns
[2023-11-29T14:16:15.082+0000][68][gc,start    ] GC(7) Pause Young (Normal) (G1 Evacuation Pause)
[2023-11-29T14:16:15.082+0000][68][gc,task     ] GC(7) Using 8 workers of 8 for evacuation
[2023-11-29T14:16:15.082+0000][68][gc,age      ] GC(7) Desired survivor size 20971520 bytes, new threshold 15 (max threshold 15)
[2023-11-29T14:16:15.090+0000][68][gc,phases   ] GC(7)   Pre Evacuate Collection Set: 0.1ms
[2023-11-29T14:16:15.090+0000][68][gc,phases   ] GC(7)   Merge Heap Roots: 0.0ms
[2023-11-29T14:16:15.090+0000][68][gc,phases   ] GC(7)   Evacuate Collection Set: 7.0ms
[2023-11-29T14:16:15.090+0000][68][gc,phases   ] GC(7)   Post Evacuate Collection Set: 0.6ms
[2023-11-29T14:16:15.090+0000][68][gc,phases   ] GC(7)   Other: 0.1ms
[2023-11-29T14:16:15.090+0000][68][gc,age      ] GC(7) Age table with threshold 15 (max threshold 15)
[2023-11-29T14:16:15.090+0000][68][gc,age      ] GC(7) - age   1:    7190104 bytes,    7190104 total
[2023-11-29T14:16:15.090+0000][68][gc,age      ] GC(7) - age   2:    3960608 bytes,   11150712 total
[2023-11-29T14:16:15.090+0000][68][gc,age      ] GC(7) - age   3:    6599976 bytes,   17750688 total
[2023-11-29T14:16:15.090+0000][68][gc,age      ] GC(7) - age   4:    2169912 bytes,   19920600 total
[2023-11-29T14:16:15.090+0000][68][gc,age      ] GC(7) - age   5:    1520808 bytes,   21441408 total
[2023-11-29T14:16:15.090+0000][68][gc,age      ] GC(7) - age   6:    3962688 bytes,   25404096 total
[2023-11-29T14:16:15.090+0000][68][gc,heap     ] GC(7) Eden regions: 71->0(69)
[2023-11-29T14:16:15.090+0000][68][gc,heap     ] GC(7) Survivor regions: 5->7(10)
[2023-11-29T14:16:15.090+0000][68][gc,heap     ] GC(7) Old regions: 1->1
[2023-11-29T14:16:15.090+0000][68][gc,heap     ] GC(7) Archive regions: 2->2
[2023-11-29T14:16:15.090+0000][68][gc,heap     ] GC(7) Humongous regions: 0->0
[2023-11-29T14:16:15.090+0000][68][gc,metaspace] GC(7) Metaspace: 33428K(34240K)->33428K(34240K) NonClass: 29532K(29952K)->29532K(29952K) Class: 3896K(4288K)->3896K(4288K)
[2023-11-29T14:16:15.090+0000][68][gc          ] GC(7) Pause Young (Normal) (G1 Evacuation Pause) 309M->33M(512M) 7.902ms
[2023-11-29T14:16:15.090+0000][68][gc,cpu      ] GC(7) User=0.04s Sys=0.00s Real=0.01s
[2023-11-29T14:16:15.090+0000][68][safepoint   ] Safepoint "G1CollectForAllocation", Time since last: 652827020 ns, Reaching safepoint: 147743 ns, At safepoint: 7935828 ns, Total: 8083571 ns
[2023-11-29T14:16:15.517+0000][68][gc,start    ] GC(8) Pause Young (Concurrent Start) (Metadata GC Threshold)
[2023-11-29T14:16:15.518+0000][68][gc,task     ] GC(8) Using 8 workers of 8 for evacuation
[2023-11-29T14:16:15.518+0000][68][gc,age      ] GC(8) Desired survivor size 20971520 bytes, new threshold 5 (max threshold 15)
[2023-11-29T14:16:15.532+0000][68][gc,phases   ] GC(8)   Pre Evacuate Collection Set: 0.1ms
[2023-11-29T14:16:15.532+0000][68][gc,phases   ] GC(8)   Merge Heap Roots: 0.1ms
[2023-11-29T14:16:15.532+0000][68][gc,phases   ] GC(8)   Evacuate Collection Set: 12.8ms
[2023-11-29T14:16:15.532+0000][68][gc,phases   ] GC(8)   Post Evacuate Collection Set: 0.9ms
[2023-11-29T14:16:15.532+0000][68][gc,phases   ] GC(8)   Other: 0.1ms
[2023-11-29T14:16:15.532+0000][68][gc,age      ] GC(8) Age table with threshold 5 (max threshold 15)
[2023-11-29T14:16:15.532+0000][68][gc,age      ] GC(8) - age   1:    2088056 bytes,    2088056 total
[2023-11-29T14:16:15.532+0000][68][gc,age      ] GC(8) - age   2:    5522728 bytes,    7610784 total
[2023-11-29T14:16:15.532+0000][68][gc,age      ] GC(8) - age   3:    3938696 bytes,   11549480 total
[2023-11-29T14:16:15.532+0000][68][gc,age      ] GC(8) - age   4:    6583272 bytes,   18132752 total
[2023-11-29T14:16:15.532+0000][68][gc,age      ] GC(8) - age   5:    2167648 bytes,   20300400 total
[2023-11-29T14:16:15.532+0000][68][gc,heap     ] GC(8) Eden regions: 32->0(70)
[2023-11-29T14:16:15.532+0000][68][gc,heap     ] GC(8) Survivor regions: 7->6(10)
[2023-11-29T14:16:15.532+0000][68][gc,heap     ] GC(8) Old regions: 1->3
[2023-11-29T14:16:15.532+0000][68][gc,heap     ] GC(8) Archive regions: 2->2
[2023-11-29T14:16:15.532+0000][68][gc,heap     ] GC(8) Humongous regions: 0->0
[2023-11-29T14:16:15.532+0000][68][gc,metaspace] GC(8) Metaspace: 35654K(36480K)->35654K(36480K) NonClass: 31465K(31936K)->31465K(31936K) Class: 4188K(4544K)->4188K(4544K)
[2023-11-29T14:16:15.532+0000][68][gc          ] GC(8) Pause Young (Concurrent Start) (Metadata GC Threshold) 159M->34M(512M) 14.352ms
[2023-11-29T14:16:15.532+0000][68][gc,cpu      ] GC(8) User=0.06s Sys=0.00s Real=0.01s
[2023-11-29T14:16:15.532+0000][68][safepoint   ] Safepoint "CollectForMetadataAllocation", Time since last: 427363717 ns, Reaching safepoint: 94041 ns, At safepoint: 14490537 ns, Total: 14584578 ns
[2023-11-29T14:16:15.534+0000][68][gc          ] GC(9) Concurrent Mark Cycle
[2023-11-29T14:16:15.534+0000][68][gc,marking  ] GC(9) Concurrent Clear Claimed Marks
[2023-11-29T14:16:15.534+0000][68][gc,marking  ] GC(9) Concurrent Clear Claimed Marks 0.047ms
[2023-11-29T14:16:15.534+0000][68][gc,marking  ] GC(9) Concurrent Scan Root Regions
[2023-11-29T14:16:15.540+0000][68][gc,marking  ] GC(9) Concurrent Scan Root Regions 5.960ms
[2023-11-29T14:16:15.540+0000][68][gc,marking  ] GC(9) Concurrent Mark
[2023-11-29T14:16:15.540+0000][68][gc,marking  ] GC(9) Concurrent Mark From Roots
[2023-11-29T14:16:15.540+0000][68][gc,task     ] GC(9) Using 2 workers of 2 for marking
[2023-11-29T14:16:15.545+0000][68][gc,marking  ] GC(9) Concurrent Mark From Roots 5.124ms
[2023-11-29T14:16:15.545+0000][68][gc,marking  ] GC(9) Concurrent Preclean
[2023-11-29T14:16:15.545+0000][68][gc,marking  ] GC(9) Concurrent Preclean 0.035ms
[2023-11-29T14:16:15.546+0000][68][gc,start    ] GC(9) Pause Remark
[2023-11-29T14:16:15.549+0000][68][gc          ] GC(9) Pause Remark 36M->36M(512M) 3.703ms
[2023-11-29T14:16:15.549+0000][68][gc,cpu      ] GC(9) User=0.01s Sys=0.00s Real=0.00s
[2023-11-29T14:16:15.549+0000][68][safepoint   ] Safepoint "G1Concurrent", Time since last: 13124885 ns, Reaching safepoint: 718350 ns, At safepoint: 3777859 ns, Total: 4496209 ns
[2023-11-29T14:16:15.550+0000][68][gc,marking  ] GC(9) Concurrent Mark 9.750ms
[2023-11-29T14:16:15.550+0000][68][gc,marking  ] GC(9) Concurrent Rebuild Remembered Sets
[2023-11-29T14:16:15.556+0000][68][gc,marking  ] GC(9) Concurrent Rebuild Remembered Sets 6.421ms
[2023-11-29T14:16:15.556+0000][68][gc,start    ] GC(9) Pause Cleanup
[2023-11-29T14:16:15.556+0000][68][gc          ] GC(9) Pause Cleanup 36M->36M(512M) 0.057ms
[2023-11-29T14:16:15.556+0000][68][gc,cpu      ] GC(9) User=0.00s Sys=0.00s Real=0.00s
[2023-11-29T14:16:15.556+0000][68][safepoint   ] Safepoint "G1Concurrent", Time since last: 6500422 ns, Reaching safepoint: 91787 ns, At safepoint: 102846 ns, Total: 194633 ns
[2023-11-29T14:16:15.556+0000][68][gc,marking  ] GC(9) Concurrent Cleanup for Next Mark
[2023-11-29T14:16:15.557+0000][68][gc,marking  ] GC(9) Concurrent Cleanup for Next Mark 0.538ms
[2023-11-29T14:16:15.557+0000][68][gc          ] GC(9) Concurrent Mark Cycle 23.159ms
[2023-11-29T14:16:16.212+0000][68][safepoint   ] Safepoint "ICBufferFull", Time since last: 655071481 ns, Reaching safepoint: 465973 ns, At safepoint: 4136 ns, Total: 470109 ns
[2023-11-29T14:16:16.840+0000][68][safepoint   ] Safepoint "ICBufferFull", Time since last: 627827387 ns, Reaching safepoint: 185136 ns, At safepoint: 3058 ns, Total: 188194 ns
[2023-11-29T14:16:17.840+0000][68][safepoint   ] Safepoint "Cleanup", Time since last: 1000143959 ns, Reaching safepoint: 266829 ns, At safepoint: 19104 ns, Total: 285933 ns
[2023-11-29T14:16:17.908+0000][68][gc,start    ] GC(10) Pause Young (Normal) (G1 Evacuation Pause)
[2023-11-29T14:16:17.908+0000][68][gc,task     ] GC(10) Using 8 workers of 8 for evacuation
[2023-11-29T14:16:17.908+0000][68][gc,age      ] GC(10) Desired survivor size 20971520 bytes, new threshold 15 (max threshold 15)
[2023-11-29T14:16:17.932+0000][68][gc,phases   ] GC(10)   Pre Evacuate Collection Set: 0.0ms
[2023-11-29T14:16:17.932+0000][68][gc,phases   ] GC(10)   Merge Heap Roots: 0.0ms
[2023-11-29T14:16:17.932+0000][68][gc,phases   ] GC(10)   Evacuate Collection Set: 22.5ms
[2023-11-29T14:16:17.932+0000][68][gc,phases   ] GC(10)   Post Evacuate Collection Set: 1.3ms
[2023-11-29T14:16:17.932+0000][68][gc,phases   ] GC(10)   Other: 0.1ms
[2023-11-29T14:16:17.932+0000][68][gc,age      ] GC(10) Age table with threshold 15 (max threshold 15)
[2023-11-29T14:16:17.932+0000][68][gc,age      ] GC(10) - age   1:   19660072 bytes,   19660072 total
[2023-11-29T14:16:17.932+0000][68][gc,age      ] GC(10) - age   2:    2046592 bytes,   21706664 total
[2023-11-29T14:16:17.932+0000][68][gc,age      ] GC(10) - age   3:    5505048 bytes,   27211712 total
[2023-11-29T14:16:17.932+0000][68][gc,age      ] GC(10) - age   4:    3927472 bytes,   31139184 total
[2023-11-29T14:16:17.933+0000][68][gc,age      ] GC(10) - age   5:    6561984 bytes,   37701168 total
[2023-11-29T14:16:17.933+0000][68][gc,age      ] GC(10) - age   6:    2161592 bytes,   39862760 total
[2023-11-29T14:16:17.933+0000][68][gc,heap     ] GC(10) Eden regions: 70->0(66)
[2023-11-29T14:16:17.933+0000][68][gc,heap     ] GC(10) Survivor regions: 6->10(10)
[2023-11-29T14:16:17.933+0000][68][gc,heap     ] GC(10) Old regions: 3->3
[2023-11-29T14:16:17.933+0000][68][gc,heap     ] GC(10) Archive regions: 2->2
[2023-11-29T14:16:17.933+0000][68][gc,heap     ] GC(10) Humongous regions: 0->0
[2023-11-29T14:16:17.933+0000][68][gc,metaspace] GC(10) Metaspace: 43805K(45056K)->43805K(45056K) NonClass: 38520K(39232K)->38520K(39232K) Class: 5284K(5824K)->5284K(5824K)
[2023-11-29T14:16:17.933+0000][68][gc          ] GC(10) Pause Young (Normal) (G1 Evacuation Pause) 314M->52M(512M) 24.174ms
[2023-11-29T14:16:17.933+0000][68][gc,cpu      ] GC(10) User=0.09s Sys=0.00s Real=0.02s
[2023-11-29T14:16:17.933+0000][68][safepoint   ] Safepoint "G1CollectForAllocation", Time since last: 68107974 ns, Reaching safepoint: 79116 ns, At safepoint: 24210219 ns, Total: 24289335 ns
[2023-11-29T14:16:18.424+0000][68][safepoint   ] Safepoint "ICBufferFull", Time since last: 489968312 ns, Reaching safepoint: 1357837 ns, At safepoint: 6633 ns, Total: 1364470 ns
[2023-11-29T14:16:19.203+0000][68][gc,start    ] GC(11) Pause Young (Concurrent Start) (Metadata GC Threshold)
[2023-11-29T14:16:19.203+0000][68][gc,task     ] GC(11) Using 8 workers of 8 for evacuation
[2023-11-29T14:16:19.203+0000][68][gc,age      ] GC(11) Desired survivor size 20971520 bytes, new threshold 2 (max threshold 15)
[2023-11-29T14:16:19.243+0000][68][gc,phases   ] GC(11)   Pre Evacuate Collection Set: 0.1ms
[2023-11-29T14:16:19.243+0000][68][gc,phases   ] GC(11)   Merge Heap Roots: 0.1ms
[2023-11-29T14:16:19.243+0000][68][gc,phases   ] GC(11)   Evacuate Collection Set: 36.5ms
[2023-11-29T14:16:19.243+0000][68][gc,phases   ] GC(11)   Post Evacuate Collection Set: 3.4ms
[2023-11-29T14:16:19.243+0000][68][gc,phases   ] GC(11)   Other: 0.1ms
[2023-11-29T14:16:19.243+0000][68][gc,age      ] GC(11) Age table with threshold 2 (max threshold 15)
[2023-11-29T14:16:19.243+0000][68][gc,age      ] GC(11) - age   1:    5700152 bytes,    5700152 total
[2023-11-29T14:16:19.243+0000][68][gc,age      ] GC(11) - age   2:   19531264 bytes,   25231416 total
[2023-11-29T14:16:19.243+0000][68][gc,heap     ] GC(11) Eden regions: 40->0(69)
[2023-11-29T14:16:19.243+0000][68][gc,heap     ] GC(11) Survivor regions: 10->7(10)
[2023-11-29T14:16:19.243+0000][68][gc,heap     ] GC(11) Old regions: 3->7
[2023-11-29T14:16:19.243+0000][68][gc,heap     ] GC(11) Archive regions: 2->2
[2023-11-29T14:16:19.243+0000][68][gc,heap     ] GC(11) Humongous regions: 0->0
[2023-11-29T14:16:19.243+0000][68][gc,metaspace] GC(11) Metaspace: 59593K(61120K)->59593K(61120K) NonClass: 52014K(52864K)->52014K(52864K) Class: 7578K(8256K)->7578K(8256K)
[2023-11-29T14:16:19.243+0000][68][gc          ] GC(11) Pause Young (Concurrent Start) (Metadata GC Threshold) 210M->57M(512M) 40.490ms
[2023-11-29T14:16:19.243+0000][68][gc,cpu      ] GC(11) User=0.09s Sys=0.00s Real=0.04s
[2023-11-29T14:16:19.244+0000][68][safepoint   ] Safepoint "CollectForMetadataAllocation", Time since last: 778917179 ns, Reaching safepoint: 119959 ns, At safepoint: 40613518 ns, Total: 40733477 ns
[2023-11-29T14:16:19.244+0000][68][gc          ] GC(12) Concurrent Mark Cycle
[2023-11-29T14:16:19.244+0000][68][gc,marking  ] GC(12) Concurrent Clear Claimed Marks
[2023-11-29T14:16:19.244+0000][68][gc,marking  ] GC(12) Concurrent Clear Claimed Marks 0.093ms
[2023-11-29T14:16:19.244+0000][68][gc,marking  ] GC(12) Concurrent Scan Root Regions
[2023-11-29T14:16:19.263+0000][68][gc,marking  ] GC(12) Concurrent Scan Root Regions 19.240ms
[2023-11-29T14:16:19.263+0000][68][gc,marking  ] GC(12) Concurrent Mark
[2023-11-29T14:16:19.263+0000][68][gc,marking  ] GC(12) Concurrent Mark From Roots
[2023-11-29T14:16:19.263+0000][68][gc,task     ] GC(12) Using 2 workers of 2 for marking
[2023-11-29T14:16:19.278+0000][68][gc,marking  ] GC(12) Concurrent Mark From Roots 14.560ms
[2023-11-29T14:16:19.278+0000][68][gc,marking  ] GC(12) Concurrent Preclean
[2023-11-29T14:16:19.278+0000][68][gc,marking  ] GC(12) Concurrent Preclean 0.093ms
[2023-11-29T14:16:19.278+0000][68][gc,start    ] GC(12) Pause Remark
[2023-11-29T14:16:19.290+0000][68][gc          ] GC(12) Pause Remark 59M->59M(512M) 12.285ms
[2023-11-29T14:16:19.290+0000][68][gc,cpu      ] GC(12) User=0.04s Sys=0.00s Real=0.01s
[2023-11-29T14:16:19.290+0000][68][safepoint   ] Safepoint "G1Concurrent", Time since last: 34166335 ns, Reaching safepoint: 296311 ns, At safepoint: 12382834 ns, Total: 12679145 ns
[2023-11-29T14:16:19.291+0000][68][gc,marking  ] GC(12) Concurrent Mark 27.772ms
[2023-11-29T14:16:19.291+0000][68][gc,marking  ] GC(12) Concurrent Rebuild Remembered Sets
[2023-11-29T14:16:19.291+0000][68][gc,marking  ] GC(12) Concurrent Rebuild Remembered Sets 0.009ms
[2023-11-29T14:16:19.293+0000][68][gc,start    ] GC(12) Pause Cleanup
[2023-11-29T14:16:19.293+0000][68][gc          ] GC(12) Pause Cleanup 59M->59M(512M) 0.044ms
[2023-11-29T14:16:19.293+0000][68][gc,cpu      ] GC(12) User=0.00s Sys=0.00s Real=0.00s
[2023-11-29T14:16:19.293+0000][68][safepoint   ] Safepoint "G1Concurrent", Time since last: 431973 ns, Reaching safepoint: 2142705 ns, At safepoint: 88969 ns, Total: 2231674 ns
[2023-11-29T14:16:19.293+0000][68][gc,marking  ] GC(12) Concurrent Cleanup for Next Mark
[2023-11-29T14:16:19.296+0000][68][gc,marking  ] GC(12) Concurrent Cleanup for Next Mark 2.430ms
[2023-11-29T14:16:19.296+0000][68][gc          ] GC(12) Concurrent Mark Cycle 51.985ms
[2023-11-29T14:16:20.360+0000][68][safepoint   ] Safepoint "Cleanup", Time since last: 1066567710 ns, Reaching safepoint: 176241 ns, At safepoint: 7189 ns, Total: 183430 ns
[2023-11-29T14:16:21.034+0000][68][gc,start    ] GC(13) Pause Young (Normal) (G1 Evacuation Pause)
[2023-11-29T14:16:21.034+0000][68][gc,task     ] GC(13) Using 8 workers of 8 for evacuation
[2023-11-29T14:16:21.034+0000][68][gc,age      ] GC(13) Desired survivor size 20971520 bytes, new threshold 2 (max threshold 15)
[2023-11-29T14:16:21.051+0000][68][gc,phases   ] GC(13)   Pre Evacuate Collection Set: 0.0ms
[2023-11-29T14:16:21.051+0000][68][gc,phases   ] GC(13)   Merge Heap Roots: 0.0ms
[2023-11-29T14:16:21.051+0000][68][gc,phases   ] GC(13)   Evacuate Collection Set: 15.0ms
[2023-11-29T14:16:21.051+0000][68][gc,phases   ] GC(13)   Post Evacuate Collection Set: 2.1ms
[2023-11-29T14:16:21.051+0000][68][gc,phases   ] GC(13)   Other: 0.1ms
[2023-11-29T14:16:21.051+0000][68][gc,age      ] GC(13) Age table with threshold 2 (max threshold 15)
[2023-11-29T14:16:21.051+0000][68][gc,age      ] GC(13) - age   1:    3797560 bytes,    3797560 total
[2023-11-29T14:16:21.051+0000][68][gc,age      ] GC(13) - age   2:    5473944 bytes,    9271504 total
[2023-11-29T14:16:21.051+0000][68][gc,heap     ] GC(13) Eden regions: 69->0(73)
[2023-11-29T14:16:21.051+0000][68][gc,heap     ] GC(13) Survivor regions: 7->3(10)
[2023-11-29T14:16:21.051+0000][68][gc,heap     ] GC(13) Old regions: 7->12
[2023-11-29T14:16:21.051+0000][68][gc,heap     ] GC(13) Archive regions: 2->2
[2023-11-29T14:16:21.051+0000][68][gc,heap     ] GC(13) Humongous regions: 0->0
[2023-11-29T14:16:21.051+0000][68][gc,metaspace] GC(13) Metaspace: 69476K(71040K)->69476K(71040K) NonClass: 60551K(61440K)->60551K(61440K) Class: 8924K(9600K)->8924K(9600K)
[2023-11-29T14:16:21.051+0000][68][gc          ] GC(13) Pause Young (Normal) (G1 Evacuation Pause) 333M->62M(512M) 17.398ms
[2023-11-29T14:16:21.051+0000][68][gc,cpu      ] GC(13) User=0.08s Sys=0.00s Real=0.02s
[2023-11-29T14:16:21.051+0000][68][safepoint   ] Safepoint "G1CollectForAllocation", Time since last: 673954840 ns, Reaching safepoint: 93973 ns, At safepoint: 17439773 ns, Total: 17533746 ns
[2023-11-29T14:16:22.944+0000][68][safepoint   ] Safepoint "Cleanup", Time since last: 1892165048 ns, Reaching safepoint: 971831 ns, At safepoint: 7779 ns, Total: 979610 ns
[2023-11-29T14:16:23.520+0000][68][safepoint   ] Safepoint "ICBufferFull", Time since last: 575671963 ns, Reaching safepoint: 200431 ns, At safepoint: 3224 ns, Total: 203655 ns
[2023-11-29T14:16:23.855+0000][68][gc,start    ] GC(14) Pause Young (Normal) (G1 Evacuation Pause)
[2023-11-29T14:16:23.855+0000][68][gc,task     ] GC(14) Using 8 workers of 8 for evacuation
[2023-11-29T14:16:23.855+0000][68][gc,age      ] GC(14) Desired survivor size 20971520 bytes, new threshold 15 (max threshold 15)
[2023-11-29T14:16:23.879+0000][68][gc,phases   ] GC(14)   Pre Evacuate Collection Set: 0.0ms
[2023-11-29T14:16:23.879+0000][68][gc,phases   ] GC(14)   Merge Heap Roots: 0.1ms
[2023-11-29T14:16:23.879+0000][68][gc,phases   ] GC(14)   Evacuate Collection Set: 20.3ms
[2023-11-29T14:16:23.879+0000][68][gc,phases   ] GC(14)   Post Evacuate Collection Set: 3.7ms
[2023-11-29T14:16:23.879+0000][68][gc,phases   ] GC(14)   Other: 0.1ms
[2023-11-29T14:16:23.879+0000][68][gc,age      ] GC(14) Age table with threshold 15 (max threshold 15)
[2023-11-29T14:16:23.879+0000][68][gc,age      ] GC(14) - age   1:   14335960 bytes,   14335960 total
[2023-11-29T14:16:23.879+0000][68][gc,age      ] GC(14) - age   2:    3587720 bytes,   17923680 total
[2023-11-29T14:16:23.879+0000][68][gc,age      ] GC(14) - age   3:    5366064 bytes,   23289744 total
[2023-11-29T14:16:23.879+0000][68][gc,heap     ] GC(14) Eden regions: 73->0(70)
[2023-11-29T14:16:23.879+0000][68][gc,heap     ] GC(14) Survivor regions: 3->6(10)
[2023-11-29T14:16:23.879+0000][68][gc,heap     ] GC(14) Old regions: 12->12
[2023-11-29T14:16:23.879+0000][68][gc,heap     ] GC(14) Archive regions: 2->2
[2023-11-29T14:16:23.879+0000][68][gc,heap     ] GC(14) Humongous regions: 0->0
[2023-11-29T14:16:23.879+0000][68][gc,metaspace] GC(14) Metaspace: 97949K(100544K)->97949K(100544K) NonClass: 84900K(86272K)->84900K(86272K) Class: 13049K(14272K)->13049K(14272K)
[2023-11-29T14:16:23.879+0000][68][gc          ] GC(14) Pause Young (Normal) (G1 Evacuation Pause) 354M->73M(512M) 24.445ms
[2023-11-29T14:16:23.879+0000][68][gc,cpu      ] GC(14) User=0.09s Sys=0.00s Real=0.03s
[2023-11-29T14:16:23.879+0000][68][safepoint   ] Safepoint "G1CollectForAllocation", Time since last: 334223819 ns, Reaching safepoint: 55368 ns, At safepoint: 24501373 ns, Total: 24556741 ns
[2023-11-29T14:16:23.994+0000][68][gc,start    ] GC(15) Pause Young (Concurrent Start) (Metadata GC Threshold)
[2023-11-29T14:16:23.994+0000][68][gc,task     ] GC(15) Using 8 workers of 8 for evacuation
[2023-11-29T14:16:23.994+0000][68][gc,age      ] GC(15) Desired survivor size 20971520 bytes, new threshold 3 (max threshold 15)
[2023-11-29T14:16:24.007+0000][68][gc,phases   ] GC(15)   Pre Evacuate Collection Set: 0.3ms
[2023-11-29T14:16:24.007+0000][68][gc,phases   ] GC(15)   Merge Heap Roots: 0.0ms
[2023-11-29T14:16:24.007+0000][68][gc,phases   ] GC(15)   Evacuate Collection Set: 11.7ms
[2023-11-29T14:16:24.007+0000][68][gc,phases   ] GC(15)   Post Evacuate Collection Set: 0.9ms
[2023-11-29T14:16:24.007+0000][68][gc,phases   ] GC(15)   Other: 0.1ms
[2023-11-29T14:16:24.007+0000][68][gc,age      ] GC(15) Age table with threshold 3 (max threshold 15)
[2023-11-29T14:16:24.007+0000][68][gc,age      ] GC(15) - age   1:    1151840 bytes,    1151840 total
[2023-11-29T14:16:24.007+0000][68][gc,age      ] GC(15) - age   2:   13583336 bytes,   14735176 total
[2023-11-29T14:16:24.007+0000][68][gc,age      ] GC(15) - age   3:    3587600 bytes,   18322776 total
[2023-11-29T14:16:24.007+0000][68][gc,heap     ] GC(15) Eden regions: 4->0(71)
[2023-11-29T14:16:24.007+0000][68][gc,heap     ] GC(15) Survivor regions: 6->5(10)
[2023-11-29T14:16:24.007+0000][68][gc,heap     ] GC(15) Old regions: 12->13
[2023-11-29T14:16:24.007+0000][68][gc,heap     ] GC(15) Archive regions: 2->2
[2023-11-29T14:16:24.007+0000][68][gc,heap     ] GC(15) Humongous regions: 0->0
[2023-11-29T14:16:24.007+0000][68][gc,metaspace] GC(15) Metaspace: 99388K(102080K)->99388K(102080K) NonClass: 86074K(87488K)->86074K(87488K) Class: 13314K(14592K)->13314K(14592K)
[2023-11-29T14:16:24.007+0000][68][gc          ] GC(15) Pause Young (Concurrent Start) (Metadata GC Threshold) 89M->75M(512M) 13.240ms
[2023-11-29T14:16:24.007+0000][68][gc,cpu      ] GC(15) User=0.07s Sys=0.00s Real=0.02s
[2023-11-29T14:16:24.007+0000][68][gc          ] GC(16) Concurrent Mark Cycle
[2023-11-29T14:16:24.007+0000][68][gc,marking  ] GC(16) Concurrent Clear Claimed Marks
[2023-11-29T14:16:24.007+0000][68][safepoint   ] Safepoint "CollectForMetadataAllocation", Time since last: 114639857 ns, Reaching safepoint: 81897 ns, At safepoint: 13346897 ns, Total: 13428794 ns
[2023-11-29T14:16:24.008+0000][68][gc,marking  ] GC(16) Concurrent Clear Claimed Marks 1.029ms
[2023-11-29T14:16:24.008+0000][68][gc,marking  ] GC(16) Concurrent Scan Root Regions
[2023-11-29T14:16:24.023+0000][68][gc,marking  ] GC(16) Concurrent Scan Root Regions 14.382ms
[2023-11-29T14:16:24.023+0000][68][gc,marking  ] GC(16) Concurrent Mark
[2023-11-29T14:16:24.023+0000][68][gc,marking  ] GC(16) Concurrent Mark From Roots
[2023-11-29T14:16:24.023+0000][68][gc,task     ] GC(16) Using 2 workers of 2 for marking
[2023-11-29T14:16:24.031+0000][68][safepoint   ] Safepoint "CollectForMetadataAllocation", Time since last: 24108301 ns, Reaching safepoint: 75387 ns, At safepoint: 54611 ns, Total: 129998 ns
[2023-11-29T14:16:24.052+0000][68][safepoint   ] Safepoint "CollectForMetadataAllocation", Time since last: 20019347 ns, Reaching safepoint: 53216 ns, At safepoint: 42146 ns, Total: 95362 ns
[2023-11-29T14:16:24.065+0000][68][gc,marking  ] GC(16) Concurrent Mark From Roots 42.455ms
[2023-11-29T14:16:24.065+0000][68][gc,marking  ] GC(16) Concurrent Preclean
[2023-11-29T14:16:24.065+0000][68][gc,marking  ] GC(16) Concurrent Preclean 0.247ms
[2023-11-29T14:16:24.066+0000][68][gc,start    ] GC(16) Pause Remark
[2023-11-29T14:16:24.069+0000][68][gc          ] GC(16) Pause Remark 79M->79M(512M) 3.161ms
[2023-11-29T14:16:24.069+0000][68][gc,cpu      ] GC(16) User=0.02s Sys=0.00s Real=0.00s
[2023-11-29T14:16:24.069+0000][68][safepoint   ] Safepoint "G1Concurrent", Time since last: 13891957 ns, Reaching safepoint: 92819 ns, At safepoint: 3219694 ns, Total: 3312513 ns
[2023-11-29T14:16:24.069+0000][68][gc,marking  ] GC(16) Concurrent Mark 46.167ms
[2023-11-29T14:16:24.069+0000][68][gc,marking  ] GC(16) Concurrent Rebuild Remembered Sets
[2023-11-29T14:16:24.069+0000][68][gc,marking  ] GC(16) Concurrent Rebuild Remembered Sets 0.009ms
[2023-11-29T14:16:24.069+0000][68][gc,start    ] GC(16) Pause Cleanup
[2023-11-29T14:16:24.069+0000][68][gc          ] GC(16) Pause Cleanup 79M->79M(512M) 0.011ms
[2023-11-29T14:16:24.069+0000][68][gc,cpu      ] GC(16) User=0.00s Sys=0.00s Real=0.00s
[2023-11-29T14:16:24.069+0000][68][safepoint   ] Safepoint "G1Concurrent", Time since last: 110368 ns, Reaching safepoint: 24307 ns, At safepoint: 25926 ns, Total: 50233 ns
[2023-11-29T14:16:24.069+0000][68][gc,marking  ] GC(16) Concurrent Cleanup for Next Mark
[2023-11-29T14:16:24.069+0000][68][gc,marking  ] GC(16) Concurrent Cleanup for Next Mark 0.292ms
[2023-11-29T14:16:24.069+0000][68][gc          ] GC(16) Concurrent Mark Cycle 62.129ms
[2023-11-29T14:16:24.659+0000][68][safepoint   ] Safepoint "ICBufferFull", Time since last: 590252882 ns, Reaching safepoint: 167974 ns, At safepoint: 2075 ns, Total: 170049 ns
[2023-11-29T14:16:25.401+0000][68][safepoint   ] Safepoint "ICBufferFull", Time since last: 741609815 ns, Reaching safepoint: 146573 ns, At safepoint: 5765 ns, Total: 152338 ns
[2023-11-29T14:16:25.834+0000][68][safepoint   ] Safepoint "ICBufferFull", Time since last: 432727155 ns, Reaching safepoint: 175943 ns, At safepoint: 3890 ns, Total: 179833 ns
[2023-11-29T14:16:26.880+0000][68][safepoint   ] Safepoint "Cleanup", Time since last: 1045612916 ns, Reaching safepoint: 106865 ns, At safepoint: 6509 ns, Total: 113374 ns
[2023-11-29T14:16:27.880+0000][68][safepoint   ] Safepoint "Cleanup", Time since last: 1000264174 ns, Reaching safepoint: 32033 ns, At safepoint: 2374 ns, Total: 34407 ns
[2023-11-29T14:16:28.880+0000][68][safepoint   ] Safepoint "Cleanup", Time since last: 1000119771 ns, Reaching safepoint: 56154 ns, At safepoint: 5267 ns, Total: 61421 ns
[2023-11-29T14:16:29.880+0000][68][safepoint   ] Safepoint "Cleanup", Time since last: 1000126666 ns, Reaching safepoint: 56681 ns, At safepoint: 3100 ns, Total: 59781 ns
[2023-11-29T14:16:30.881+0000][68][safepoint   ] Safepoint "Cleanup", Time since last: 1000137647 ns, Reaching safepoint: 53262 ns, At safepoint: 3057 ns, Total: 56319 ns
[2023-11-29T14:16:31.881+0000][68][safepoint   ] Safepoint "Cleanup", Time since last: 1000132706 ns, Reaching safepoint: 61881 ns, At safepoint: 2344 ns, Total: 64225 ns
[2023-11-29T14:16:34.881+0000][68][safepoint   ] Safepoint "Cleanup", Time since last: 3000237371 ns, Reaching safepoint: 50475 ns, At safepoint: 1840 ns, Total: 52315 ns
[2023-11-29T14:16:40.882+0000][68][safepoint   ] Safepoint "Cleanup", Time since last: 6000543420 ns, Reaching safepoint: 146876 ns, At safepoint: 18352 ns, Total: 165228 ns
[2023-11-29T14:16:42.882+0000][68][safepoint   ] Safepoint "Cleanup", Time since last: 2000218723 ns, Reaching safepoint: 56955 ns, At safepoint: 2935 ns, Total: 59890 ns
[2023-11-29T14:16:43.882+0000][68][safepoint   ] Safepoint "Cleanup", Time since last: 1000108253 ns, Reaching safepoint: 45002 ns, At safepoint: 1633 ns, Total: 46635 ns
[2023-11-29T14:16:44.882+0000][68][safepoint   ] Safepoint "Cleanup", Time since last: 1000140145 ns, Reaching safepoint: 55725 ns, At safepoint: 2875 ns, Total: 58600 ns
[2023-11-29T14:16:48.883+0000][68][safepoint   ] Safepoint "Cleanup", Time since last: 4000335611 ns, Reaching safepoint: 58862 ns, At safepoint: 3543 ns, Total: 62405 ns
[2023-11-29T14:16:50.883+0000][68][safepoint   ] Safepoint "Cleanup", Time since last: 2000163802 ns, Reaching safepoint: 54410 ns, At safepoint: 2614 ns, Total: 57024 ns
[2023-11-29T14:16:52.883+0000][68][safepoint   ] Safepoint "Cleanup", Time since last: 2000195549 ns, Reaching safepoint: 69807 ns, At safepoint: 2451 ns, Total: 72258 ns
[2023-11-29T14:16:54.884+0000][68][safepoint   ] Safepoint "Cleanup", Time since last: 2000214996 ns, Reaching safepoint: 90033 ns, At safepoint: 3557 ns, Total: 93590 ns
[2023-11-29T14:16:55.298+0000][68][gc,start    ] GC(17) Pause Young (Normal) (G1 Evacuation Pause)
[2023-11-29T14:16:55.298+0000][68][gc,task     ] GC(17) Using 8 workers of 8 for evacuation
[2023-11-29T14:16:55.298+0000][68][gc,age      ] GC(17) Desired survivor size 20971520 bytes, new threshold 15 (max threshold 15)
[2023-11-29T14:16:55.338+0000][68][gc,phases   ] GC(17)   Pre Evacuate Collection Set: 0.1ms
[2023-11-29T14:16:55.338+0000][68][gc,phases   ] GC(17)   Merge Heap Roots: 0.2ms
[2023-11-29T14:16:55.338+0000][68][gc,phases   ] GC(17)   Evacuate Collection Set: 30.7ms
[2023-11-29T14:16:55.338+0000][68][gc,phases   ] GC(17)   Post Evacuate Collection Set: 9.1ms
[2023-11-29T14:16:55.338+0000][68][gc,phases   ] GC(17)   Other: 0.1ms
[2023-11-29T14:16:55.338+0000][68][gc,age      ] GC(17) Age table with threshold 15 (max threshold 15)
[2023-11-29T14:16:55.338+0000][68][gc,age      ] GC(17) - age   1:   11248472 bytes,   11248472 total
[2023-11-29T14:16:55.338+0000][68][gc,age      ] GC(17) - age   2:    1086856 bytes,   12335328 total
[2023-11-29T14:16:55.338+0000][68][gc,age      ] GC(17) - age   3:   13492840 bytes,   25828168 total
[2023-11-29T14:16:55.338+0000][68][gc,age      ] GC(17) - age   4:    3563016 bytes,   29391184 total
[2023-11-29T14:16:55.338+0000][68][gc,heap     ] GC(17) Eden regions: 71->0(68)
[2023-11-29T14:16:55.338+0000][68][gc,heap     ] GC(17) Survivor regions: 5->8(10)
[2023-11-29T14:16:55.338+0000][68][gc,heap     ] GC(17) Old regions: 13->13
[2023-11-29T14:16:55.338+0000][68][gc,heap     ] GC(17) Archive regions: 2->2
[2023-11-29T14:16:55.338+0000][68][gc,heap     ] GC(17) Humongous regions: 0->0
[2023-11-29T14:16:55.338+0000][68][gc,metaspace] GC(17) Metaspace: 115393K(118336K)->115393K(118336K) NonClass: 99703K(101248K)->99703K(101248K) Class: 15689K(17088K)->15689K(17088K)
[2023-11-29T14:16:55.338+0000][68][gc          ] GC(17) Pause Young (Normal) (G1 Evacuation Pause) 359M->85M(512M) 40.445ms
[2023-11-29T14:16:55.338+0000][68][gc,cpu      ] GC(17) User=0.09s Sys=0.00s Real=0.04s
[2023-11-29T14:16:55.338+0000][68][safepoint   ] Safepoint "G1CollectForAllocation", Time since last: 413698319 ns, Reaching safepoint: 324715 ns, At safepoint: 40523585 ns, Total: 40848300 ns
[2023-11-29T14:16:56.338+0000][68][safepoint   ] Safepoint "Cleanup", Time since last: 1000193183 ns, Reaching safepoint: 114321 ns, At safepoint: 10305 ns, Total: 124626 ns
[2023-11-29T14:17:01.339+0000][68][safepoint   ] Safepoint "Cleanup", Time since last: 5000511132 ns, Reaching safepoint: 43581 ns, At safepoint: 2526 ns, Total: 46107 ns
[2023-11-29T14:17:05.339+0000][68][safepoint   ] Safepoint "Cleanup", Time since last: 4000391240 ns, Reaching safepoint: 65999 ns, At safepoint: 2924 ns, Total: 68923 ns
[2023-11-29T14:17:10.340+0000][68][safepoint   ] Safepoint "Cleanup", Time since last: 5000389444 ns, Reaching safepoint: 40930 ns, At safepoint: 2266 ns, Total: 43196 ns
[2023-11-29T14:17:12.340+0000][68][safepoint   ] Safepoint "Cleanup", Time since last: 2000339648 ns, Reaching safepoint: 104641 ns, At safepoint: 9417 ns, Total: 114058 ns
[2023-11-29T14:17:16.341+0000][68][safepoint   ] Safepoint "Cleanup", Time since last: 4000430852 ns, Reaching safepoint: 93491 ns, At safepoint: 2785 ns, Total: 96276 ns
[2023-11-29T14:17:25.342+0000][68][safepoint   ] Safepoint "Cleanup", Time since last: 9000860952 ns, Reaching safepoint: 88937 ns, At safepoint: 6726 ns, Total: 95663 ns
[2023-11-29T14:17:31.343+0000][68][safepoint   ] Safepoint "Cleanup", Time since last: 6000798894 ns, Reaching safepoint: 53293 ns, At safepoint: 2365 ns, Total: 55658 ns
[2023-11-29T14:17:33.343+0000][68][safepoint   ] Safepoint "Cleanup", Time since last: 2000198945 ns, Reaching safepoint: 55910 ns, At safepoint: 5970 ns, Total: 61880 ns
[2023-11-29T14:17:34.343+0000][68][safepoint   ] Safepoint "Cleanup", Time since last: 1000104339 ns, Reaching safepoint: 45728 ns, At safepoint: 2495 ns, Total: 48223 ns
[2023-11-29T14:17:39.344+0000][68][safepoint   ] Safepoint "Cleanup", Time since last: 5000413368 ns, Reaching safepoint: 88989 ns, At safepoint: 3813 ns, Total: 92802 ns
[2023-11-29T14:17:40.779+0000][68][gc,heap,exit] Heap
[2023-11-29T14:17:40.780+0000][68][gc,heap,exit]  garbage-first heap   total 524288K, used 132428K [0x00000000e0000000, 0x0000000100000000)
[2023-11-29T14:17:40.780+0000][68][gc,heap,exit]   region size 4096K, 19 young (77824K), 8 survivors (32768K)
[2023-11-29T14:17:40.780+0000][68][gc,heap,exit]  Metaspace       used 116434K, committed 119424K, reserved 1179648K
[2023-11-29T14:17:40.780+0000][68][gc,heap,exit]   class space    used 15852K, committed 17280K, reserved 1048576K
