[2023-11-29T14:14:30.955+0000][68][gc,init] CardTable entry size: 512
[2023-11-29T14:14:30.955+0000][68][gc     ] Using G1
[2023-11-29T14:14:31.000+0000][68][gc,init] Version: 18.0.2.1+1-1 (release)
[2023-11-29T14:14:31.000+0000][68][gc,init] CPUs: 8 total, 8 available
[2023-11-29T14:14:31.000+0000][68][gc,init] Memory: 23854M
[2023-11-29T14:14:31.000+0000][68][gc,init] Large Page Support: Disabled
[2023-11-29T14:14:31.000+0000][68][gc,init] NUMA Support: Disabled
[2023-11-29T14:14:31.000+0000][68][gc,init] Compressed Oops: Enabled (32-bit)
[2023-11-29T14:14:31.000+0000][68][gc,init] Heap Region Size: 4M
[2023-11-29T14:14:31.000+0000][68][gc,init] Heap Min Capacity: 512M
[2023-11-29T14:14:31.000+0000][68][gc,init] Heap Initial Capacity: 512M
[2023-11-29T14:14:31.000+0000][68][gc,init] Heap Max Capacity: 512M
[2023-11-29T14:14:31.000+0000][68][gc,init] Pre-touch: Enabled
[2023-11-29T14:14:31.000+0000][68][gc,init] Parallel Workers: 8
[2023-11-29T14:14:31.000+0000][68][gc,init] Concurrent Workers: 2
[2023-11-29T14:14:31.000+0000][68][gc,init] Concurrent Refinement Workers: 8
[2023-11-29T14:14:31.000+0000][68][gc,init] Periodic GC: Disabled
[2023-11-29T14:14:31.000+0000][68][gc,metaspace] CDS archive(s) mapped at: [0x0000000800000000-0x0000000800bae000-0x0000000800bae000), size 12247040, SharedBaseAddress: 0x0000000800000000, ArchiveRelocationMode: 0.
[2023-11-29T14:14:31.000+0000][68][gc,metaspace] Compressed class space mapped at: 0x0000000800c00000-0x0000000840c00000, reserved size: 1073741824
[2023-11-29T14:14:31.000+0000][68][gc,metaspace] Narrow klass base: 0x0000000800000000, Narrow klass shift: 0, Narrow klass range: 0x100000000
[2023-11-29T14:14:31.278+0000][68][safepoint   ] Safepoint "ICBufferFull", Time since last: 272946689 ns, Reaching safepoint: 72455 ns, At safepoint: 1373 ns, Total: 73828 ns
[2023-11-29T14:14:31.357+0000][68][gc,start    ] GC(0) Pause Young (Normal) (G1 Evacuation Pause)
[2023-11-29T14:14:31.357+0000][68][gc,task     ] GC(0) Using 8 workers of 8 for evacuation
[2023-11-29T14:14:31.357+0000][68][gc,age      ] GC(0) Desired survivor size 2097152 bytes, new threshold 15 (max threshold 15)
[2023-11-29T14:14:31.358+0000][68][gc,phases   ] GC(0)   Pre Evacuate Collection Set: 0.1ms
[2023-11-29T14:14:31.358+0000][68][gc,phases   ] GC(0)   Merge Heap Roots: 0.0ms
[2023-11-29T14:14:31.358+0000][68][gc,phases   ] GC(0)   Evacuate Collection Set: 1.0ms
[2023-11-29T14:14:31.358+0000][68][gc,phases   ] GC(0)   Post Evacuate Collection Set: 0.3ms
[2023-11-29T14:14:31.358+0000][68][gc,phases   ] GC(0)   Other: 0.1ms
[2023-11-29T14:14:31.358+0000][68][gc,age      ] GC(0) Age table with threshold 15 (max threshold 15)
[2023-11-29T14:14:31.358+0000][68][gc,age      ] GC(0) - age   1:    3191616 bytes,    3191616 total
[2023-11-29T14:14:31.358+0000][68][gc,heap     ] GC(0) Eden regions: 6->0(13)
[2023-11-29T14:14:31.358+0000][68][gc,heap     ] GC(0) Survivor regions: 0->1(1)
[2023-11-29T14:14:31.358+0000][68][gc,heap     ] GC(0) Old regions: 0->0
[2023-11-29T14:14:31.358+0000][68][gc,heap     ] GC(0) Archive regions: 2->2
[2023-11-29T14:14:31.358+0000][68][gc,heap     ] GC(0) Humongous regions: 0->0
[2023-11-29T14:14:31.358+0000][68][gc,metaspace] GC(0) Metaspace: 3357K(3584K)->3357K(3584K) NonClass: 3017K(3136K)->3017K(3136K) Class: 340K(448K)->340K(448K)
[2023-11-29T14:14:31.358+0000][68][gc          ] GC(0) Pause Young (Normal) (G1 Evacuation Pause) 27M->7M(512M) 1.677ms
[2023-11-29T14:14:31.358+0000][68][gc,cpu      ] GC(0) User=0.01s Sys=0.00s Real=0.00s
[2023-11-29T14:14:31.358+0000][68][safepoint   ] Safepoint "G1CollectForAllocation", Time since last: 78950163 ns, Reaching safepoint: 103167 ns, At safepoint: 1717810 ns, Total: 1820977 ns
[2023-11-29T14:14:31.627+0000][68][safepoint   ] Safepoint "ICBufferFull", Time since last: 268343840 ns, Reaching safepoint: 90503 ns, At safepoint: 2569 ns, Total: 93072 ns
[2023-11-29T14:14:31.973+0000][68][safepoint   ] Safepoint "ICBufferFull", Time since last: 346171403 ns, Reaching safepoint: 144030 ns, At safepoint: 1279 ns, Total: 145309 ns
[2023-11-29T14:14:32.436+0000][68][gc,start    ] GC(1) Pause Young (Normal) (G1 Evacuation Pause)
[2023-11-29T14:14:32.436+0000][68][gc,task     ] GC(1) Using 8 workers of 8 for evacuation
[2023-11-29T14:14:32.436+0000][68][gc,age      ] GC(1) Desired survivor size 4194304 bytes, new threshold 15 (max threshold 15)
[2023-11-29T14:14:32.440+0000][68][gc,phases   ] GC(1)   Pre Evacuate Collection Set: 0.0ms
[2023-11-29T14:14:32.440+0000][68][gc,phases   ] GC(1)   Merge Heap Roots: 0.0ms
[2023-11-29T14:14:32.440+0000][68][gc,phases   ] GC(1)   Evacuate Collection Set: 2.8ms
[2023-11-29T14:14:32.440+0000][68][gc,phases   ] GC(1)   Post Evacuate Collection Set: 0.5ms
[2023-11-29T14:14:32.440+0000][68][gc,phases   ] GC(1)   Other: 0.1ms
[2023-11-29T14:14:32.440+0000][68][gc,age      ] GC(1) Age table with threshold 15 (max threshold 15)
[2023-11-29T14:14:32.440+0000][68][gc,age      ] GC(1) - age   1:    4727160 bytes,    4727160 total
[2023-11-29T14:14:32.440+0000][68][gc,age      ] GC(1) - age   2:    3149584 bytes,    7876744 total
[2023-11-29T14:14:32.440+0000][68][gc,heap     ] GC(1) Eden regions: 13->0(24)
[2023-11-29T14:14:32.440+0000][68][gc,heap     ] GC(1) Survivor regions: 1->2(2)
[2023-11-29T14:14:32.440+0000][68][gc,heap     ] GC(1) Old regions: 0->0
[2023-11-29T14:14:32.440+0000][68][gc,heap     ] GC(1) Archive regions: 2->2
[2023-11-29T14:14:32.440+0000][68][gc,heap     ] GC(1) Humongous regions: 0->0
[2023-11-29T14:14:32.440+0000][68][gc,metaspace] GC(1) Metaspace: 14963K(15360K)->14963K(15360K) NonClass: 13213K(13440K)->13213K(13440K) Class: 1749K(1920K)->1749K(1920K)
[2023-11-29T14:14:32.440+0000][68][gc          ] GC(1) Pause Young (Normal) (G1 Evacuation Pause) 59M->11M(512M) 3.622ms
[2023-11-29T14:14:32.440+0000][68][gc,cpu      ] GC(1) User=0.02s Sys=0.00s Real=0.00s
[2023-11-29T14:14:32.440+0000][68][safepoint   ] Safepoint "G1CollectForAllocation", Time since last: 463268980 ns, Reaching safepoint: 111971 ns, At safepoint: 3651100 ns, Total: 3763071 ns
[2023-11-29T14:14:32.873+0000][68][safepoint   ] Safepoint "ICBufferFull", Time since last: 432316058 ns, Reaching safepoint: 169888 ns, At safepoint: 4220 ns, Total: 174108 ns
[2023-11-29T14:14:33.187+0000][68][gc,start    ] GC(2) Pause Young (Normal) (G1 Evacuation Pause)
[2023-11-29T14:14:33.187+0000][68][gc,task     ] GC(2) Using 8 workers of 8 for evacuation
[2023-11-29T14:14:33.187+0000][68][gc,age      ] GC(2) Desired survivor size 8388608 bytes, new threshold 15 (max threshold 15)
[2023-11-29T14:14:33.191+0000][68][gc,phases   ] GC(2)   Pre Evacuate Collection Set: 0.0ms
[2023-11-29T14:14:33.191+0000][68][gc,phases   ] GC(2)   Merge Heap Roots: 0.0ms
[2023-11-29T14:14:33.191+0000][68][gc,phases   ] GC(2)   Evacuate Collection Set: 4.0ms
[2023-11-29T14:14:33.191+0000][68][gc,phases   ] GC(2)   Post Evacuate Collection Set: 0.5ms
[2023-11-29T14:14:33.191+0000][68][gc,phases   ] GC(2)   Other: 0.1ms
[2023-11-29T14:14:33.191+0000][68][gc,age      ] GC(2) Age table with threshold 15 (max threshold 15)
[2023-11-29T14:14:33.191+0000][68][gc,age      ] GC(2) - age   1:    1999928 bytes,    1999928 total
[2023-11-29T14:14:33.191+0000][68][gc,age      ] GC(2) - age   2:    3979208 bytes,    5979136 total
[2023-11-29T14:14:33.191+0000][68][gc,age      ] GC(2) - age   3:    3147728 bytes,    9126864 total
[2023-11-29T14:14:33.191+0000][68][gc,heap     ] GC(2) Eden regions: 24->0(73)
[2023-11-29T14:14:33.191+0000][68][gc,heap     ] GC(2) Survivor regions: 2->3(4)
[2023-11-29T14:14:33.191+0000][68][gc,heap     ] GC(2) Old regions: 0->0
[2023-11-29T14:14:33.191+0000][68][gc,heap     ] GC(2) Archive regions: 2->2
[2023-11-29T14:14:33.191+0000][68][gc,heap     ] GC(2) Humongous regions: 0->0
[2023-11-29T14:14:33.191+0000][68][gc,metaspace] GC(2) Metaspace: 16973K(17408K)->16973K(17408K) NonClass: 15037K(15296K)->15037K(15296K) Class: 1936K(2112K)->1936K(2112K)
[2023-11-29T14:14:33.191+0000][68][gc          ] GC(2) Pause Young (Normal) (G1 Evacuation Pause) 107M->12M(512M) 4.814ms
[2023-11-29T14:14:33.191+0000][68][gc,cpu      ] GC(2) User=0.03s Sys=0.00s Real=0.00s
[2023-11-29T14:14:33.191+0000][68][safepoint   ] Safepoint "G1CollectForAllocation", Time since last: 313827128 ns, Reaching safepoint: 120461 ns, At safepoint: 4847341 ns, Total: 4967802 ns
[2023-11-29T14:14:33.494+0000][68][gc,start    ] GC(3) Pause Young (Concurrent Start) (Metadata GC Threshold)
[2023-11-29T14:14:33.494+0000][68][gc,task     ] GC(3) Using 8 workers of 8 for evacuation
[2023-11-29T14:14:33.494+0000][68][gc,age      ] GC(3) Desired survivor size 20971520 bytes, new threshold 15 (max threshold 15)
[2023-11-29T14:14:33.504+0000][68][gc,phases   ] GC(3)   Pre Evacuate Collection Set: 0.1ms
[2023-11-29T14:14:33.504+0000][68][gc,phases   ] GC(3)   Merge Heap Roots: 0.0ms
[2023-11-29T14:14:33.504+0000][68][gc,phases   ] GC(3)   Evacuate Collection Set: 8.6ms
[2023-11-29T14:14:33.504+0000][68][gc,phases   ] GC(3)   Post Evacuate Collection Set: 0.8ms
[2023-11-29T14:14:33.504+0000][68][gc,phases   ] GC(3)   Other: 0.1ms
[2023-11-29T14:14:33.504+0000][68][gc,age      ] GC(3) Age table with threshold 15 (max threshold 15)
[2023-11-29T14:14:33.504+0000][68][gc,age      ] GC(3) - age   1:    2158072 bytes,    2158072 total
[2023-11-29T14:14:33.504+0000][68][gc,age      ] GC(3) - age   2:    1591896 bytes,    3749968 total
[2023-11-29T14:14:33.504+0000][68][gc,age      ] GC(3) - age   3:    3975424 bytes,    7725392 total
[2023-11-29T14:14:33.504+0000][68][gc,age      ] GC(3) - age   4:    3147264 bytes,   10872656 total
[2023-11-29T14:14:33.504+0000][68][gc,heap     ] GC(3) Eden regions: 16->0(57)
[2023-11-29T14:14:33.504+0000][68][gc,heap     ] GC(3) Survivor regions: 3->3(10)
[2023-11-29T14:14:33.504+0000][68][gc,heap     ] GC(3) Old regions: 0->0
[2023-11-29T14:14:33.504+0000][68][gc,heap     ] GC(3) Archive regions: 2->2
[2023-11-29T14:14:33.504+0000][68][gc,heap     ] GC(3) Humongous regions: 0->0
[2023-11-29T14:14:33.504+0000][68][gc,metaspace] GC(3) Metaspace: 21105K(21504K)->21105K(21504K) NonClass: 18761K(19008K)->18761K(19008K) Class: 2344K(2496K)->2344K(2496K)
[2023-11-29T14:14:33.504+0000][68][gc          ] GC(3) Pause Young (Concurrent Start) (Metadata GC Threshold) 74M->14M(512M) 9.874ms
[2023-11-29T14:14:33.504+0000][68][gc,cpu      ] GC(3) User=0.05s Sys=0.00s Real=0.01s
[2023-11-29T14:14:33.504+0000][68][gc          ] GC(4) Concurrent Mark Cycle
[2023-11-29T14:14:33.504+0000][68][gc,marking  ] GC(4) Concurrent Clear Claimed Marks
[2023-11-29T14:14:33.504+0000][68][gc,marking  ] GC(4) Concurrent Clear Claimed Marks 0.036ms
[2023-11-29T14:14:33.504+0000][68][gc,marking  ] GC(4) Concurrent Scan Root Regions
[2023-11-29T14:14:33.504+0000][68][safepoint   ] Safepoint "CollectForMetadataAllocation", Time since last: 302394345 ns, Reaching safepoint: 86948 ns, At safepoint: 9998881 ns, Total: 10085829 ns
[2023-11-29T14:14:33.509+0000][68][gc,marking  ] GC(4) Concurrent Scan Root Regions 4.826ms
[2023-11-29T14:14:33.509+0000][68][gc,marking  ] GC(4) Concurrent Mark
[2023-11-29T14:14:33.509+0000][68][gc,marking  ] GC(4) Concurrent Mark From Roots
[2023-11-29T14:14:33.509+0000][68][gc,task     ] GC(4) Using 2 workers of 2 for marking
[2023-11-29T14:14:33.512+0000][68][gc,marking  ] GC(4) Concurrent Mark From Roots 3.257ms
[2023-11-29T14:14:33.512+0000][68][gc,marking  ] GC(4) Concurrent Preclean
[2023-11-29T14:14:33.512+0000][68][gc,marking  ] GC(4) Concurrent Preclean 0.012ms
[2023-11-29T14:14:33.512+0000][68][gc,start    ] GC(4) Pause Remark
[2023-11-29T14:14:33.516+0000][68][gc          ] GC(4) Pause Remark 16M->16M(512M) 3.784ms
[2023-11-29T14:14:33.516+0000][68][gc,cpu      ] GC(4) User=0.02s Sys=0.00s Real=0.01s
[2023-11-29T14:14:33.516+0000][68][safepoint   ] Safepoint "G1Concurrent", Time since last: 8185215 ns, Reaching safepoint: 28756 ns, At safepoint: 3840905 ns, Total: 3869661 ns
[2023-11-29T14:14:33.516+0000][68][gc,marking  ] GC(4) Concurrent Mark 7.230ms
[2023-11-29T14:14:33.516+0000][68][gc,marking  ] GC(4) Concurrent Rebuild Remembered Sets
[2023-11-29T14:14:33.516+0000][68][gc,marking  ] GC(4) Concurrent Rebuild Remembered Sets 0.007ms
[2023-11-29T14:14:33.516+0000][68][gc,start    ] GC(4) Pause Cleanup
[2023-11-29T14:14:33.516+0000][68][gc          ] GC(4) Pause Cleanup 16M->16M(512M) 0.015ms
[2023-11-29T14:14:33.516+0000][68][gc,cpu      ] GC(4) User=0.00s Sys=0.00s Real=0.00s
[2023-11-29T14:14:33.516+0000][68][safepoint   ] Safepoint "G1Concurrent", Time since last: 53809 ns, Reaching safepoint: 284388 ns, At safepoint: 44110 ns, Total: 328498 ns
[2023-11-29T14:14:33.516+0000][68][gc,marking  ] GC(4) Concurrent Cleanup for Next Mark
[2023-11-29T14:14:33.517+0000][68][gc,marking  ] GC(4) Concurrent Cleanup for Next Mark 0.520ms
[2023-11-29T14:14:33.517+0000][68][gc          ] GC(4) Concurrent Mark Cycle 13.115ms
[2023-11-29T14:14:33.838+0000][68][safepoint   ] Safepoint "ICBufferFull", Time since last: 321540144 ns, Reaching safepoint: 127732 ns, At safepoint: 3930 ns, Total: 131662 ns
[2023-11-29T14:14:34.052+0000][68][gc,start    ] GC(5) Pause Young (Normal) (G1 Evacuation Pause)
[2023-11-29T14:14:34.052+0000][68][gc,task     ] GC(5) Using 8 workers of 8 for evacuation
[2023-11-29T14:14:34.052+0000][68][gc,age      ] GC(5) Desired survivor size 16777216 bytes, new threshold 15 (max threshold 15)
[2023-11-29T14:14:34.059+0000][68][gc,phases   ] GC(5)   Pre Evacuate Collection Set: 0.0ms
[2023-11-29T14:14:34.060+0000][68][gc,phases   ] GC(5)   Merge Heap Roots: 0.0ms
[2023-11-29T14:14:34.060+0000][68][gc,phases   ] GC(5)   Evacuate Collection Set: 6.3ms
[2023-11-29T14:14:34.060+0000][68][gc,phases   ] GC(5)   Post Evacuate Collection Set: 1.2ms
[2023-11-29T14:14:34.060+0000][68][gc,phases   ] GC(5)   Other: 0.1ms
[2023-11-29T14:14:34.060+0000][68][gc,age      ] GC(5) Age table with threshold 15 (max threshold 15)
[2023-11-29T14:14:34.060+0000][68][gc,age      ] GC(5) - age   1:    6696768 bytes,    6696768 total
[2023-11-29T14:14:34.060+0000][68][gc,age      ] GC(5) - age   2:    2127272 bytes,    8824040 total
[2023-11-29T14:14:34.060+0000][68][gc,age      ] GC(5) - age   3:    1590248 bytes,   10414288 total
[2023-11-29T14:14:34.060+0000][68][gc,age      ] GC(5) - age   4:    3973832 bytes,   14388120 total
[2023-11-29T14:14:34.060+0000][68][gc,age      ] GC(5) - age   5:    3146800 bytes,   17534920 total
[2023-11-29T14:14:34.060+0000][68][gc,heap     ] GC(5) Eden regions: 57->0(71)
[2023-11-29T14:14:34.060+0000][68][gc,heap     ] GC(5) Survivor regions: 3->5(8)
[2023-11-29T14:14:34.060+0000][68][gc,heap     ] GC(5) Old regions: 0->0
[2023-11-29T14:14:34.060+0000][68][gc,heap     ] GC(5) Archive regions: 2->2
[2023-11-29T14:14:34.060+0000][68][gc,heap     ] GC(5) Humongous regions: 0->0
[2023-11-29T14:14:34.060+0000][68][gc,metaspace] GC(5) Metaspace: 24537K(25152K)->24537K(25152K) NonClass: 21697K(22016K)->21697K(22016K) Class: 2839K(3136K)->2839K(3136K)
[2023-11-29T14:14:34.060+0000][68][gc          ] GC(5) Pause Young (Normal) (G1 Evacuation Pause) 242M->21M(512M) 7.900ms
[2023-11-29T14:14:34.060+0000][68][gc,cpu      ] GC(5) User=0.04s Sys=0.01s Real=0.01s
[2023-11-29T14:14:34.060+0000][68][safepoint   ] Safepoint "G1CollectForAllocation", Time since last: 213658452 ns, Reaching safepoint: 149251 ns, At safepoint: 7941511 ns, Total: 8090762 ns
[2023-11-29T14:14:34.334+0000][68][safepoint   ] Safepoint "ICBufferFull", Time since last: 274227012 ns, Reaching safepoint: 118299 ns, At safepoint: 2571 ns, Total: 120870 ns
[2023-11-29T14:14:34.601+0000][68][gc,start    ] GC(6) Pause Young (Normal) (G1 Evacuation Pause)
[2023-11-29T14:14:34.601+0000][68][gc,task     ] GC(6) Using 8 workers of 8 for evacuation
[2023-11-29T14:14:34.601+0000][68][gc,age      ] GC(6) Desired survivor size 20971520 bytes, new threshold 15 (max threshold 15)
[2023-11-29T14:14:34.609+0000][68][gc,phases   ] GC(6)   Pre Evacuate Collection Set: 0.1ms
[2023-11-29T14:14:34.609+0000][68][gc,phases   ] GC(6)   Merge Heap Roots: 0.0ms
[2023-11-29T14:14:34.609+0000][68][gc,phases   ] GC(6)   Evacuate Collection Set: 6.8ms
[2023-11-29T14:14:34.609+0000][68][gc,phases   ] GC(6)   Post Evacuate Collection Set: 0.9ms
[2023-11-29T14:14:34.609+0000][68][gc,phases   ] GC(6)   Other: 0.1ms
[2023-11-29T14:14:34.609+0000][68][gc,age      ] GC(6) Age table with threshold 15 (max threshold 15)
[2023-11-29T14:14:34.609+0000][68][gc,age      ] GC(6) - age   1:    4956032 bytes,    4956032 total
[2023-11-29T14:14:34.609+0000][68][gc,age      ] GC(6) - age   2:    6487808 bytes,   11443840 total
[2023-11-29T14:14:34.609+0000][68][gc,age      ] GC(6) - age   3:    2124000 bytes,   13567840 total
[2023-11-29T14:14:34.609+0000][68][gc,age      ] GC(6) - age   4:    1568288 bytes,   15136128 total
[2023-11-29T14:14:34.609+0000][68][gc,age      ] GC(6) - age   5:    3964816 bytes,   19100944 total
[2023-11-29T14:14:34.609+0000][68][gc,age      ] GC(6) - age   6:    3145800 bytes,   22246744 total
[2023-11-29T14:14:34.609+0000][68][gc,heap     ] GC(6) Eden regions: 71->0(70)
[2023-11-29T14:14:34.609+0000][68][gc,heap     ] GC(6) Survivor regions: 5->6(10)
[2023-11-29T14:14:34.609+0000][68][gc,heap     ] GC(6) Old regions: 0->0
[2023-11-29T14:14:34.609+0000][68][gc,heap     ] GC(6) Archive regions: 2->2
[2023-11-29T14:14:34.609+0000][68][gc,heap     ] GC(6) Humongous regions: 0->0
[2023-11-29T14:14:34.609+0000][68][gc,metaspace] GC(6) Metaspace: 31007K(31680K)->31007K(31680K) NonClass: 27441K(27840K)->27441K(27840K) Class: 3565K(3840K)->3565K(3840K)
[2023-11-29T14:14:34.609+0000][68][gc          ] GC(6) Pause Young (Normal) (G1 Evacuation Pause) 305M->26M(512M) 8.048ms
[2023-11-29T14:14:34.609+0000][68][gc,cpu      ] GC(6) User=0.04s Sys=0.01s Real=0.01s
[2023-11-29T14:14:34.609+0000][68][safepoint   ] Safepoint "G1CollectForAllocation", Time since last: 266984661 ns, Reaching safepoint: 151311 ns, At safepoint: 8080320 ns, Total: 8231631 ns
[2023-11-29T14:14:35.064+0000][68][gc,start    ] GC(7) Pause Young (Normal) (G1 Evacuation Pause)
[2023-11-29T14:14:35.065+0000][68][gc,task     ] GC(7) Using 8 workers of 8 for evacuation
[2023-11-29T14:14:35.065+0000][68][gc,age      ] GC(7) Desired survivor size 20971520 bytes, new threshold 6 (max threshold 15)
[2023-11-29T14:14:35.073+0000][68][gc,phases   ] GC(7)   Pre Evacuate Collection Set: 0.1ms
[2023-11-29T14:14:35.073+0000][68][gc,phases   ] GC(7)   Merge Heap Roots: 0.0ms
[2023-11-29T14:14:35.073+0000][68][gc,phases   ] GC(7)   Evacuate Collection Set: 7.1ms
[2023-11-29T14:14:35.073+0000][68][gc,phases   ] GC(7)   Post Evacuate Collection Set: 0.7ms
[2023-11-29T14:14:35.073+0000][68][gc,phases   ] GC(7)   Other: 0.1ms
[2023-11-29T14:14:35.073+0000][68][gc,age      ] GC(7) Age table with threshold 6 (max threshold 15)
[2023-11-29T14:14:35.073+0000][68][gc,age      ] GC(7) - age   1:    4016664 bytes,    4016664 total
[2023-11-29T14:14:35.073+0000][68][gc,age      ] GC(7) - age   2:    3681552 bytes,    7698216 total
[2023-11-29T14:14:35.073+0000][68][gc,age      ] GC(7) - age   3:    6485352 bytes,   14183568 total
[2023-11-29T14:14:35.073+0000][68][gc,age      ] GC(7) - age   4:    2123232 bytes,   16306800 total
[2023-11-29T14:14:35.073+0000][68][gc,age      ] GC(7) - age   5:    1568008 bytes,   17874808 total
[2023-11-29T14:14:35.073+0000][68][gc,age      ] GC(7) - age   6:    3960176 bytes,   21834984 total
[2023-11-29T14:14:35.073+0000][68][gc,heap     ] GC(7) Eden regions: 70->0(70)
[2023-11-29T14:14:35.073+0000][68][gc,heap     ] GC(7) Survivor regions: 6->6(10)
[2023-11-29T14:14:35.073+0000][68][gc,heap     ] GC(7) Old regions: 0->1
[2023-11-29T14:14:35.073+0000][68][gc,heap     ] GC(7) Archive regions: 2->2
[2023-11-29T14:14:35.073+0000][68][gc,heap     ] GC(7) Humongous regions: 0->0
[2023-11-29T14:14:35.073+0000][68][gc,metaspace] GC(7) Metaspace: 33432K(34240K)->33432K(34240K) NonClass: 29536K(30016K)->29536K(30016K) Class: 3896K(4224K)->3896K(4224K)
[2023-11-29T14:14:35.073+0000][68][gc          ] GC(7) Pause Young (Normal) (G1 Evacuation Pause) 306M->29M(512M) 8.245ms
[2023-11-29T14:14:35.073+0000][68][gc,cpu      ] GC(7) User=0.05s Sys=0.00s Real=0.00s
[2023-11-29T14:14:35.073+0000][68][safepoint   ] Safepoint "G1CollectForAllocation", Time since last: 455032638 ns, Reaching safepoint: 196518 ns, At safepoint: 8281404 ns, Total: 8477922 ns
[2023-11-29T14:14:35.388+0000][68][gc,start    ] GC(8) Pause Young (Concurrent Start) (Metadata GC Threshold)
[2023-11-29T14:14:35.388+0000][68][gc,task     ] GC(8) Using 8 workers of 8 for evacuation
[2023-11-29T14:14:35.388+0000][68][gc,age      ] GC(8) Desired survivor size 20971520 bytes, new threshold 6 (max threshold 15)
[2023-11-29T14:14:35.397+0000][68][gc,phases   ] GC(8)   Pre Evacuate Collection Set: 0.1ms
[2023-11-29T14:14:35.397+0000][68][gc,phases   ] GC(8)   Merge Heap Roots: 0.0ms
[2023-11-29T14:14:35.397+0000][68][gc,phases   ] GC(8)   Evacuate Collection Set: 8.3ms
[2023-11-29T14:14:35.397+0000][68][gc,phases   ] GC(8)   Post Evacuate Collection Set: 0.5ms
[2023-11-29T14:14:35.397+0000][68][gc,phases   ] GC(8)   Other: 0.1ms
[2023-11-29T14:14:35.397+0000][68][gc,age      ] GC(8) Age table with threshold 6 (max threshold 15)
[2023-11-29T14:14:35.397+0000][68][gc,age      ] GC(8) - age   1:    4156344 bytes,    4156344 total
[2023-11-29T14:14:35.397+0000][68][gc,age      ] GC(8) - age   2:    3782640 bytes,    7938984 total
[2023-11-29T14:14:35.397+0000][68][gc,age      ] GC(8) - age   3:    3660472 bytes,   11599456 total
[2023-11-29T14:14:35.397+0000][68][gc,age      ] GC(8) - age   4:    6471368 bytes,   18070824 total
[2023-11-29T14:14:35.397+0000][68][gc,age      ] GC(8) - age   5:    2121072 bytes,   20191896 total
[2023-11-29T14:14:35.397+0000][68][gc,age      ] GC(8) - age   6:    1468672 bytes,   21660568 total
[2023-11-29T14:14:35.397+0000][68][gc,heap     ] GC(8) Eden regions: 51->0(70)
[2023-11-29T14:14:35.397+0000][68][gc,heap     ] GC(8) Survivor regions: 6->6(10)
[2023-11-29T14:14:35.397+0000][68][gc,heap     ] GC(8) Old regions: 1->2
[2023-11-29T14:14:35.397+0000][68][gc,heap     ] GC(8) Archive regions: 2->2
[2023-11-29T14:14:35.397+0000][68][gc,heap     ] GC(8) Humongous regions: 0->0
[2023-11-29T14:14:35.397+0000][68][gc,metaspace] GC(8) Metaspace: 35232K(36160K)->35232K(36160K) NonClass: 31097K(31616K)->31097K(31616K) Class: 4135K(4544K)->4135K(4544K)
[2023-11-29T14:14:35.397+0000][68][gc          ] GC(8) Pause Young (Concurrent Start) (Metadata GC Threshold) 229M->33M(512M) 9.241ms
[2023-11-29T14:14:35.397+0000][68][gc,cpu      ] GC(8) User=0.05s Sys=0.00s Real=0.01s
[2023-11-29T14:14:35.397+0000][68][gc          ] GC(9) Concurrent Mark Cycle
[2023-11-29T14:14:35.398+0000][68][gc,marking  ] GC(9) Concurrent Clear Claimed Marks
[2023-11-29T14:14:35.398+0000][68][gc,marking  ] GC(9) Concurrent Clear Claimed Marks 0.047ms
[2023-11-29T14:14:35.398+0000][68][gc,marking  ] GC(9) Concurrent Scan Root Regions
[2023-11-29T14:14:35.398+0000][68][safepoint   ] Safepoint "CollectForMetadataAllocation", Time since last: 315324867 ns, Reaching safepoint: 101874 ns, At safepoint: 9357229 ns, Total: 9459103 ns
[2023-11-29T14:14:35.405+0000][68][gc,marking  ] GC(9) Concurrent Scan Root Regions 7.852ms
[2023-11-29T14:14:35.405+0000][68][gc,marking  ] GC(9) Concurrent Mark
[2023-11-29T14:14:35.405+0000][68][gc,marking  ] GC(9) Concurrent Mark From Roots
[2023-11-29T14:14:35.405+0000][68][gc,task     ] GC(9) Using 2 workers of 2 for marking
[2023-11-29T14:14:35.408+0000][68][gc,marking  ] GC(9) Concurrent Mark From Roots 2.631ms
[2023-11-29T14:14:35.408+0000][68][gc,marking  ] GC(9) Concurrent Preclean
[2023-11-29T14:14:35.408+0000][68][gc,marking  ] GC(9) Concurrent Preclean 0.021ms
[2023-11-29T14:14:35.408+0000][68][gc,start    ] GC(9) Pause Remark
[2023-11-29T14:14:35.410+0000][68][gc          ] GC(9) Pause Remark 35M->35M(512M) 2.151ms
[2023-11-29T14:14:35.410+0000][68][gc,cpu      ] GC(9) User=0.01s Sys=0.00s Real=0.00s
[2023-11-29T14:14:35.410+0000][68][safepoint   ] Safepoint "G1Concurrent", Time since last: 10636314 ns, Reaching safepoint: 27911 ns, At safepoint: 2218751 ns, Total: 2246662 ns
[2023-11-29T14:14:35.410+0000][68][gc,marking  ] GC(9) Concurrent Mark 5.025ms
[2023-11-29T14:14:35.410+0000][68][gc,marking  ] GC(9) Concurrent Rebuild Remembered Sets
[2023-11-29T14:14:35.413+0000][68][gc,marking  ] GC(9) Concurrent Rebuild Remembered Sets 2.980ms
[2023-11-29T14:14:35.414+0000][68][gc,start    ] GC(9) Pause Cleanup
[2023-11-29T14:14:35.414+0000][68][gc          ] GC(9) Pause Cleanup 35M->35M(512M) 0.065ms
[2023-11-29T14:14:35.414+0000][68][gc,cpu      ] GC(9) User=0.00s Sys=0.00s Real=0.00s
[2023-11-29T14:14:35.414+0000][68][safepoint   ] Safepoint "G1Concurrent", Time since last: 3088231 ns, Reaching safepoint: 91281 ns, At safepoint: 121260 ns, Total: 212541 ns
[2023-11-29T14:14:35.414+0000][68][gc,marking  ] GC(9) Concurrent Cleanup for Next Mark
[2023-11-29T14:14:35.414+0000][68][gc,marking  ] GC(9) Concurrent Cleanup for Next Mark 0.305ms
[2023-11-29T14:14:35.414+0000][68][gc          ] GC(9) Concurrent Mark Cycle 16.626ms
[2023-11-29T14:14:36.042+0000][68][safepoint   ] Safepoint "ICBufferFull", Time since last: 627753485 ns, Reaching safepoint: 168629 ns, At safepoint: 3770 ns, Total: 172399 ns
[2023-11-29T14:14:36.296+0000][68][safepoint   ] Safepoint "ICBufferFull", Time since last: 254396896 ns, Reaching safepoint: 103166 ns, At safepoint: 3478 ns, Total: 106644 ns
[2023-11-29T14:14:37.296+0000][68][safepoint   ] Safepoint "Cleanup", Time since last: 1000143149 ns, Reaching safepoint: 142354 ns, At safepoint: 3700 ns, Total: 146054 ns
[2023-11-29T14:14:37.340+0000][68][gc,start    ] GC(10) Pause Young (Normal) (G1 Evacuation Pause)
[2023-11-29T14:14:37.340+0000][68][gc,task     ] GC(10) Using 8 workers of 8 for evacuation
[2023-11-29T14:14:37.340+0000][68][gc,age      ] GC(10) Desired survivor size 20971520 bytes, new threshold 6 (max threshold 15)
[2023-11-29T14:14:37.356+0000][68][gc,phases   ] GC(10)   Pre Evacuate Collection Set: 0.1ms
[2023-11-29T14:14:37.356+0000][68][gc,phases   ] GC(10)   Merge Heap Roots: 0.1ms
[2023-11-29T14:14:37.356+0000][68][gc,phases   ] GC(10)   Evacuate Collection Set: 14.9ms
[2023-11-29T14:14:37.356+0000][68][gc,phases   ] GC(10)   Post Evacuate Collection Set: 1.0ms
[2023-11-29T14:14:37.356+0000][68][gc,phases   ] GC(10)   Other: 0.1ms
[2023-11-29T14:14:37.356+0000][68][gc,age      ] GC(10) Age table with threshold 6 (max threshold 15)
[2023-11-29T14:14:37.356+0000][68][gc,age      ] GC(10) - age   1:   19813968 bytes,   19813968 total
[2023-11-29T14:14:37.356+0000][68][gc,age      ] GC(10) - age   2:    4084888 bytes,   23898856 total
[2023-11-29T14:14:37.356+0000][68][gc,age      ] GC(10) - age   3:    3763392 bytes,   27662248 total
[2023-11-29T14:14:37.356+0000][68][gc,age      ] GC(10) - age   4:    3650552 bytes,   31312800 total
[2023-11-29T14:14:37.356+0000][68][gc,age      ] GC(10) - age   5:    6450136 bytes,   37762936 total
[2023-11-29T14:14:37.356+0000][68][gc,age      ] GC(10) - age   6:    2114720 bytes,   39877656 total
[2023-11-29T14:14:37.356+0000][68][gc,heap     ] GC(10) Eden regions: 70->0(66)
[2023-11-29T14:14:37.356+0000][68][gc,heap     ] GC(10) Survivor regions: 6->10(10)
[2023-11-29T14:14:37.356+0000][68][gc,heap     ] GC(10) Old regions: 2->3
[2023-11-29T14:14:37.356+0000][68][gc,heap     ] GC(10) Archive regions: 2->2
[2023-11-29T14:14:37.356+0000][68][gc,heap     ] GC(10) Humongous regions: 0->0
[2023-11-29T14:14:37.356+0000][68][gc,metaspace] GC(10) Metaspace: 43873K(45120K)->43873K(45120K) NonClass: 38580K(39296K)->38580K(39296K) Class: 5292K(5824K)->5292K(5824K)
[2023-11-29T14:14:37.356+0000][68][gc          ] GC(10) Pause Young (Normal) (G1 Evacuation Pause) 313M->52M(512M) 16.327ms
[2023-11-29T14:14:37.356+0000][68][gc,cpu      ] GC(10) User=0.11s Sys=0.00s Real=0.02s
[2023-11-29T14:14:37.356+0000][68][safepoint   ] Safepoint "G1CollectForAllocation", Time since last: 43537116 ns, Reaching safepoint: 92609 ns, At safepoint: 16383660 ns, Total: 16476269 ns
[2023-11-29T14:14:37.784+0000][68][safepoint   ] Safepoint "ICBufferFull", Time since last: 426948840 ns, Reaching safepoint: 130249 ns, At safepoint: 3031 ns, Total: 133280 ns
[2023-11-29T14:14:38.183+0000][68][gc,start    ] GC(11) Pause Young (Concurrent Start) (Metadata GC Threshold)
[2023-11-29T14:14:38.184+0000][68][gc,task     ] GC(11) Using 8 workers of 8 for evacuation
[2023-11-29T14:14:38.184+0000][68][gc,age      ] GC(11) Desired survivor size 20971520 bytes, new threshold 2 (max threshold 15)
[2023-11-29T14:14:38.198+0000][68][gc,phases   ] GC(11)   Pre Evacuate Collection Set: 0.1ms
[2023-11-29T14:14:38.198+0000][68][gc,phases   ] GC(11)   Merge Heap Roots: 0.0ms
[2023-11-29T14:14:38.198+0000][68][gc,phases   ] GC(11)   Evacuate Collection Set: 13.8ms
[2023-11-29T14:14:38.198+0000][68][gc,phases   ] GC(11)   Post Evacuate Collection Set: 0.8ms
[2023-11-29T14:14:38.198+0000][68][gc,phases   ] GC(11)   Other: 0.1ms
[2023-11-29T14:14:38.198+0000][68][gc,age      ] GC(11) Age table with threshold 2 (max threshold 15)
[2023-11-29T14:14:38.198+0000][68][gc,age      ] GC(11) - age   1:    5595000 bytes,    5595000 total
[2023-11-29T14:14:38.198+0000][68][gc,age      ] GC(11) - age   2:   19631160 bytes,   25226160 total
[2023-11-29T14:14:38.198+0000][68][gc,heap     ] GC(11) Eden regions: 39->0(69)
[2023-11-29T14:14:38.198+0000][68][gc,heap     ] GC(11) Survivor regions: 10->7(10)
[2023-11-29T14:14:38.198+0000][68][gc,heap     ] GC(11) Old regions: 3->7
[2023-11-29T14:14:38.198+0000][68][gc,heap     ] GC(11) Archive regions: 2->2
[2023-11-29T14:14:38.198+0000][68][gc,heap     ] GC(11) Humongous regions: 0->0
[2023-11-29T14:14:38.198+0000][68][gc,metaspace] GC(11) Metaspace: 59096K(60608K)->59096K(60608K) NonClass: 51604K(52480K)->51604K(52480K) Class: 7492K(8128K)->7492K(8128K)
[2023-11-29T14:14:38.198+0000][68][gc          ] GC(11) Pause Young (Concurrent Start) (Metadata GC Threshold) 208M->58M(512M) 15.002ms
[2023-11-29T14:14:38.199+0000][68][gc          ] GC(12) Concurrent Mark Cycle
[2023-11-29T14:14:38.199+0000][68][gc,cpu      ] GC(11) User=0.10s Sys=0.00s Real=0.02s
[2023-11-29T14:14:38.199+0000][68][gc,marking  ] GC(12) Concurrent Clear Claimed Marks
[2023-11-29T14:14:38.199+0000][68][safepoint   ] Safepoint "CollectForMetadataAllocation", Time since last: 399830165 ns, Reaching safepoint: 93147 ns, At safepoint: 15109195 ns, Total: 15202342 ns
[2023-11-29T14:14:38.199+0000][68][gc,marking  ] GC(12) Concurrent Clear Claimed Marks 0.074ms
[2023-11-29T14:14:38.199+0000][68][gc,marking  ] GC(12) Concurrent Scan Root Regions
[2023-11-29T14:14:38.211+0000][68][gc,marking  ] GC(12) Concurrent Scan Root Regions 12.507ms
[2023-11-29T14:14:38.211+0000][68][gc,marking  ] GC(12) Concurrent Mark
[2023-11-29T14:14:38.211+0000][68][gc,marking  ] GC(12) Concurrent Mark From Roots
[2023-11-29T14:14:38.211+0000][68][gc,task     ] GC(12) Using 2 workers of 2 for marking
[2023-11-29T14:14:38.217+0000][68][gc,marking  ] GC(12) Concurrent Mark From Roots 6.131ms
[2023-11-29T14:14:38.217+0000][68][gc,marking  ] GC(12) Concurrent Preclean
[2023-11-29T14:14:38.217+0000][68][gc,marking  ] GC(12) Concurrent Preclean 0.076ms
[2023-11-29T14:14:38.218+0000][68][gc,start    ] GC(12) Pause Remark
[2023-11-29T14:14:38.222+0000][68][gc          ] GC(12) Pause Remark 60M->60M(512M) 4.809ms
[2023-11-29T14:14:38.222+0000][68][gc,cpu      ] GC(12) User=0.03s Sys=0.00s Real=0.00s
[2023-11-29T14:14:38.222+0000][68][safepoint   ] Safepoint "G1Concurrent", Time since last: 18834573 ns, Reaching safepoint: 111399 ns, At safepoint: 4863975 ns, Total: 4975374 ns
[2023-11-29T14:14:38.222+0000][68][gc,marking  ] GC(12) Concurrent Mark 11.292ms
[2023-11-29T14:14:38.222+0000][68][gc,marking  ] GC(12) Concurrent Rebuild Remembered Sets
[2023-11-29T14:14:38.222+0000][68][gc,marking  ] GC(12) Concurrent Rebuild Remembered Sets 0.008ms
[2023-11-29T14:14:38.225+0000][68][safepoint   ] Safepoint "CollectForMetadataAllocation", Time since last: 66693 ns, Reaching safepoint: 2105870 ns, At safepoint: 6915 ns, Total: 2112785 ns
[2023-11-29T14:14:38.227+0000][68][gc,start    ] GC(12) Pause Cleanup
[2023-11-29T14:14:38.227+0000][68][gc          ] GC(12) Pause Cleanup 62M->62M(512M) 0.041ms
[2023-11-29T14:14:38.227+0000][68][gc,cpu      ] GC(12) User=0.00s Sys=0.00s Real=0.00s
[2023-11-29T14:14:38.227+0000][68][safepoint   ] Safepoint "G1Concurrent", Time since last: 74573 ns, Reaching safepoint: 2068004 ns, At safepoint: 60642 ns, Total: 2128646 ns
[2023-11-29T14:14:38.227+0000][68][gc,marking  ] GC(12) Concurrent Cleanup for Next Mark
[2023-11-29T14:14:38.227+0000][68][gc,marking  ] GC(12) Concurrent Cleanup for Next Mark 0.491ms
[2023-11-29T14:14:38.227+0000][68][gc          ] GC(12) Concurrent Mark Cycle 28.828ms
[2023-11-29T14:14:39.604+0000][68][safepoint   ] Safepoint "Cleanup", Time since last: 1377348959 ns, Reaching safepoint: 218649 ns, At safepoint: 3640 ns, Total: 222289 ns
[2023-11-29T14:14:40.145+0000][68][gc,start    ] GC(13) Pause Young (Normal) (G1 Evacuation Pause)
[2023-11-29T14:14:40.145+0000][68][gc,task     ] GC(13) Using 8 workers of 8 for evacuation
[2023-11-29T14:14:40.145+0000][68][gc,age      ] GC(13) Desired survivor size 20971520 bytes, new threshold 2 (max threshold 15)
[2023-11-29T14:14:40.185+0000][68][gc,phases   ] GC(13)   Pre Evacuate Collection Set: 0.1ms
[2023-11-29T14:14:40.185+0000][68][gc,phases   ] GC(13)   Merge Heap Roots: 0.1ms
[2023-11-29T14:14:40.185+0000][68][gc,phases   ] GC(13)   Evacuate Collection Set: 30.9ms
[2023-11-29T14:14:40.185+0000][68][gc,phases   ] GC(13)   Post Evacuate Collection Set: 8.8ms
[2023-11-29T14:14:40.185+0000][68][gc,phases   ] GC(13)   Other: 0.1ms
[2023-11-29T14:14:40.185+0000][68][gc,age      ] GC(13) Age table with threshold 2 (max threshold 15)
[2023-11-29T14:14:40.185+0000][68][gc,age      ] GC(13) - age   1:    3563208 bytes,    3563208 total
[2023-11-29T14:14:40.185+0000][68][gc,age      ] GC(13) - age   2:    5364904 bytes,    8928112 total
[2023-11-29T14:14:40.185+0000][68][gc,heap     ] GC(13) Eden regions: 69->0(73)
[2023-11-29T14:14:40.185+0000][68][gc,heap     ] GC(13) Survivor regions: 7->3(10)
[2023-11-29T14:14:40.185+0000][68][gc,heap     ] GC(13) Old regions: 7->12
[2023-11-29T14:14:40.185+0000][68][gc,heap     ] GC(13) Archive regions: 2->2
[2023-11-29T14:14:40.185+0000][68][gc,heap     ] GC(13) Humongous regions: 0->0
[2023-11-29T14:14:40.185+0000][68][gc,metaspace] GC(13) Metaspace: 68225K(69760K)->68225K(69760K) NonClass: 59451K(60288K)->59451K(60288K) Class: 8774K(9472K)->8774K(9472K)
[2023-11-29T14:14:40.185+0000][68][gc          ] GC(13) Pause Young (Normal) (G1 Evacuation Pause) 334M->63M(512M) 40.422ms
[2023-11-29T14:14:40.185+0000][68][gc,cpu      ] GC(13) User=0.10s Sys=0.00s Real=0.04s
[2023-11-29T14:14:40.185+0000][68][safepoint   ] Safepoint "G1CollectForAllocation", Time since last: 540186549 ns, Reaching safepoint: 107901 ns, At safepoint: 40487591 ns, Total: 40595492 ns
[2023-11-29T14:14:41.932+0000][68][safepoint   ] Safepoint "ICBufferFull", Time since last: 1744881751 ns, Reaching safepoint: 1806512 ns, At safepoint: 6325 ns, Total: 1812837 ns
[2023-11-29T14:14:42.932+0000][68][safepoint   ] Safepoint "Cleanup", Time since last: 1000223118 ns, Reaching safepoint: 425801 ns, At safepoint: 7211 ns, Total: 433012 ns
[2023-11-29T14:14:43.471+0000][68][gc,start    ] GC(14) Pause Young (Concurrent Start) (Metadata GC Threshold)
[2023-11-29T14:14:43.471+0000][68][gc,task     ] GC(14) Using 8 workers of 8 for evacuation
[2023-11-29T14:14:43.471+0000][68][gc,age      ] GC(14) Desired survivor size 20971520 bytes, new threshold 15 (max threshold 15)
[2023-11-29T14:14:43.490+0000][68][gc,phases   ] GC(14)   Pre Evacuate Collection Set: 0.2ms
[2023-11-29T14:14:43.490+0000][68][gc,phases   ] GC(14)   Merge Heap Roots: 0.1ms
[2023-11-29T14:14:43.490+0000][68][gc,phases   ] GC(14)   Evacuate Collection Set: 17.1ms
[2023-11-29T14:14:43.490+0000][68][gc,phases   ] GC(14)   Post Evacuate Collection Set: 1.3ms
[2023-11-29T14:14:43.490+0000][68][gc,phases   ] GC(14)   Other: 0.1ms
[2023-11-29T14:14:43.490+0000][68][gc,age      ] GC(14) Age table with threshold 15 (max threshold 15)
[2023-11-29T14:14:43.490+0000][68][gc,age      ] GC(14) - age   1:   15087704 bytes,   15087704 total
[2023-11-29T14:14:43.490+0000][68][gc,age      ] GC(14) - age   2:    3388104 bytes,   18475808 total
[2023-11-29T14:14:43.490+0000][68][gc,age      ] GC(14) - age   3:    5256096 bytes,   23731904 total
[2023-11-29T14:14:43.490+0000][68][gc,heap     ] GC(14) Eden regions: 69->0(69)
[2023-11-29T14:14:43.490+0000][68][gc,heap     ] GC(14) Survivor regions: 3->7(10)
[2023-11-29T14:14:43.490+0000][68][gc,heap     ] GC(14) Old regions: 12->12
[2023-11-29T14:14:43.490+0000][68][gc,heap     ] GC(14) Archive regions: 2->2
[2023-11-29T14:14:43.490+0000][68][gc,heap     ] GC(14) Humongous regions: 0->0
[2023-11-29T14:14:43.490+0000][68][gc,metaspace] GC(14) Metaspace: 98698K(101440K)->98698K(101440K) NonClass: 85475K(86848K)->85475K(86848K) Class: 13222K(14592K)->13222K(14592K)
[2023-11-29T14:14:43.490+0000][68][gc          ] GC(14) Pause Young (Concurrent Start) (Metadata GC Threshold) 337M->75M(512M) 19.017ms
[2023-11-29T14:14:43.490+0000][68][gc          ] GC(15) Concurrent Mark Cycle
[2023-11-29T14:14:43.490+0000][68][gc,marking  ] GC(15) Concurrent Clear Claimed Marks
[2023-11-29T14:14:43.490+0000][68][gc,cpu      ] GC(14) User=0.09s Sys=0.00s Real=0.02s
[2023-11-29T14:14:43.490+0000][68][safepoint   ] Safepoint "CollectForMetadataAllocation", Time since last: 538271570 ns, Reaching safepoint: 354005 ns, At safepoint: 19164275 ns, Total: 19518280 ns
[2023-11-29T14:14:43.490+0000][68][gc,marking  ] GC(15) Concurrent Clear Claimed Marks 0.189ms
[2023-11-29T14:14:43.490+0000][68][gc,marking  ] GC(15) Concurrent Scan Root Regions
[2023-11-29T14:14:43.502+0000][68][gc,marking  ] GC(15) Concurrent Scan Root Regions 11.660ms
[2023-11-29T14:14:43.502+0000][68][gc,marking  ] GC(15) Concurrent Mark
[2023-11-29T14:14:43.502+0000][68][gc,marking  ] GC(15) Concurrent Mark From Roots
[2023-11-29T14:14:43.502+0000][68][gc,task     ] GC(15) Using 2 workers of 2 for marking
[2023-11-29T14:14:43.511+0000][68][safepoint   ] Safepoint "CollectForMetadataAllocation", Time since last: 20332689 ns, Reaching safepoint: 36993 ns, At safepoint: 50266 ns, Total: 87259 ns
[2023-11-29T14:14:43.533+0000][68][safepoint   ] Safepoint "CollectForMetadataAllocation", Time since last: 22027363 ns, Reaching safepoint: 51264 ns, At safepoint: 51832 ns, Total: 103096 ns
[2023-11-29T14:14:43.545+0000][68][gc,marking  ] GC(15) Concurrent Mark From Roots 42.510ms
[2023-11-29T14:14:43.545+0000][68][gc,marking  ] GC(15) Concurrent Preclean
[2023-11-29T14:14:43.545+0000][68][gc,marking  ] GC(15) Concurrent Preclean 0.238ms
[2023-11-29T14:14:43.545+0000][68][gc,start    ] GC(15) Pause Remark
[2023-11-29T14:14:43.549+0000][68][gc          ] GC(15) Pause Remark 83M->83M(512M) 3.569ms
[2023-11-29T14:14:43.549+0000][68][gc,cpu      ] GC(15) User=0.02s Sys=0.00s Real=0.00s
[2023-11-29T14:14:43.549+0000][68][safepoint   ] Safepoint "G1Concurrent", Time since last: 12115006 ns, Reaching safepoint: 92603 ns, At safepoint: 3630787 ns, Total: 3723390 ns
[2023-11-29T14:14:43.549+0000][68][gc,marking  ] GC(15) Concurrent Mark 46.601ms
[2023-11-29T14:14:43.549+0000][68][gc,marking  ] GC(15) Concurrent Rebuild Remembered Sets
[2023-11-29T14:14:43.568+0000][68][gc,marking  ] GC(15) Concurrent Rebuild Remembered Sets 19.502ms
[2023-11-29T14:14:43.569+0000][68][gc,start    ] GC(15) Pause Cleanup
[2023-11-29T14:14:43.569+0000][68][gc          ] GC(15) Pause Cleanup 85M->85M(512M) 0.057ms
[2023-11-29T14:14:43.569+0000][68][gc,cpu      ] GC(15) User=0.00s Sys=0.00s Real=0.00s
[2023-11-29T14:14:43.569+0000][68][safepoint   ] Safepoint "G1Concurrent", Time since last: 19613305 ns, Reaching safepoint: 354385 ns, At safepoint: 91606 ns, Total: 445991 ns
[2023-11-29T14:14:43.569+0000][68][gc,marking  ] GC(15) Concurrent Cleanup for Next Mark
[2023-11-29T14:14:43.569+0000][68][gc,marking  ] GC(15) Concurrent Cleanup for Next Mark 0.355ms
[2023-11-29T14:14:43.569+0000][68][gc          ] GC(15) Concurrent Mark Cycle 78.992ms
[2023-11-29T14:14:44.121+0000][68][safepoint   ] Safepoint "ICBufferFull", Time since last: 551697381 ns, Reaching safepoint: 120562 ns, At safepoint: 3645 ns, Total: 124207 ns
[2023-11-29T14:14:44.840+0000][68][safepoint   ] Safepoint "ICBufferFull", Time since last: 719791226 ns, Reaching safepoint: 143493 ns, At safepoint: 4395 ns, Total: 147888 ns
[2023-11-29T14:14:45.421+0000][68][safepoint   ] Safepoint "ICBufferFull", Time since last: 580439997 ns, Reaching safepoint: 197000 ns, At safepoint: 5813 ns, Total: 202813 ns
[2023-11-29T14:14:45.726+0000][68][safepoint   ] Safepoint "G1CollectForAllocation", Time since last: 304745510 ns, Reaching safepoint: 150917 ns, At safepoint: 10416 ns, Total: 161333 ns
[2023-11-29T14:14:45.726+0000][68][gc,start    ] GC(16) Pause Young (Normal) (GCLocker Initiated GC)
[2023-11-29T14:14:45.726+0000][68][gc,task     ] GC(16) Using 8 workers of 8 for evacuation
[2023-11-29T14:14:45.726+0000][68][gc,age      ] GC(16) Desired survivor size 20971520 bytes, new threshold 3 (max threshold 15)
[2023-11-29T14:14:45.750+0000][68][gc,phases   ] GC(16)   Pre Evacuate Collection Set: 0.1ms
[2023-11-29T14:14:45.750+0000][68][gc,phases   ] GC(16)   Merge Heap Roots: 0.1ms
[2023-11-29T14:14:45.750+0000][68][gc,phases   ] GC(16)   Evacuate Collection Set: 21.1ms
[2023-11-29T14:14:45.750+0000][68][gc,phases   ] GC(16)   Post Evacuate Collection Set: 2.3ms
[2023-11-29T14:14:45.750+0000][68][gc,phases   ] GC(16)   Other: 0.1ms
[2023-11-29T14:14:45.750+0000][68][gc,age      ] GC(16) Age table with threshold 3 (max threshold 15)
[2023-11-29T14:14:45.750+0000][68][gc,age      ] GC(16) - age   1:   12128472 bytes,   12128472 total
[2023-11-29T14:14:45.750+0000][68][gc,age      ] GC(16) - age   2:   14220696 bytes,   26349168 total
[2023-11-29T14:14:45.750+0000][68][gc,age      ] GC(16) - age   3:    3336744 bytes,   29685912 total
[2023-11-29T14:14:45.750+0000][68][gc,heap     ] GC(16) Eden regions: 69->0(68)
[2023-11-29T14:14:45.750+0000][68][gc,heap     ] GC(16) Survivor regions: 7->8(10)
[2023-11-29T14:14:45.750+0000][68][gc,heap     ] GC(16) Old regions: 12->14
[2023-11-29T14:14:45.750+0000][68][gc,heap     ] GC(16) Archive regions: 2->2
[2023-11-29T14:14:45.750+0000][68][gc,heap     ] GC(16) Humongous regions: 0->0
[2023-11-29T14:14:45.750+0000][68][gc,metaspace] GC(16) Metaspace: 115609K(118656K)->115609K(118656K) NonClass: 99823K(101376K)->99823K(101376K) Class: 15785K(17280K)->15785K(17280K)
[2023-11-29T14:14:45.750+0000][68][gc          ] GC(16) Pause Young (Normal) (GCLocker Initiated GC) 351M->87M(512M) 23.904ms
[2023-11-29T14:14:45.750+0000][68][gc,cpu      ] GC(16) User=0.09s Sys=0.00s Real=0.02s
[2023-11-29T14:14:45.750+0000][68][safepoint   ] Safepoint "G1CollectForAllocation", Time since last: 270225 ns, Reaching safepoint: 52008 ns, At safepoint: 23960020 ns, Total: 24012028 ns
[2023-11-29T14:14:46.750+0000][68][safepoint   ] Safepoint "Cleanup", Time since last: 1000088979 ns, Reaching safepoint: 59258 ns, At safepoint: 3217 ns, Total: 62475 ns
[2023-11-29T14:14:47.751+0000][68][safepoint   ] Safepoint "Cleanup", Time since last: 1000119230 ns, Reaching safepoint: 46924 ns, At safepoint: 2163 ns, Total: 49087 ns
[2023-11-29T14:14:49.751+0000][68][safepoint   ] Safepoint "Cleanup", Time since last: 2000174977 ns, Reaching safepoint: 82040 ns, At safepoint: 3463 ns, Total: 85503 ns
[2023-11-29T14:14:50.751+0000][68][safepoint   ] Safepoint "Cleanup", Time since last: 1000116122 ns, Reaching safepoint: 51094 ns, At safepoint: 2658 ns, Total: 53752 ns
[2023-11-29T14:14:51.751+0000][68][safepoint   ] Safepoint "Cleanup", Time since last: 1000137939 ns, Reaching safepoint: 55092 ns, At safepoint: 2622 ns, Total: 57714 ns
[2023-11-29T14:14:56.752+0000][68][safepoint   ] Safepoint "Cleanup", Time since last: 5000611300 ns, Reaching safepoint: 85341 ns, At safepoint: 5030 ns, Total: 90371 ns
[2023-11-29T14:15:01.753+0000][68][safepoint   ] Safepoint "Cleanup", Time since last: 5000399680 ns, Reaching safepoint: 151157 ns, At safepoint: 8247 ns, Total: 159404 ns
[2023-11-29T14:15:03.190+0000][68][gc,heap,exit] Heap
[2023-11-29T14:15:03.190+0000][68][gc,heap,exit]  garbage-first heap   total 524288K, used 121507K [0x00000000e0000000, 0x0000000100000000)
[2023-11-29T14:15:03.190+0000][68][gc,heap,exit]   region size 4096K, 16 young (65536K), 8 survivors (32768K)
[2023-11-29T14:15:03.190+0000][68][gc,heap,exit]  Metaspace       used 116540K, committed 119680K, reserved 1179648K
[2023-11-29T14:15:03.190+0000][68][gc,heap,exit]   class space    used 15933K, committed 17472K, reserved 1048576K
